   Compiling phase3-eval v0.1.0 (/home/user/simple-ecommerce-search-engine/crates/phase3-eval)
    Finished `release` profile [optimized] target(s) in 21.42s
     Running `target/release/p3e05_structural_anchored_lexical_eval`
loading + ingesting real catalog...
1215854 real products ingested
building commerce_core structural index...
checking Solr (http://localhost:8983/solr/commerce_bench)...
  Solr reachable: numFound=1215854
loading real queries + judgments...
22458 distinct real judged queries with at least one relevant label loaded

compiling every real query...
querying Solr for every real query (whole-corpus pure-Solr baseline)...
  done in 75.5s (22458 queries)

whole-workload pure-Solr-only baseline NDCG@10: 0.2335

finding UnresolvedResidual-rejected queries WITH an existing structural constraint + lexical-narrowing eligibility...
  17268/22458 queries rejected for UnresolvedResidual (76.89% of corpus)
  4599/17268 of those also carry an existing structural constraint (the policy under test)
  3042/4599 blocked outright (out-of-vocabulary token or empty AND-combination, cap-independent)
  1557/4599 have a real combined candidate count (cap-independent, will be swept below)
  variant-correctness violations: 0 (must be 0 -- commerce_core always exactly re-verifies hard constraints)

native structurally-anchored lexically-narrowed execution latency (n=20 small-combined-candidate-set queries, 30 reps each, 600 individual samples):
  native_execute_lexically_narrowed_anchored: n=600 mean=0.0015ms sd=0.0013ms | p10=0.0007 p25=0.0009 p50=0.0013 p75=0.0018 p90=0.0024 p95=0.0026 p99=0.0029 | min=0.0005 max=0.0286ms
  [manifest] experiment=p3e05_structural_anchored_lexical_eval method=max_lexical_narrowed_candidates_sweep_structural_anchor_only commit=57f57c6b7431 dirty=false host=vm cpus=4 os=linux seed=7 warmup=0 reps=1
  [manifest] dataset=dataset_cache/export/catalog.jsonl (size=1520400382b_mtime=1787206455)  query_set=dataset_cache/export/queries.jsonl (size=41184952b_mtime=1787206462)
  [manifest] config={"blocked":3042,"eligible_queries":1557,"rejected_residual_count":17268,"rejected_residual_with_constraint_count":4599,"solr_base_url":"http://localhost:8983/solr/commerce_bench","sweep":[1,2,3,5,10,20,30,50,75,100,150,250,500,1000,2500,5000,10000,50000,200000],"total_queries":22458}

=== P3-E05 structurally-anchored lexical-narrowing coverage/relevance frontier (isolated marginal contribution) ===
       cap   admitted  cov%_anch  cov%_all native_ndcg solr_ndcg_sub ndcg_delta whole_wl_ndcg  wl_degrad  false_pos
         1        240      5.22%     1.07%     0.1337     0.2335    -0.0998       0.2324    +0.0011         18
         2        382      8.31%     1.70%     0.1783     0.2866    -0.1083       0.2317    +0.0018         26
         3        482     10.48%     2.15%     0.2034     0.3142    -0.1108       0.2311    +0.0024         31
         5        631     13.72%     2.81%     0.2356     0.3409    -0.1053       0.2305    +0.0030         36
        10        877     19.07%     3.91%     0.2989     0.3885    -0.0896       0.2300    +0.0035         42
        20       1110     24.14%     4.94%     0.3322     0.4182    -0.0860       0.2293    +0.0043         57
        30       1234     26.83%     5.49%     0.3240     0.4175    -0.0934       0.2284    +0.0051         91
        50       1348     29.31%     6.00%     0.3092     0.4054    -0.0962       0.2277    +0.0058        130
        75       1422     30.92%     6.33%     0.2956     0.3957    -0.1001       0.2272    +0.0063        175
       100       1455     31.64%     6.48%     0.2895     0.3902    -0.1007       0.2270    +0.0065        195
       150       1497     32.55%     6.67%     0.2819     0.3820    -0.1001       0.2268    +0.0067        212
       250       1526     33.18%     6.79%     0.2769     0.3768    -0.0999       0.2267    +0.0068        227
       500       1545     33.59%     6.88%     0.2735     0.3732    -0.0997       0.2267    +0.0069        237
      1000       1550     33.70%     6.90%     0.2726     0.3720    -0.0994       0.2266    +0.0069        238
      2500       1553     33.77%     6.92%     0.2721     0.3714    -0.0993       0.2266    +0.0069        239
      5000       1555     33.81%     6.92%     0.2718     0.3709    -0.0991       0.2266    +0.0069        239
     10000       1556     33.83%     6.93%     0.2716     0.3706    -0.0991       0.2266    +0.0069        239
     50000       1557     33.86%     6.93%     0.2714     0.3704    -0.0990       0.2266    +0.0069        239
    200000       1557     33.86%     6.93%     0.2714     0.3704    -0.0990       0.2266    +0.0069        239

=== relevance-budget calibration (Issue #14 RQ2, structurally-anchored policy) ===
  budget<=0.0%: no swept cap value stays within this budget
  budget<=0.5%: best cap=1, coverage=240/22458 (1.07% of whole corpus)
  budget<=1.0%: best cap=2, coverage=382/22458 (1.70% of whole corpus)
  budget<=2.0%: best cap=20, coverage=1110/22458 (4.94% of whole corpus)

artifacts written to dataset_cache/p3e05_artifacts
