==> removing any prior i77-solr scope/solr home
==> starting scope i77-solr
neither jattach nor jstack in /home/yangjeep/.cache/e3b-engines/jdk could be found, so no thread dumps are possible. Continuing.
==> waiting for Solr to become ready (timeout 3600s)
  solr is ready
==> creating fixture core i77_fixture
neither jattach nor jstack in /home/yangjeep/.cache/e3b-engines/jdk could be found, so no thread dumps are possible. Continuing.
==> defining Dataset A schema on i77_wands
  Dataset A schema defined
==> defining Dataset B (fixture) schema on i77_fixture
==> loading Dataset B fixture (4 docs)
  Dataset B fixture loaded
==> indexing /home/yangjeep/orca/workspaces/simple-ecommerce-search-engine/resource-experiments/dataset_cache/wands_scale/catalog_12x.jsonl into i77_wands (streamed, batched)
  indexed 5000 docs
  indexed 10000 docs
  indexed 15000 docs
  indexed 20000 docs
  indexed 25000 docs
  indexed 30000 docs
  indexed 35000 docs
  indexed 40000 docs
  indexed 45000 docs
  indexed 50000 docs
  indexed 55000 docs
  indexed 60000 docs
  indexed 65000 docs
  indexed 70000 docs
  indexed 75000 docs
  indexed 80000 docs
  indexed 85000 docs
  indexed 90000 docs
  indexed 95000 docs
  indexed 100000 docs
  indexed 105000 docs
  indexed 110000 docs
  indexed 115000 docs
  indexed 120000 docs
  indexed 125000 docs
  indexed 130000 docs
