loading + ingesting real WANDS catalog...
42994 real products ingested
building commerce_core structural index...
checking Solr (http://localhost:8983/solr/wands_bench)...
  Solr reachable: numFound=42994

computing real category-leaf and per-depth group-size distributions...
  1623 distinct real leaf categories, 458 distinct real depth-3 subtrees

selected real leaf-category groups (category render workload):
  CategoryId(1042) (Décor & Pillows / Wall Décor / Wall Accents / Pink Wall Accents): 2 products [tiny (2-10)]
  CategoryId(672) (Appliances / Washers & Dryers / Washing Machines / All Washing Machines / Top Load Washing Machines): 13 products [small (11-100)]
  CategoryId(194) (Storage & Organization / Storage Containers & Drawers / All Storage Containers): 121 products [medium (101-1,000)]
  CategoryId(37) (Furniture / Living Room Furniture / Chairs & Seating / Accent Chairs): 1103 products [large (1,001-10,000)]
selected real depth-3 subtree groups (hierarchy/subtree-browse workload):
  "Outdoor / Hot Tubs & Saunas / Sauna Accessories": 6 products [tiny (2-10)]
  "Kitchen & Tabletop / Kitchen Organization / Cabinet & Pantry Organization": 25 products [small (11-100)]
  "Baby & Kids / Nursery Bedding / Crib Bedding Sets": 132 products [medium (101-1,000)]
  "Furniture / Kitchen & Dining Furniture / Bar Furniture": 1063 products [large (1,001-10,000)]

running depth-1 crossover-characterization sweep (color facet under filter):

=== P6A-E00 result ===
request class                              group            key                          bucket                  n_count    s_count   match  n_mean_ms  s_mean_ms    speedup
category_render_filter_first_page          category_leaf    Décor & Pillows / Wall Décor tiny (2-10)                   2          2    true     0.0001     1.1893    8019.80
color_facet_under_category_filter          category_leaf    Décor & Pillows / Wall Décor tiny (2-10)                   2          2    true     0.0014     0.9869     681.54
product_class_facet_under_category_filter  category_leaf    Décor & Pillows / Wall Décor tiny (2-10)                   2          2    true     0.0002     0.9537    5519.94
style_facet_under_category_filter          category_leaf    Décor & Pillows / Wall Décor tiny (2-10)                   2          2    true     0.0016     0.9887     606.06
sort_title_under_category_filter           category_leaf    Décor & Pillows / Wall Décor tiny (2-10)                   2          2    true     0.0002     1.3002    5670.26
sort_rating_desc_under_category_filter     category_leaf    Décor & Pillows / Wall Décor tiny (2-10)                   2          2    true     0.0003     1.2584    4230.84
category_render_filter_first_page          category_leaf    Appliances / Washers & Dryer small (11-100)               13         13    true     0.0001     2.1745   19768.09
color_facet_under_category_filter          category_leaf    Appliances / Washers & Dryer small (11-100)               13         13    true     0.0064     0.9239     144.29
product_class_facet_under_category_filter  category_leaf    Appliances / Washers & Dryer small (11-100)               13         13    true     0.0004     0.9168    2071.80
style_facet_under_category_filter          category_leaf    Appliances / Washers & Dryer small (11-100)               13         13    true     0.0086     0.8813     102.02
sort_title_under_category_filter           category_leaf    Appliances / Washers & Dryer small (11-100)               13         13    true     0.0009     2.4331    2582.61
sort_rating_desc_under_category_filter     category_leaf    Appliances / Washers & Dryer small (11-100)               13         13    true     0.0011     2.2300    1991.82
category_render_filter_first_page          category_leaf    Storage & Organization / Sto medium (101-1,000)          121        121    true     0.0001     3.1123   26768.54
color_facet_under_category_filter          category_leaf    Storage & Organization / Sto medium (101-1,000)          121        121    true     0.1009     1.3372      13.25
product_class_facet_under_category_filter  category_leaf    Storage & Organization / Sto medium (101-1,000)          121        121    true     0.0043     0.9960     232.43
style_facet_under_category_filter          category_leaf    Storage & Organization / Sto medium (101-1,000)          121        121    true     0.1084     1.0120       9.33
sort_title_under_category_filter           category_leaf    Storage & Organization / Sto medium (101-1,000)           24         24    true     0.0151     3.3626     223.43
sort_rating_desc_under_category_filter     category_leaf    Storage & Organization / Sto medium (101-1,000)           24         24    true     0.0299     2.9732      99.40
deep_pagination_under_category_filter      category_leaf    Storage & Organization / Sto medium (101-1,000)           24         24    true     0.0001     3.0402   26329.86
category_render_filter_first_page          category_leaf    Furniture / Living Room Furn large (1,001-10,000)       1103       1103    true     0.0002     2.9938   18864.80
color_facet_under_category_filter          category_leaf    Furniture / Living Room Furn large (1,001-10,000)       1103       1103    true     0.7768     1.0806       1.39
product_class_facet_under_category_filter  category_leaf    Furniture / Living Room Furn large (1,001-10,000)       1103       1103    true     0.0437     1.1456      26.21
style_facet_under_category_filter          category_leaf    Furniture / Living Room Furn large (1,001-10,000)       1103       1103    true     0.8076     1.4043       1.74
sort_title_under_category_filter           category_leaf    Furniture / Living Room Furn large (1,001-10,000)         24         24    true     0.1473     2.4406      16.56
sort_rating_desc_under_category_filter     category_leaf    Furniture / Living Room Furn large (1,001-10,000)         24         24    true     0.3862     3.4572       8.95
deep_pagination_under_category_filter      category_leaf    Furniture / Living Room Furn large (1,001-10,000)         24         24    true     0.0002     3.2593   19202.60
subtree_browse_depth3_filter_first_page    category_depth_3 Outdoor / Hot Tubs & Saunas  tiny (2-10)                   6          6    true     0.0002     1.6863   10280.34
mixed_color_facet_under_subtree_depth3     category_depth_3 Outdoor / Hot Tubs & Saunas  tiny (2-10)                   6          6    true     0.0044     1.0668     243.44
subtree_browse_depth3_filter_first_page    category_depth_3 Kitchen & Tabletop / Kitchen small (11-100)               25         25    true     0.0002     3.8103   21699.00
mixed_color_facet_under_subtree_depth3     category_depth_3 Kitchen & Tabletop / Kitchen small (11-100)               25         25    true     0.0150     1.0424      69.45
subtree_browse_depth3_filter_first_page    category_depth_3 Baby & Kids / Nursery Beddin medium (101-1,000)          132        132    true     0.0002     3.2402   17442.45
mixed_color_facet_under_subtree_depth3     category_depth_3 Baby & Kids / Nursery Beddin medium (101-1,000)          132        132    true     0.1000     1.4231      14.22
subtree_browse_depth3_filter_first_page    category_depth_3 Furniture / Kitchen & Dining large (1,001-10,000)       1063       1063    true     0.0003     3.1355    9583.74
mixed_color_facet_under_subtree_depth3     category_depth_3 Furniture / Kitchen & Dining large (1,001-10,000)       1063       1063    true     0.9075     1.4813       1.63
color_facet_under_depth1_crossover_sweep   category_depth_1 Rugs                         large (1,001-10,000)       2002       2002    true     1.5454     1.5479       1.00
color_facet_under_depth1_crossover_sweep   category_depth_1 Storage & Organization       large (1,001-10,000)       2175       2175    true     2.9650     1.5071       0.51
color_facet_under_depth1_crossover_sweep   category_depth_1 Lighting                     large (1,001-10,000)       2072       2072    true     1.5302     1.5405       1.01
color_facet_under_depth1_crossover_sweep   category_depth_1 Outdoor                      large (1,001-10,000)       3394       3394    true     3.4643     1.6595       0.48
color_facet_under_depth1_crossover_sweep   category_depth_1 Décor & Pillows              large (1,001-10,000)       4612       4612    true     6.1194     1.6464       0.27
color_facet_under_depth1_crossover_sweep   category_depth_1 Home Improvement             large (1,001-10,000)       4686       4686    true     6.8199     1.5535       0.23
color_facet_under_depth1_crossover_sweep   category_depth_1 Furniture                    huge (>10,000)            16039      16039    true    23.8054     1.6730       0.07

correctness: 41/41 rows had matching native/Solr counts -- SEE MISMATCHES BELOW
  FACET MISMATCH product_class_under_category=Storage & Organization / Storage Containers & Drawers / All Storage Containers: native={"": 6, "Boxes, Bins, Baskets, & Buckets": 112, "Boxes, Bins, Baskets, & Buckets|Shoe Storage": 3} solr={"Boxes, Bins, Baskets, & Buckets": 112, "Boxes, Bins, Baskets, & Buckets|Shoe Storage": 3}
  FACET MISMATCH product_class_under_category=Furniture / Living Room Furniture / Chairs & Seating / Accent Chairs: native={"": 81, "Accent Chairs": 967, "Accent Chairs|Dining Chairs": 1, "Accent Chairs|Dining Chairs|Office Chairs": 1, "Accent Chairs|Office Chairs": 7, "Patio Lounge Chairs": 1, "Reception Seating Chairs|Accent Chairs": 23, "Teen Desk Chairs|Accent Chairs|Office Chairs": 1, "Teen Lounge Furniture|Accent Chairs": 20, "Teen Lounge Furniture|Futons": 1} solr={"Accent Chairs": 967, "Accent Chairs|Dining Chairs": 1, "Accent Chairs|Dining Chairs|Office Chairs": 1, "Accent Chairs|Office Chairs": 7, "Patio Lounge Chairs": 1, "Reception Seating Chairs|Accent Chairs": 23, "Teen Desk Chairs|Accent Chairs|Office Chairs": 1, "Teen Lounge Furniture|Accent Chairs": 20, "Teen Lounge Furniture|Futons": 1}

artifacts written to dataset_cache/p6a_e00_artifacts
