=== P6B-E00 scale-ladder tier 20x ===
loading catalog from dataset_cache/wands_scale/catalog_20x.jsonl...
859880 products loaded
building commerce_core structural index...
index build: 20484.5 ms, approx_size=145660040 bytes (169.4 bytes/product), rss Some(2456) -> Some(3450632) kb
checking Solr (http://localhost:8983/solr/wands_bench_20x)...
  Solr reachable: numFound=859880

running depth-1 color-facet crossover sweep at tier 20x...
  Rugs: n=40040 (solr n=40040)
  Storage & Organization: n=43500 (solr n=43500)
  Lighting: n=41440 (solr n=41440)
  Outdoor: n=67880 (solr n=67880)
  Décor & Pillows: n=92240 (solr n=92240)
  Home Improvement: n=93720 (solr n=93720)
  Furniture: n=320780 (solr n=320780)

running average_rating numeric-range filter at tier 20x...

=== P6B-E00 tier 20x result ===
tier       class                                      key                           n_count    s_count   match  n_mean_ms  s_mean_ms    speedup
20x        color_facet_under_depth1_crossover_sweep   Rugs                            40040      40040    true    81.9696     5.0388       0.06
20x        color_facet_under_depth1_crossover_sweep   Storage & Organization          43500      43500    true    99.9247     3.2191       0.03
20x        color_facet_under_depth1_crossover_sweep   Lighting                        41440      41440    true    86.2568     2.8947       0.03
20x        color_facet_under_depth1_crossover_sweep   Outdoor                         67880      67880    true   161.3261     3.9642       0.02
20x        color_facet_under_depth1_crossover_sweep   Décor & Pillows                 92240      92240    true   168.3195     6.3547       0.04
20x        color_facet_under_depth1_crossover_sweep   Home Improvement                93720      93720    true   158.6312     3.9558       0.02
20x        color_facet_under_depth1_crossover_sweep   Furniture                      320780     320780    true   467.9211     8.9615       0.02
20x        numeric_range_average_rating_gte           4                              639340     639340    true     4.9077     1.0189       0.21
20x        numeric_range_average_rating_gte           4.5                            567980     567980    true     5.0998     1.1916       0.23
20x        mixed_depth1_and_rating_filter             Furniture+rating>=4            228600     228600    true     4.8525     1.4675       0.30

correctness: 10/10 rows had matching native/Solr counts (ALL MATCH)

appended 10 rows to docs/research/artifacts/p6b_e00_scale_ladder_run1/results.csv
