=== P6B-E00 scale-ladder tier 1x ===
loading catalog from dataset_cache/wands/catalog.jsonl...
42994 products loaded
building commerce_core structural index...
index build: 850.5 ms, approx_size=8108054 bytes (188.6 bytes/product), rss Some(2516) -> Some(191020) kb
checking Solr (http://localhost:8983/solr/wands_bench)...
  Solr reachable: numFound=42994

running depth-1 color-facet crossover sweep at tier 1x...
  Rugs: n=2002 (solr n=2002)
  Storage & Organization: n=2175 (solr n=2175)
  Lighting: n=2072 (solr n=2072)
  Outdoor: n=3394 (solr n=3394)
  Décor & Pillows: n=4612 (solr n=4612)
  Home Improvement: n=4686 (solr n=4686)
  Furniture: n=16039 (solr n=16039)

running average_rating numeric-range filter at tier 1x...

=== P6B-E00 tier 1x result ===
tier       class                                      key                           n_count    s_count   match  n_mean_ms  s_mean_ms    speedup
1x         color_facet_under_depth1_crossover_sweep   Rugs                             2002       2002    true     1.6152     3.8763       2.40
1x         color_facet_under_depth1_crossover_sweep   Storage & Organization           2175       2175    true     3.3481     3.3542       1.00
1x         color_facet_under_depth1_crossover_sweep   Lighting                         2072       2072    true     1.7053     3.2078       1.88
1x         color_facet_under_depth1_crossover_sweep   Outdoor                          3394       3394    true     6.3995     2.6756       0.42
1x         color_facet_under_depth1_crossover_sweep   Décor & Pillows                  4612       4612    true     9.5617     2.6103       0.27
1x         color_facet_under_depth1_crossover_sweep   Home Improvement                 4686       4686    true     8.5956     2.6291       0.31
1x         color_facet_under_depth1_crossover_sweep   Furniture                       16039      16039    true    28.6999     3.0395       0.11
1x         numeric_range_average_rating_gte           4                               31967      31967    true     0.3081     1.7308       5.62
1x         numeric_range_average_rating_gte           4.5                             28399      28399    true     0.2726     1.4897       5.47
1x         mixed_depth1_and_rating_filter             Furniture+rating>=4             11430      11430    true     0.3102     1.5450       4.98

correctness: 10/10 rows had matching native/Solr counts (ALL MATCH)

appended 10 rows to docs/research/artifacts/p6b_e00_scale_ladder_run1/results.csv
