confirm2 run=1 b0 rc 5.4 FAIL
confirm2 run=1 b0 lo 4.6 FAIL
confirm2 run=1 b0 mid 4.89 FAIL
confirm2 run=1 b0 hi 5.1 FAIL
confirm2 run=1 h1 rc 5.4 FAIL
confirm2 run=1 h1 lo 346.7 FAIL
confirm2 run=1 h1 mid 364.95 PASS
confirm2 run=1 h1 hi 383.2 FAIL
confirm2 run=2 h1 rc 5.4 FAIL
confirm2 run=2 h1 lo 346.7 FAIL
confirm2 run=2 h1 mid 364.95 FAIL
confirm2 run=2 h1 hi 383.2 PASS
confirm2 run=2 b0 rc 5.4 FAIL
confirm2 run=2 b0 lo 4.6 FAIL
confirm2 run=2 b0 mid 4.89 FAIL
confirm2 run=2 b0 hi 5.1 FAIL
confirm2 run=3 b0 rc 5.4 FAIL
confirm2 run=3 b0 lo 4.6 FAIL
confirm2 run=3 b0 mid 4.89 FAIL
confirm2 run=3 b0 hi 5.1 FAIL
confirm2 run=3 h1 rc 5.4 FAIL
confirm2 run=3 h1 lo 346.7 PASS
confirm2 run=3 h1 mid 364.95 PASS
confirm2 run=3 h1 hi 383.2 PASS
