i63_primitives tier=100k run=3 ordinals=128982
  b1 construct p0: 1104025.8 ns/op (1812 ops, 27.00 allocs/op)
  b1 construct p0r: 3670.8 ns/op (545279 ops, 3.00 allocs/op)
  b1 construct p1: 3.3 ns/op (200278015 ops, 0.00 allocs/op)
  b1 construct p2: 0.5 ns/op (201326591 ops, 0.00 allocs/op)
  b1 pipeline facet_low_cardinality_style:p0: 1190221.4 ns/op (1681 ops, 162.00 allocs/op)
  b1 pipeline facet_low_cardinality_style:p0r: 71844.1 ns/op (27855 ops, 139.00 allocs/op)
  b1 pipeline facet_low_cardinality_style:p1: 64143.7 ns/op (31199 ops, 136.00 allocs/op)
  b1 pipeline facet_low_cardinality_style:p2: 27500.7 ns/op (72767 ops, 136.00 allocs/op)
  b1 pipeline facet_low_cardinality_style:p2b: 27248.4 ns/op (73407 ops, 136.00 allocs/op)
  b1 pipeline facet_medium_cardinality_primarymaterial:p0: 2498548.9 ns/op (801 ops, 365.00 allocs/op)
  b1 pipeline facet_medium_cardinality_primarymaterial:p0r: 1566588.4 ns/op (1277 ops, 342.00 allocs/op)
  b1 pipeline facet_medium_cardinality_primarymaterial:p1: 1514240.0 ns/op (1321 ops, 339.00 allocs/op)
  b1 pipeline facet_medium_cardinality_primarymaterial:p2: 518126.9 ns/op (3863 ops, 339.00 allocs/op)
  b1 pipeline facet_medium_cardinality_primarymaterial:p2b: 121608.9 ns/op (16455 ops, 342.00 allocs/op)
  b1 pipeline facet_high_cardinality_color:p0: 4263206.3 ns/op (470 ops, 3292.00 allocs/op)
  b1 pipeline facet_high_cardinality_color:p0r: 3165931.5 ns/op (632 ops, 3269.00 allocs/op)
  b1 pipeline facet_high_cardinality_color:p1: 3044837.8 ns/op (657 ops, 3266.00 allocs/op)
  b1 pipeline facet_high_cardinality_color:p2: 1900985.1 ns/op (1053 ops, 3266.00 allocs/op)
  b1 pipeline facet_high_cardinality_color:p2b: 2009612.9 ns/op (996 ops, 3271.00 allocs/op)
  b1 pipeline facet_disjunctive_multi_dim:p0: 4857592.3 ns/op (412 ops, 3459.00 allocs/op)
  b1 pipeline facet_disjunctive_multi_dim:p0r: 3365065.2 ns/op (595 ops, 3436.00 allocs/op)
  b1 pipeline facet_disjunctive_multi_dim:p1: 3363311.1 ns/op (595 ops, 3433.00 allocs/op)
  b1 pipeline facet_disjunctive_multi_dim:p2: 2367890.2 ns/op (845 ops, 3433.00 allocs/op)
  b1 pipeline facet_disjunctive_multi_dim:p2b: 2582376.3 ns/op (775 ops, 3438.00 allocs/op)
  c exact_lookup variant_id_to_ordinal_and_record: 172686.6 ns/op (11583 ops, 0.00 allocs/op)
  c single_bitmap_color_white indexed_candidates: 542.5 ns/op (3688447 ops, 5.00 allocs/op)
  c single_bitmap_category_accent_chairs indexed_candidates: 366.0 ns/op (5464063 ops, 3.00 allocs/op)
  c conjunction_3way indexed_candidates: 10501.8 ns/op (190463 ops, 15.00 allocs/op)
  c conjunction_5way indexed_candidates: 1035005.4 ns/op (1933 ops, 47.00 allocs/op)
  c numeric_range_broad_rating_gte_4 indexed_candidates: 940705.7 ns/op (2127 ops, 27.00 allocs/op)
  c numeric_range_narrow_review_count_p99 indexed_candidates: 60771.7 ns/op (32927 ops, 18.00 allocs/op)
  c single_bitmap_color_white borrowed_len: 3.6 ns/op (200278015 ops, 0.00 allocs/op)
  c lexical_and:wood+bed lexical_and_candidates: 13712.4 ns/op (145919 ops, 8.00 allocs/op)
  c lexical_and:outdoor+dining+table lexical_and_candidates: 11285.3 ns/op (177279 ops, 11.00 allocs/op)
  c same_variant_conjunction indexed_candidates: 55652.0 ns/op (35967 ops, 30.00 allocs/op)
