i63_primitives tier=100k run=1 ordinals=128982
  b1 construct p0: 1154265.0 ns/op (1733 ops, 27.00 allocs/op)
  b1 construct p0r: 3721.9 ns/op (537599 ops, 3.00 allocs/op)
  b1 construct p1: 3.6 ns/op (200278015 ops, 0.00 allocs/op)
  b1 construct p2: 0.5 ns/op (203423743 ops, 0.00 allocs/op)
  b1 pipeline facet_low_cardinality_style:p0: 1591797.9 ns/op (1257 ops, 162.00 allocs/op)
  b1 pipeline facet_low_cardinality_style:p0r: 74050.1 ns/op (27023 ops, 139.00 allocs/op)
  b1 pipeline facet_low_cardinality_style:p1: 71588.2 ns/op (27967 ops, 136.00 allocs/op)
  b1 pipeline facet_low_cardinality_style:p2: 30107.1 ns/op (66431 ops, 136.00 allocs/op)
  b1 pipeline facet_low_cardinality_style:p2b: 30802.6 ns/op (64959 ops, 136.00 allocs/op)
  b1 pipeline facet_medium_cardinality_primarymaterial:p0: 2573077.9 ns/op (778 ops, 365.00 allocs/op)
  b1 pipeline facet_medium_cardinality_primarymaterial:p0r: 1538185.2 ns/op (1301 ops, 342.00 allocs/op)
  b1 pipeline facet_medium_cardinality_primarymaterial:p1: 1576136.9 ns/op (1269 ops, 339.00 allocs/op)
  b1 pipeline facet_medium_cardinality_primarymaterial:p2: 539085.1 ns/op (3713 ops, 339.00 allocs/op)
  b1 pipeline facet_medium_cardinality_primarymaterial:p2b: 125612.4 ns/op (15935 ops, 342.00 allocs/op)
  b1 pipeline facet_high_cardinality_color:p0: 4584044.1 ns/op (437 ops, 3292.00 allocs/op)
  b1 pipeline facet_high_cardinality_color:p0r: 2875725.3 ns/op (696 ops, 3269.00 allocs/op)
  b1 pipeline facet_high_cardinality_color:p1: 3038877.6 ns/op (659 ops, 3266.00 allocs/op)
  b1 pipeline facet_high_cardinality_color:p2: 1910381.4 ns/op (1047 ops, 3266.00 allocs/op)
  b1 pipeline facet_high_cardinality_color:p2b: 2521075.8 ns/op (808 ops, 3271.00 allocs/op)
  b1 pipeline facet_disjunctive_multi_dim:p0: 5359334.9 ns/op (374 ops, 3459.00 allocs/op)
  b1 pipeline facet_disjunctive_multi_dim:p0r: 3781296.5 ns/op (529 ops, 3436.00 allocs/op)
  b1 pipeline facet_disjunctive_multi_dim:p1: 3710591.8 ns/op (539 ops, 3433.00 allocs/op)
  b1 pipeline facet_disjunctive_multi_dim:p2: 2933906.3 ns/op (682 ops, 3433.00 allocs/op)
  b1 pipeline facet_disjunctive_multi_dim:p2b: 2820940.7 ns/op (709 ops, 3438.00 allocs/op)
  c exact_lookup variant_id_to_ordinal_and_record: 209482.1 ns/op (9551 ops, 0.00 allocs/op)
  c single_bitmap_color_white indexed_candidates: 527.8 ns/op (3790847 ops, 5.00 allocs/op)
  c single_bitmap_category_accent_chairs indexed_candidates: 359.6 ns/op (5562367 ops, 3.00 allocs/op)
  c conjunction_3way indexed_candidates: 9824.4 ns/op (203647 ops, 15.00 allocs/op)
  c conjunction_5way indexed_candidates: 988185.2 ns/op (2025 ops, 47.00 allocs/op)
  c numeric_range_broad_rating_gte_4 indexed_candidates: 947193.6 ns/op (2112 ops, 27.00 allocs/op)
  c numeric_range_narrow_review_count_p99 indexed_candidates: 59002.8 ns/op (33919 ops, 18.00 allocs/op)
  c single_bitmap_color_white borrowed_len: 3.8 ns/op (200278015 ops, 0.00 allocs/op)
  c lexical_and:wood+bed lexical_and_candidates: 14051.9 ns/op (142335 ops, 8.00 allocs/op)
  c lexical_and:outdoor+dining+table lexical_and_candidates: 10935.4 ns/op (182911 ops, 11.00 allocs/op)
  c same_variant_conjunction indexed_candidates: 68759.2 ns/op (29119 ops, 30.00 allocs/op)
