i63_primitives tier=100k run=2 ordinals=128982
  b1 construct p0: 1182235.6 ns/op (1692 ops, 27.00 allocs/op)
  b1 construct p0r: 3701.7 ns/op (540671 ops, 3.00 allocs/op)
  b1 construct p1: 5.3 ns/op (200278015 ops, 0.00 allocs/op)
  b1 construct p2: 0.5 ns/op (201326591 ops, 0.00 allocs/op)
  b1 pipeline facet_low_cardinality_style:p0: 1267766.9 ns/op (1578 ops, 162.00 allocs/op)
  b1 pipeline facet_low_cardinality_style:p0r: 64826.8 ns/op (30863 ops, 139.00 allocs/op)
  b1 pipeline facet_low_cardinality_style:p1: 77434.2 ns/op (25855 ops, 136.00 allocs/op)
  b1 pipeline facet_low_cardinality_style:p2: 29580.1 ns/op (67743 ops, 136.00 allocs/op)
  b1 pipeline facet_low_cardinality_style:p2b: 31138.2 ns/op (64255 ops, 136.00 allocs/op)
  b1 pipeline facet_medium_cardinality_primarymaterial:p0: 2656997.9 ns/op (754 ops, 365.00 allocs/op)
  b1 pipeline facet_medium_cardinality_primarymaterial:p0r: 1439750.7 ns/op (1390 ops, 342.00 allocs/op)
  b1 pipeline facet_medium_cardinality_primarymaterial:p1: 1496391.7 ns/op (1337 ops, 339.00 allocs/op)
  b1 pipeline facet_medium_cardinality_primarymaterial:p2: 586490.0 ns/op (3411 ops, 339.00 allocs/op)
  b1 pipeline facet_medium_cardinality_primarymaterial:p2b: 122309.0 ns/op (16367 ops, 342.00 allocs/op)
  b1 pipeline facet_high_cardinality_color:p0: 4240411.2 ns/op (472 ops, 3292.00 allocs/op)
  b1 pipeline facet_high_cardinality_color:p0r: 2979148.1 ns/op (672 ops, 3269.00 allocs/op)
  b1 pipeline facet_high_cardinality_color:p1: 3359771.8 ns/op (596 ops, 3266.00 allocs/op)
  b1 pipeline facet_high_cardinality_color:p2: 1967004.4 ns/op (1018 ops, 3266.00 allocs/op)
  b1 pipeline facet_high_cardinality_color:p2b: 2539610.5 ns/op (789 ops, 3271.00 allocs/op)
  b1 pipeline facet_disjunctive_multi_dim:p0: 4559403.9 ns/op (439 ops, 3459.00 allocs/op)
  b1 pipeline facet_disjunctive_multi_dim:p0r: 3845004.9 ns/op (521 ops, 3436.00 allocs/op)
  b1 pipeline facet_disjunctive_multi_dim:p1: 3804252.9 ns/op (526 ops, 3433.00 allocs/op)
  b1 pipeline facet_disjunctive_multi_dim:p2: 2373473.4 ns/op (843 ops, 3433.00 allocs/op)
  b1 pipeline facet_disjunctive_multi_dim:p2b: 2869884.4 ns/op (697 ops, 3438.00 allocs/op)
  c exact_lookup variant_id_to_ordinal_and_record: 197541.8 ns/op (10127 ops, 0.00 allocs/op)
  c single_bitmap_color_white indexed_candidates: 538.8 ns/op (3713023 ops, 5.00 allocs/op)
  c single_bitmap_category_accent_chairs indexed_candidates: 411.4 ns/op (4866047 ops, 3.00 allocs/op)
  c conjunction_3way indexed_candidates: 9821.4 ns/op (203647 ops, 15.00 allocs/op)
  c conjunction_5way indexed_candidates: 989617.0 ns/op (2021 ops, 47.00 allocs/op)
  c numeric_range_broad_rating_gte_4 indexed_candidates: 930990.0 ns/op (2149 ops, 27.00 allocs/op)
  c numeric_range_narrow_review_count_p99 indexed_candidates: 59084.6 ns/op (33855 ops, 18.00 allocs/op)
  c single_bitmap_color_white borrowed_len: 3.4 ns/op (200278015 ops, 0.00 allocs/op)
  c lexical_and:wood+bed lexical_and_candidates: 14451.9 ns/op (138495 ops, 8.00 allocs/op)
  c lexical_and:outdoor+dining+table lexical_and_candidates: 11227.4 ns/op (178175 ops, 11.00 allocs/op)
  c same_variant_conjunction indexed_candidates: 53914.3 ns/op (37119 ops, 30.00 allocs/op)
