i63_primitives tier=500k run=3 ordinals=515928
  b1 construct p0: 4279238.5 ns/op (468 ops, 106.00 allocs/op)
  b1 construct p0r: 15893.2 ns/op (125887 ops, 10.00 allocs/op)
  b1 construct p1: 8.6 ns/op (200015871 ops, 0.00 allocs/op)
  b1 construct p2: 0.5 ns/op (201326591 ops, 0.00 allocs/op)
  b1 pipeline facet_low_cardinality_style:p0: 4732566.4 ns/op (423 ops, 241.00 allocs/op)
  b1 pipeline facet_low_cardinality_style:p0r: 189891.0 ns/op (10543 ops, 146.00 allocs/op)
  b1 pipeline facet_low_cardinality_style:p1: 266975.2 ns/op (7495 ops, 136.00 allocs/op)
  b1 pipeline facet_low_cardinality_style:p2: 29130.3 ns/op (68671 ops, 136.00 allocs/op)
  b1 pipeline facet_low_cardinality_style:p2b: 36799.1 ns/op (54399 ops, 136.00 allocs/op)
  b1 pipeline facet_medium_cardinality_primarymaterial:p0: 5183097.5 ns/op (386 ops, 447.00 allocs/op)
  b1 pipeline facet_medium_cardinality_primarymaterial:p0r: 496615.7 ns/op (4031 ops, 352.00 allocs/op)
  b1 pipeline facet_medium_cardinality_primarymaterial:p1: 492142.5 ns/op (4067 ops, 342.00 allocs/op)
  b1 pipeline facet_medium_cardinality_primarymaterial:p2: 154132.4 ns/op (12983 ops, 342.00 allocs/op)
  b1 pipeline facet_medium_cardinality_primarymaterial:p2b: 176505.5 ns/op (11335 ops, 342.00 allocs/op)
  b1 pipeline facet_high_cardinality_color:p0: 13359664.2 ns/op (200 ops, 3371.00 allocs/op)
  b1 pipeline facet_high_cardinality_color:p0r: 9325690.2 ns/op (215 ops, 3276.00 allocs/op)
  b1 pipeline facet_high_cardinality_color:p1: 9151066.6 ns/op (219 ops, 3266.00 allocs/op)
  b1 pipeline facet_high_cardinality_color:p2: 4799615.4 ns/op (417 ops, 3266.00 allocs/op)
  b1 pipeline facet_high_cardinality_color:p2b: 3161058.9 ns/op (633 ops, 3271.00 allocs/op)
  b1 pipeline facet_disjunctive_multi_dim:p0: 14603919.0 ns/op (200 ops, 3544.00 allocs/op)
  b1 pipeline facet_disjunctive_multi_dim:p0r: 9937439.7 ns/op (202 ops, 3449.00 allocs/op)
  b1 pipeline facet_disjunctive_multi_dim:p1: 10456053.4 ns/op (200 ops, 3439.00 allocs/op)
  b1 pipeline facet_disjunctive_multi_dim:p2: 5975329.9 ns/op (335 ops, 3439.00 allocs/op)
  b1 pipeline facet_disjunctive_multi_dim:p2b: 6152098.6 ns/op (326 ops, 3444.00 allocs/op)
  b1 pipeline fc1_full_material:p0: 5169919.7 ns/op (387 ops, 354.00 allocs/op)
  b1 pipeline fc1_full_material:p0r: 367027.9 ns/op (5451 ops, 259.00 allocs/op)
  b1 pipeline fc1_full_material:p1: 359502.6 ns/op (5567 ops, 249.00 allocs/op)
  b1 pipeline fc1_full_material:p2: 83866.2 ns/op (23855 ops, 249.00 allocs/op)
  b1 pipeline fc1_full_material:p2b: 104432.3 ns/op (19167 ops, 249.00 allocs/op)
  b1 pipeline fc2_full_shape:p0: 4792902.0 ns/op (418 ops, 276.00 allocs/op)
  b1 pipeline fc2_full_shape:p0r: 258282.7 ns/op (7751 ops, 181.00 allocs/op)
  b1 pipeline fc2_full_shape:p1: 270343.9 ns/op (7403 ops, 171.00 allocs/op)
  b1 pipeline fc2_full_shape:p2: 49012.6 ns/op (40831 ops, 171.00 allocs/op)
  b1 pipeline fc2_full_shape:p2b: 62959.4 ns/op (31775 ops, 171.00 allocs/op)
  b1 pipeline fc3_style_modern_x_color:p0: 1674973.0 ns/op (1195 ops, 948.00 allocs/op)
  b1 pipeline fc3_style_modern_x_color:p0r: 1660943.7 ns/op (1205 ops, 949.00 allocs/op)
  b1 pipeline fc3_style_modern_x_color:p1: 1676983.3 ns/op (1193 ops, 949.00 allocs/op)
  b1 pipeline fc3_style_modern_x_color:p2: 1671121.2 ns/op (1197 ops, 949.00 allocs/op)
  b1 pipeline fc3_style_modern_x_color:p2b: 1968523.9 ns/op (1016 ops, 949.00 allocs/op)
  b1 pipeline fc4_color_white_x_style:p0: 256350.0 ns/op (7807 ops, 98.00 allocs/op)
  b1 pipeline fc4_color_white_x_style:p0r: 240380.6 ns/op (8327 ops, 99.00 allocs/op)
  b1 pipeline fc4_color_white_x_style:p1: 234175.6 ns/op (8543 ops, 99.00 allocs/op)
  b1 pipeline fc4_color_white_x_style:p2: 242282.0 ns/op (8255 ops, 99.00 allocs/op)
  b1 pipeline fc4_color_white_x_style:p2b: 282790.2 ns/op (7091 ops, 99.00 allocs/op)
  b1 pipeline fc5_color_white_x_primarymaterial:p0: 279012.9 ns/op (7173 ops, 129.00 allocs/op)
  b1 pipeline fc5_color_white_x_primarymaterial:p0r: 288206.6 ns/op (6959 ops, 130.00 allocs/op)
  b1 pipeline fc5_color_white_x_primarymaterial:p1: 271055.5 ns/op (7381 ops, 130.00 allocs/op)
  b1 pipeline fc5_color_white_x_primarymaterial:p2: 315150.0 ns/op (6351 ops, 130.00 allocs/op)
  b1 pipeline fc5_color_white_x_primarymaterial:p2b: 329714.5 ns/op (6067 ops, 130.00 allocs/op)
  b1 pipeline fc6_depth3_x_shape:p0: 57479.0 ns/op (34815 ops, 90.00 allocs/op)
  b1 pipeline fc6_depth3_x_shape:p0r: 61738.4 ns/op (32415 ops, 91.00 allocs/op)
  b1 pipeline fc6_depth3_x_shape:p1: 55269.9 ns/op (36191 ops, 91.00 allocs/op)
  b1 pipeline fc6_depth3_x_shape:p2: 55466.2 ns/op (36063 ops, 91.00 allocs/op)
  b1 pipeline fc6_depth3_x_shape:p2b: 71086.9 ns/op (28159 ops, 91.00 allocs/op)
  b1 pipeline fc7_pergolas_x_color:p0: 16987.7 ns/op (117759 ops, 70.00 allocs/op)
  b1 pipeline fc7_pergolas_x_color:p0r: 19787.5 ns/op (101119 ops, 71.00 allocs/op)
  b1 pipeline fc7_pergolas_x_color:p1: 19996.4 ns/op (100095 ops, 71.00 allocs/op)
  b1 pipeline fc7_pergolas_x_color:p2: 17868.6 ns/op (111999 ops, 71.00 allocs/op)
  b1 pipeline fc7_pergolas_x_color:p2b: 16374.0 ns/op (122239 ops, 71.00 allocs/op)
  b1 pipeline numeric_range_sort:p0: 3932177.8 ns/op (509 ops, 163.00 allocs/op)
  b1 pipeline numeric_range_sort:p0r: 4514959.8 ns/op (443 ops, 164.00 allocs/op)
  b1 pipeline numeric_range_sort:p1: 4217264.9 ns/op (475 ops, 164.00 allocs/op)
  b1 pipeline numeric_range_sort:p2: 4751459.7 ns/op (421 ops, 164.00 allocs/op)
  b1 pipeline numeric_range_sort:p2b: 4037920.3 ns/op (496 ops, 164.00 allocs/op)
  b1 pipeline sh2_color_white_review_count_desc:p0: 77963.7 ns/op (25663 ops, 69.00 allocs/op)
  b1 pipeline sh2_color_white_review_count_desc:p0r: 89689.9 ns/op (22303 ops, 70.00 allocs/op)
  b1 pipeline sh2_color_white_review_count_desc:p1: 79302.4 ns/op (25247 ops, 70.00 allocs/op)
  b1 pipeline sh2_color_white_review_count_desc:p2: 96668.2 ns/op (20695 ops, 70.00 allocs/op)
  b1 pipeline sh2_color_white_review_count_desc:p2b: 83828.8 ns/op (23871 ops, 70.00 allocs/op)
  b1 pipeline sh3_depth3_review_count_desc:p0: 74346.9 ns/op (26911 ops, 84.00 allocs/op)
  b1 pipeline sh3_depth3_review_count_desc:p0r: 61278.0 ns/op (32655 ops, 85.00 allocs/op)
  b1 pipeline sh3_depth3_review_count_desc:p1: 63167.0 ns/op (31679 ops, 85.00 allocs/op)
  b1 pipeline sh3_depth3_review_count_desc:p2: 65147.3 ns/op (30719 ops, 85.00 allocs/op)
  b1 pipeline sh3_depth3_review_count_desc:p2b: 62886.8 ns/op (31807 ops, 85.00 allocs/op)
  b1 pipeline sc1_full_rating_count_desc:p0: 4469166.8 ns/op (449 ops, 161.00 allocs/op)
  b1 pipeline sc1_full_rating_count_desc:p0r: 29915.4 ns/op (66879 ops, 66.00 allocs/op)
  b1 pipeline sc1_full_rating_count_desc:p1: 12609.7 ns/op (158719 ops, 56.00 allocs/op)
  b1 pipeline sc1_full_rating_count_desc:p2: 13199.6 ns/op (151551 ops, 56.00 allocs/op)
  b1 pipeline sc1_full_rating_count_desc:p2b: 11470.0 ns/op (174463 ops, 56.00 allocs/op)
  b1 pipeline sc2_style_modern_average_rating_asc:p0: 21564.9 ns/op (92799 ops, 69.00 allocs/op)
  b1 pipeline sc2_style_modern_average_rating_asc:p0r: 23831.7 ns/op (83967 ops, 70.00 allocs/op)
  b1 pipeline sc2_style_modern_average_rating_asc:p1: 23841.1 ns/op (83903 ops, 70.00 allocs/op)
  b1 pipeline sc2_style_modern_average_rating_asc:p2: 22937.9 ns/op (87231 ops, 70.00 allocs/op)
  b1 pipeline sc2_style_modern_average_rating_asc:p2b: 21816.4 ns/op (91711 ops, 70.00 allocs/op)
  b1 pipeline sc3_accent_chairs_review_count_desc:p0: 155821.0 ns/op (12839 ops, 65.00 allocs/op)
  b1 pipeline sc3_accent_chairs_review_count_desc:p0r: 171066.8 ns/op (11695 ops, 66.00 allocs/op)
  b1 pipeline sc3_accent_chairs_review_count_desc:p1: 164989.4 ns/op (12127 ops, 66.00 allocs/op)
  b1 pipeline sc3_accent_chairs_review_count_desc:p2: 151674.0 ns/op (13191 ops, 66.00 allocs/op)
  b1 pipeline sc3_accent_chairs_review_count_desc:p2b: 152752.3 ns/op (13095 ops, 66.00 allocs/op)
  b1 pipeline sc4_color_black_rating_count_asc:p0: 107036.3 ns/op (18687 ops, 69.00 allocs/op)
  b1 pipeline sc4_color_black_rating_count_asc:p0r: 107993.5 ns/op (18527 ops, 70.00 allocs/op)
  b1 pipeline sc4_color_black_rating_count_asc:p1: 100501.8 ns/op (19903 ops, 70.00 allocs/op)
  b1 pipeline sc4_color_black_rating_count_asc:p2: 101717.9 ns/op (19663 ops, 70.00 allocs/op)
  b1 pipeline sc4_color_black_rating_count_asc:p2b: 100511.3 ns/op (19903 ops, 70.00 allocs/op)
  b1 pipeline sc5_pergolas_average_rating_desc:p0: 18941.4 ns/op (105599 ops, 66.00 allocs/op)
  b1 pipeline sc5_pergolas_average_rating_desc:p0r: 18180.6 ns/op (110015 ops, 67.00 allocs/op)
  b1 pipeline sc5_pergolas_average_rating_desc:p1: 18420.7 ns/op (108607 ops, 67.00 allocs/op)
  b1 pipeline sc5_pergolas_average_rating_desc:p2: 19205.5 ns/op (104191 ops, 67.00 allocs/op)
  b1 pipeline sc5_pergolas_average_rating_desc:p2b: 18538.8 ns/op (107903 ops, 67.00 allocs/op)
  b1 pipeline sc6_depth5_review_count_desc:p0: 66675.2 ns/op (29999 ops, 71.00 allocs/op)
  b1 pipeline sc6_depth5_review_count_desc:p0r: 73316.9 ns/op (27295 ops, 72.00 allocs/op)
  b1 pipeline sc6_depth5_review_count_desc:p1: 63212.5 ns/op (31663 ops, 72.00 allocs/op)
  b1 pipeline sc6_depth5_review_count_desc:p2: 61299.4 ns/op (32639 ops, 72.00 allocs/op)
  b1 pipeline sc6_depth5_review_count_desc:p2b: 60921.5 ns/op (32863 ops, 72.00 allocs/op)
  b2 full d1_iterate: 4059398.9 ns/op (493 ops, 0.00 allocs/op)
  b2 full|style ordinal: 5938781.8 ns/op (337 ops, 74.00 allocs/op)
  b2 full|style bitmap: 138546.2 ns/op (14439 ops, 76.00 allocs/op)
  b2 full|style d2_iterate_gather: 5099470.2 ns/op (393 ops, 0.00 allocs/op)
  b2 full|style d3_count_u64: 6292771.4 ns/op (318 ops, 1.00 allocs/op)
  b2 full|style d3_count_u32: 6346508.1 ns/op (316 ops, 1.00 allocs/op)
  b2 full|style d5_materialize: 11682.9 ns/op (171263 ops, 73.00 allocs/op)
  b2 full|style dense_ordinal_all: 2119828.8 ns/op (944 ops, 74.00 allocs/op)
  b2 full|style dense_bitmap_len_all: 18538.4 ns/op (107903 ops, 76.00 allocs/op)
  b2 full|style d3_dense_count_u64: 1589933.6 ns/op (1258 ops, 1.00 allocs/op)
  b2 full|shape ordinal: 5435123.8 ns/op (368 ops, 108.00 allocs/op)
  b2 full|shape bitmap: 203252.7 ns/op (9847 ops, 111.00 allocs/op)
  b2 full|shape d2_iterate_gather: 4373233.4 ns/op (458 ops, 0.00 allocs/op)
  b2 full|shape d3_count_u64: 5964113.3 ns/op (336 ops, 1.00 allocs/op)
  b2 full|shape d3_count_u32: 5408663.2 ns/op (370 ops, 1.00 allocs/op)
  b2 full|shape d5_materialize: 20747.6 ns/op (96447 ops, 107.00 allocs/op)
  b2 full|shape dense_ordinal_all: 1558708.0 ns/op (1284 ops, 108.00 allocs/op)
  b2 full|shape dense_bitmap_len_all: 40218.9 ns/op (49759 ops, 111.00 allocs/op)
  b2 full|shape d3_dense_count_u64: 1553667.7 ns/op (1288 ops, 1.00 allocs/op)
  b2 full|material ordinal: 5637991.9 ns/op (355 ops, 185.00 allocs/op)
  b2 full|material bitmap: 309660.2 ns/op (6459 ops, 189.00 allocs/op)
  b2 full|material d2_iterate_gather: 4723521.4 ns/op (424 ops, 0.00 allocs/op)
  b2 full|material d3_count_u64: 5626617.9 ns/op (356 ops, 1.00 allocs/op)
  b2 full|material d3_count_u32: 5192443.3 ns/op (386 ops, 1.00 allocs/op)
  b2 full|material d5_materialize: 36155.3 ns/op (55327 ops, 184.00 allocs/op)
  b2 full|material dense_ordinal_all: 1623750.1 ns/op (1232 ops, 185.00 allocs/op)
  b2 full|material dense_bitmap_len_all: 66224.9 ns/op (30239 ops, 189.00 allocs/op)
  b2 full|material d3_dense_count_u64: 1411980.4 ns/op (1417 ops, 1.00 allocs/op)
  b2 full|primarymaterial ordinal: 5386701.5 ns/op (372 ops, 279.00 allocs/op)
  b2 full|primarymaterial bitmap: 468107.9 ns/op (4277 ops, 282.00 allocs/op)
  b2 full|primarymaterial d2_iterate_gather: 4259678.7 ns/op (470 ops, 0.00 allocs/op)
  b2 full|primarymaterial d3_count_u64: 5921877.4 ns/op (338 ops, 1.00 allocs/op)
  b2 full|primarymaterial d3_count_u32: 6086648.6 ns/op (329 ops, 1.00 allocs/op)
  b2 full|primarymaterial d5_materialize: 66019.1 ns/op (30319 ops, 278.00 allocs/op)
  b2 full|primarymaterial dense_ordinal_all: 1711835.0 ns/op (1169 ops, 279.00 allocs/op)
  b2 full|primarymaterial dense_bitmap_len_all: 112837.8 ns/op (17727 ops, 282.00 allocs/op)
  b2 full|primarymaterial d3_dense_count_u64: 1487382.6 ns/op (1345 ops, 1.00 allocs/op)
  b2 full|color ordinal: 8487838.5 ns/op (236 ops, 3206.00 allocs/op)
  b2 full|color bitmap: 6428080.7 ns/op (312 ops, 3211.00 allocs/op)
  b2 full|color d2_iterate_gather: 4243141.6 ns/op (472 ops, 0.00 allocs/op)
  b2 full|color d3_count_u64: 6869230.0 ns/op (292 ops, 1.00 allocs/op)
  b2 full|color d3_count_u32: 6510519.2 ns/op (308 ops, 1.00 allocs/op)
  b2 full|color d5_materialize: 1351156.6 ns/op (1481 ops, 3205.00 allocs/op)
  b2 full|color dense_ordinal_all: 3720759.1 ns/op (538 ops, 3206.00 allocs/op)
  b2 full|color dense_bitmap_len_all: 2604362.3 ns/op (768 ops, 3211.00 allocs/op)
  b2 full|color d3_dense_count_u64: 1970973.1 ns/op (1015 ops, 1.00 allocs/op)
  b2 real:facet_disjunctive_multi_dim d1_iterate: 118228.9 ns/op (16927 ops, 0.00 allocs/op)
  b2 real:facet_disjunctive_multi_dim|style ordinal: 194575.6 ns/op (10287 ops, 20.00 allocs/op)
  b2 real:facet_disjunctive_multi_dim|style bitmap: 2041582.2 ns/op (980 ops, 22.00 allocs/op)
  b2 real:facet_disjunctive_multi_dim|style d2_iterate_gather: 126884.6 ns/op (15775 ops, 0.00 allocs/op)
  b2 real:facet_disjunctive_multi_dim|style d3_count_u64: 206835.0 ns/op (9671 ops, 1.00 allocs/op)
  b2 real:facet_disjunctive_multi_dim|style d3_count_u32: 205517.9 ns/op (9735 ops, 1.00 allocs/op)
  b2 real:facet_disjunctive_multi_dim|style d5_materialize: 1573.6 ns/op (1271807 ops, 19.00 allocs/op)
  b2 real:facet_disjunctive_multi_dim|shape ordinal: 188192.5 ns/op (10631 ops, 24.00 allocs/op)
  b2 real:facet_disjunctive_multi_dim|shape bitmap: 2940222.1 ns/op (681 ops, 27.00 allocs/op)
  b2 real:facet_disjunctive_multi_dim|shape d2_iterate_gather: 133590.2 ns/op (14983 ops, 0.00 allocs/op)
  b2 real:facet_disjunctive_multi_dim|shape d3_count_u64: 202423.8 ns/op (9887 ops, 1.00 allocs/op)
  b2 real:facet_disjunctive_multi_dim|shape d3_count_u32: 187499.6 ns/op (10671 ops, 1.00 allocs/op)
  b2 real:facet_disjunctive_multi_dim|shape d5_materialize: 2185.2 ns/op (917503 ops, 23.00 allocs/op)
  b2 real:facet_disjunctive_multi_dim|material ordinal: 261929.6 ns/op (7637 ops, 44.00 allocs/op)
  b2 real:facet_disjunctive_multi_dim|material bitmap: 4669235.7 ns/op (429 ops, 48.00 allocs/op)
  b2 real:facet_disjunctive_multi_dim|material d2_iterate_gather: 138302.3 ns/op (14463 ops, 0.00 allocs/op)
  b2 real:facet_disjunctive_multi_dim|material d3_count_u64: 217802.7 ns/op (9183 ops, 1.00 allocs/op)
  b2 real:facet_disjunctive_multi_dim|material d3_count_u32: 193056.8 ns/op (10367 ops, 1.00 allocs/op)
  b2 real:facet_disjunctive_multi_dim|material d5_materialize: 5989.6 ns/op (334079 ops, 43.00 allocs/op)
  b2 real:facet_disjunctive_multi_dim|primarymaterial ordinal: 217604.8 ns/op (9191 ops, 57.00 allocs/op)
  b2 real:facet_disjunctive_multi_dim|primarymaterial bitmap: 6340531.7 ns/op (316 ops, 60.00 allocs/op)
  b2 real:facet_disjunctive_multi_dim|primarymaterial d2_iterate_gather: 123898.8 ns/op (16143 ops, 0.00 allocs/op)
  b2 real:facet_disjunctive_multi_dim|primarymaterial d3_count_u64: 209424.4 ns/op (9551 ops, 1.00 allocs/op)
  b2 real:facet_disjunctive_multi_dim|primarymaterial d3_count_u32: 201487.2 ns/op (9927 ops, 1.00 allocs/op)
  b2 real:facet_disjunctive_multi_dim|primarymaterial d5_materialize: 8328.9 ns/op (240383 ops, 56.00 allocs/op)
  b2 real:facet_disjunctive_multi_dim|color ordinal: 173654.4 ns/op (11519 ops, 3.00 allocs/op)
  b2 real:facet_disjunctive_multi_dim|color bitmap: 69279189.7 ns/op (200 ops, 8.00 allocs/op)
  b2 real:facet_disjunctive_multi_dim|color d2_iterate_gather: 129876.0 ns/op (15407 ops, 0.00 allocs/op)
  b2 real:facet_disjunctive_multi_dim|color d3_count_u64: 141764.6 ns/op (14111 ops, 1.00 allocs/op)
  b2 real:facet_disjunctive_multi_dim|color d3_count_u32: 136456.5 ns/op (14663 ops, 1.00 allocs/op)
  b2 real:facet_disjunctive_multi_dim|color d5_materialize: 1931.7 ns/op (1036287 ops, 2.00 allocs/op)
  b2 real:fc3_style_modern_x_color d1_iterate: 830836.1 ns/op (2409 ops, 0.00 allocs/op)
  b2 real:fc3_style_modern_x_color|style ordinal: 997350.7 ns/op (2007 ops, 3.00 allocs/op)
  b2 real:fc3_style_modern_x_color|style bitmap: 120827.7 ns/op (16559 ops, 5.00 allocs/op)
  b2 real:fc3_style_modern_x_color|style d2_iterate_gather: 982953.2 ns/op (2035 ops, 0.00 allocs/op)
  b2 real:fc3_style_modern_x_color|style d3_count_u64: 903951.5 ns/op (2213 ops, 1.00 allocs/op)
  b2 real:fc3_style_modern_x_color|style d3_count_u32: 924924.0 ns/op (2163 ops, 1.00 allocs/op)
  b2 real:fc3_style_modern_x_color|style d5_materialize: 150.7 ns/op (13271039 ops, 2.00 allocs/op)
  b2 real:fc3_style_modern_x_color|shape ordinal: 1180231.0 ns/op (1695 ops, 51.00 allocs/op)
  b2 real:fc3_style_modern_x_color|shape bitmap: 177230.1 ns/op (11287 ops, 54.00 allocs/op)
  b2 real:fc3_style_modern_x_color|shape d2_iterate_gather: 885491.0 ns/op (2259 ops, 0.00 allocs/op)
  b2 real:fc3_style_modern_x_color|shape d3_count_u64: 1204694.3 ns/op (1661 ops, 1.00 allocs/op)
  b2 real:fc3_style_modern_x_color|shape d3_count_u32: 1148844.0 ns/op (1741 ops, 1.00 allocs/op)
  b2 real:fc3_style_modern_x_color|shape d5_materialize: 8236.1 ns/op (242943 ops, 50.00 allocs/op)
  b2 real:fc3_style_modern_x_color|material ordinal: 1051827.1 ns/op (1902 ops, 81.00 allocs/op)
  b2 real:fc3_style_modern_x_color|material bitmap: 261007.4 ns/op (7663 ops, 85.00 allocs/op)
  b2 real:fc3_style_modern_x_color|material d2_iterate_gather: 954528.3 ns/op (2097 ops, 0.00 allocs/op)
  b2 real:fc3_style_modern_x_color|material d3_count_u64: 1079003.8 ns/op (1854 ops, 1.00 allocs/op)
  b2 real:fc3_style_modern_x_color|material d3_count_u32: 1095042.6 ns/op (1827 ops, 1.00 allocs/op)
  b2 real:fc3_style_modern_x_color|material d5_materialize: 13674.0 ns/op (146303 ops, 80.00 allocs/op)
  b2 real:fc3_style_modern_x_color|primarymaterial ordinal: 1114221.4 ns/op (1795 ops, 83.00 allocs/op)
  b2 real:fc3_style_modern_x_color|primarymaterial bitmap: 356955.1 ns/op (5603 ops, 86.00 allocs/op)
  b2 real:fc3_style_modern_x_color|primarymaterial d2_iterate_gather: 906302.8 ns/op (2207 ops, 0.00 allocs/op)
  b2 real:fc3_style_modern_x_color|primarymaterial d3_count_u64: 1188435.6 ns/op (1683 ops, 1.00 allocs/op)
  b2 real:fc3_style_modern_x_color|primarymaterial d3_count_u32: 1098870.7 ns/op (1821 ops, 1.00 allocs/op)
  b2 real:fc3_style_modern_x_color|primarymaterial d5_materialize: 13506.8 ns/op (148095 ops, 82.00 allocs/op)
  b2 real:fc3_style_modern_x_color|color ordinal: 1561949.2 ns/op (1281 ops, 875.00 allocs/op)
  b2 real:fc3_style_modern_x_color|color bitmap: 5444961.7 ns/op (368 ops, 880.00 allocs/op)
  b2 real:fc3_style_modern_x_color|color d2_iterate_gather: 960639.2 ns/op (2083 ops, 0.00 allocs/op)
  b2 real:fc3_style_modern_x_color|color d3_count_u64: 1351732.5 ns/op (1480 ops, 1.00 allocs/op)
  b2 real:fc3_style_modern_x_color|color d3_count_u32: 1328074.3 ns/op (1506 ops, 1.00 allocs/op)
  b2 real:fc3_style_modern_x_color|color d5_materialize: 289993.3 ns/op (6899 ops, 874.00 allocs/op)
  b2 real:fc4_color_white_x_style d1_iterate: 134791.5 ns/op (14847 ops, 0.00 allocs/op)
  b2 real:fc4_color_white_x_style|style ordinal: 238473.8 ns/op (8391 ops, 25.00 allocs/op)
  b2 real:fc4_color_white_x_style|style bitmap: 2304083.3 ns/op (869 ops, 27.00 allocs/op)
  b2 real:fc4_color_white_x_style|style d2_iterate_gather: 178157.0 ns/op (11231 ops, 0.00 allocs/op)
  b2 real:fc4_color_white_x_style|style d3_count_u64: 212223.1 ns/op (9431 ops, 1.00 allocs/op)
  b2 real:fc4_color_white_x_style|style d3_count_u32: 196249.6 ns/op (10199 ops, 1.00 allocs/op)
  b2 real:fc4_color_white_x_style|style d5_materialize: 2068.7 ns/op (967679 ops, 24.00 allocs/op)
  b2 real:fc4_color_white_x_style|shape ordinal: 195379.7 ns/op (10239 ops, 35.00 allocs/op)
  b2 real:fc4_color_white_x_style|shape bitmap: 3073877.8 ns/op (651 ops, 38.00 allocs/op)
  b2 real:fc4_color_white_x_style|shape d2_iterate_gather: 134335.7 ns/op (14895 ops, 0.00 allocs/op)
  b2 real:fc4_color_white_x_style|shape d3_count_u64: 201658.5 ns/op (9919 ops, 1.00 allocs/op)
  b2 real:fc4_color_white_x_style|shape d3_count_u32: 180921.4 ns/op (11055 ops, 1.00 allocs/op)
  b2 real:fc4_color_white_x_style|shape d5_materialize: 3520.5 ns/op (568319 ops, 34.00 allocs/op)
  b2 real:fc4_color_white_x_style|material ordinal: 217995.6 ns/op (9175 ops, 57.00 allocs/op)
  b2 real:fc4_color_white_x_style|material bitmap: 5441899.7 ns/op (368 ops, 61.00 allocs/op)
  b2 real:fc4_color_white_x_style|material d2_iterate_gather: 151484.1 ns/op (13207 ops, 0.00 allocs/op)
  b2 real:fc4_color_white_x_style|material d3_count_u64: 215312.4 ns/op (9295 ops, 1.00 allocs/op)
  b2 real:fc4_color_white_x_style|material d3_count_u32: 209197.5 ns/op (9567 ops, 1.00 allocs/op)
  b2 real:fc4_color_white_x_style|material d5_materialize: 8511.9 ns/op (235135 ops, 56.00 allocs/op)
  b2 real:fc4_color_white_x_style|primarymaterial ordinal: 213249.5 ns/op (9383 ops, 56.00 allocs/op)
  b2 real:fc4_color_white_x_style|primarymaterial bitmap: 7413212.4 ns/op (270 ops, 59.00 allocs/op)
  b2 real:fc4_color_white_x_style|primarymaterial d2_iterate_gather: 133183.5 ns/op (15023 ops, 0.00 allocs/op)
  b2 real:fc4_color_white_x_style|primarymaterial d3_count_u64: 214167.6 ns/op (9343 ops, 1.00 allocs/op)
  b2 real:fc4_color_white_x_style|primarymaterial d3_count_u32: 199227.3 ns/op (10039 ops, 1.00 allocs/op)
  b2 real:fc4_color_white_x_style|primarymaterial d5_materialize: 7777.2 ns/op (257279 ops, 55.00 allocs/op)
  b2 real:fc4_color_white_x_style|color ordinal: 155366.5 ns/op (12879 ops, 3.00 allocs/op)
  b2 real:fc4_color_white_x_style|color bitmap: 76286721.0 ns/op (200 ops, 8.00 allocs/op)
  b2 real:fc4_color_white_x_style|color d2_iterate_gather: 136961.5 ns/op (14607 ops, 0.00 allocs/op)
  b2 real:fc4_color_white_x_style|color d3_count_u64: 161947.8 ns/op (12351 ops, 1.00 allocs/op)
  b2 real:fc4_color_white_x_style|color d3_count_u32: 145342.6 ns/op (13767 ops, 1.00 allocs/op)
  b2 real:fc4_color_white_x_style|color d5_materialize: 1878.7 ns/op (1064959 ops, 2.00 allocs/op)
  b2 real:fc6_depth3_x_shape d1_iterate: 380.3 ns/op (5259263 ops, 0.00 allocs/op)
  b2 real:fc6_depth3_x_shape|style ordinal: 731.3 ns/op (2736127 ops, 3.00 allocs/op)
  b2 real:fc6_depth3_x_shape|style bitmap: 156933.1 ns/op (12747 ops, 5.00 allocs/op)
  b2 real:fc6_depth3_x_shape|style d2_iterate_gather: 405.0 ns/op (4939775 ops, 0.00 allocs/op)
  b2 real:fc6_depth3_x_shape|style d3_count_u64: 457.3 ns/op (4374527 ops, 1.00 allocs/op)
  b2 real:fc6_depth3_x_shape|style d3_count_u32: 434.8 ns/op (4599807 ops, 1.00 allocs/op)
  b2 real:fc6_depth3_x_shape|style d5_materialize: 172.9 ns/op (11567103 ops, 2.00 allocs/op)
  b2 real:fc6_depth3_x_shape|shape ordinal: 748.8 ns/op (2672639 ops, 3.00 allocs/op)
  b2 real:fc6_depth3_x_shape|shape bitmap: 245444.7 ns/op (8151 ops, 6.00 allocs/op)
  b2 real:fc6_depth3_x_shape|shape d2_iterate_gather: 457.7 ns/op (4370431 ops, 0.00 allocs/op)
  b2 real:fc6_depth3_x_shape|shape d3_count_u64: 523.5 ns/op (3823615 ops, 1.00 allocs/op)
  b2 real:fc6_depth3_x_shape|shape d3_count_u32: 443.2 ns/op (4513791 ops, 1.00 allocs/op)
  b2 real:fc6_depth3_x_shape|shape d5_materialize: 167.4 ns/op (11960319 ops, 2.00 allocs/op)
  b2 real:fc6_depth3_x_shape|material ordinal: 696.7 ns/op (2872319 ops, 1.00 allocs/op)
  b2 real:fc6_depth3_x_shape|material bitmap: 337562.9 ns/op (5927 ops, 5.00 allocs/op)
  b2 real:fc6_depth3_x_shape|material d2_iterate_gather: 405.4 ns/op (4935679 ops, 0.00 allocs/op)
  b2 real:fc6_depth3_x_shape|material d3_count_u64: 487.6 ns/op (4104191 ops, 1.00 allocs/op)
  b2 real:fc6_depth3_x_shape|material d3_count_u32: 519.0 ns/op (3854335 ops, 1.00 allocs/op)
  b2 real:fc6_depth3_x_shape|material d5_materialize: 126.2 ns/op (15859711 ops, 0.00 allocs/op)
  b2 real:fc6_depth3_x_shape|primarymaterial ordinal: 938.6 ns/op (2131967 ops, 3.00 allocs/op)
  b2 real:fc6_depth3_x_shape|primarymaterial bitmap: 434646.6 ns/op (4603 ops, 6.00 allocs/op)
  b2 real:fc6_depth3_x_shape|primarymaterial d2_iterate_gather: 403.1 ns/op (4964351 ops, 0.00 allocs/op)
  b2 real:fc6_depth3_x_shape|primarymaterial d3_count_u64: 528.1 ns/op (3788799 ops, 1.00 allocs/op)
  b2 real:fc6_depth3_x_shape|primarymaterial d3_count_u32: 656.6 ns/op (3047423 ops, 1.00 allocs/op)
  b2 real:fc6_depth3_x_shape|primarymaterial d5_materialize: 243.6 ns/op (8216575 ops, 2.00 allocs/op)
  b2 real:fc6_depth3_x_shape|color ordinal: 3747.3 ns/op (534015 ops, 3.00 allocs/op)
  b2 real:fc6_depth3_x_shape|color bitmap: 6557505.4 ns/op (305 ops, 8.00 allocs/op)
  b2 real:fc6_depth3_x_shape|color d2_iterate_gather: 425.4 ns/op (4702207 ops, 0.00 allocs/op)
  b2 real:fc6_depth3_x_shape|color d3_count_u64: 905.4 ns/op (2209791 ops, 1.00 allocs/op)
  b2 real:fc6_depth3_x_shape|color d3_count_u32: 937.5 ns/op (2134015 ops, 1.00 allocs/op)
  b2 real:fc6_depth3_x_shape|color d5_materialize: 1797.1 ns/op (1113087 ops, 2.00 allocs/op)
  b2 real:fc7_pergolas_x_color d1_iterate: 1257.8 ns/op (1590271 ops, 0.00 allocs/op)
  b2 real:fc7_pergolas_x_color|style ordinal: 1759.7 ns/op (1136639 ops, 4.00 allocs/op)
  b2 real:fc7_pergolas_x_color|style bitmap: 165256.1 ns/op (12107 ops, 6.00 allocs/op)
  b2 real:fc7_pergolas_x_color|style d2_iterate_gather: 1361.8 ns/op (1469439 ops, 0.00 allocs/op)
  b2 real:fc7_pergolas_x_color|style d3_count_u64: 1457.3 ns/op (1373183 ops, 1.00 allocs/op)
  b2 real:fc7_pergolas_x_color|style d3_count_u32: 1404.8 ns/op (1424383 ops, 1.00 allocs/op)
  b2 real:fc7_pergolas_x_color|style d5_materialize: 214.6 ns/op (9322495 ops, 3.00 allocs/op)
  b2 real:fc7_pergolas_x_color|shape ordinal: 2142.5 ns/op (933887 ops, 4.00 allocs/op)
  b2 real:fc7_pergolas_x_color|shape bitmap: 300253.5 ns/op (6663 ops, 7.00 allocs/op)
  b2 real:fc7_pergolas_x_color|shape d2_iterate_gather: 1531.4 ns/op (1306623 ops, 0.00 allocs/op)
  b2 real:fc7_pergolas_x_color|shape d3_count_u64: 1677.2 ns/op (1192959 ops, 1.00 allocs/op)
  b2 real:fc7_pergolas_x_color|shape d3_count_u32: 1503.6 ns/op (1330175 ops, 1.00 allocs/op)
  b2 real:fc7_pergolas_x_color|shape d5_materialize: 213.6 ns/op (9367551 ops, 3.00 allocs/op)
  b2 real:fc7_pergolas_x_color|material ordinal: 1644.7 ns/op (1216511 ops, 1.00 allocs/op)
  b2 real:fc7_pergolas_x_color|material bitmap: 432269.3 ns/op (4627 ops, 5.00 allocs/op)
  b2 real:fc7_pergolas_x_color|material d2_iterate_gather: 1349.0 ns/op (1482751 ops, 0.00 allocs/op)
  b2 real:fc7_pergolas_x_color|material d3_count_u64: 1474.2 ns/op (1356799 ops, 1.00 allocs/op)
  b2 real:fc7_pergolas_x_color|material d3_count_u32: 1474.8 ns/op (1356799 ops, 1.00 allocs/op)
  b2 real:fc7_pergolas_x_color|material d5_materialize: 125.2 ns/op (15982591 ops, 0.00 allocs/op)
  b2 real:fc7_pergolas_x_color|primarymaterial ordinal: 1733.3 ns/op (1154047 ops, 1.00 allocs/op)
  b2 real:fc7_pergolas_x_color|primarymaterial bitmap: 720456.0 ns/op (2777 ops, 4.00 allocs/op)
  b2 real:fc7_pergolas_x_color|primarymaterial d2_iterate_gather: 1506.7 ns/op (1328127 ops, 0.00 allocs/op)
  b2 real:fc7_pergolas_x_color|primarymaterial d3_count_u64: 1488.3 ns/op (1344511 ops, 1.00 allocs/op)
  b2 real:fc7_pergolas_x_color|primarymaterial d3_count_u32: 1496.8 ns/op (1336319 ops, 1.00 allocs/op)
  b2 real:fc7_pergolas_x_color|primarymaterial d5_materialize: 189.3 ns/op (10567679 ops, 0.00 allocs/op)
  b2 real:fc7_pergolas_x_color|color ordinal: 4207.4 ns/op (475391 ops, 1.00 allocs/op)
  b2 real:fc7_pergolas_x_color|color bitmap: 9146481.7 ns/op (219 ops, 6.00 allocs/op)
  b2 real:fc7_pergolas_x_color|color d2_iterate_gather: 1380.3 ns/op (1449983 ops, 0.00 allocs/op)
  b2 real:fc7_pergolas_x_color|color d3_count_u64: 2000.1 ns/op (1000959 ops, 1.00 allocs/op)
  b2 real:fc7_pergolas_x_color|color d3_count_u32: 1807.6 ns/op (1106943 ops, 1.00 allocs/op)
  b2 real:fc7_pergolas_x_color|color d5_materialize: 1744.5 ns/op (1146879 ops, 0.00 allocs/op)
  b2 real:numeric_range_sort d1_iterate: 3024299.9 ns/op (662 ops, 0.00 allocs/op)
  b2 real:numeric_range_sort|style ordinal: 4615968.0 ns/op (434 ops, 71.00 allocs/op)
  b2 real:numeric_range_sort|style bitmap: 126561.2 ns/op (15807 ops, 73.00 allocs/op)
  b2 real:numeric_range_sort|style d2_iterate_gather: 3484385.4 ns/op (574 ops, 0.00 allocs/op)
  b2 real:numeric_range_sort|style d3_count_u64: 4380283.9 ns/op (457 ops, 1.00 allocs/op)
  b2 real:numeric_range_sort|style d3_count_u32: 4755938.5 ns/op (421 ops, 1.00 allocs/op)
  b2 real:numeric_range_sort|style d5_materialize: 10489.4 ns/op (190847 ops, 70.00 allocs/op)
  b2 real:numeric_range_sort|shape ordinal: 4052383.1 ns/op (494 ops, 105.00 allocs/op)
  b2 real:numeric_range_sort|shape bitmap: 191032.8 ns/op (10471 ops, 108.00 allocs/op)
  b2 real:numeric_range_sort|shape d2_iterate_gather: 3610238.7 ns/op (554 ops, 0.00 allocs/op)
  b2 real:numeric_range_sort|shape d3_count_u64: 4203993.1 ns/op (476 ops, 1.00 allocs/op)
  b2 real:numeric_range_sort|shape d3_count_u32: 5106575.7 ns/op (392 ops, 1.00 allocs/op)
  b2 real:numeric_range_sort|shape d5_materialize: 17813.3 ns/op (112319 ops, 104.00 allocs/op)
  b2 real:numeric_range_sort|material ordinal: 4044166.6 ns/op (495 ops, 172.00 allocs/op)
  b2 real:numeric_range_sort|material bitmap: 300989.8 ns/op (6647 ops, 176.00 allocs/op)
  b2 real:numeric_range_sort|material d2_iterate_gather: 3248754.8 ns/op (616 ops, 0.00 allocs/op)
  b2 real:numeric_range_sort|material d3_count_u64: 4379781.0 ns/op (457 ops, 1.00 allocs/op)
  b2 real:numeric_range_sort|material d3_count_u32: 4077741.1 ns/op (491 ops, 1.00 allocs/op)
  b2 real:numeric_range_sort|material d5_materialize: 36942.7 ns/op (54143 ops, 171.00 allocs/op)
  b2 real:numeric_range_sort|primarymaterial ordinal: 4167703.9 ns/op (480 ops, 237.00 allocs/op)
  b2 real:numeric_range_sort|primarymaterial bitmap: 423798.4 ns/op (4723 ops, 240.00 allocs/op)
  b2 real:numeric_range_sort|primarymaterial d2_iterate_gather: 3486978.8 ns/op (574 ops, 0.00 allocs/op)
  b2 real:numeric_range_sort|primarymaterial d3_count_u64: 5118729.3 ns/op (391 ops, 1.00 allocs/op)
  b2 real:numeric_range_sort|primarymaterial d3_count_u32: 4509142.1 ns/op (444 ops, 1.00 allocs/op)
  b2 real:numeric_range_sort|primarymaterial d5_materialize: 63172.4 ns/op (31663 ops, 236.00 allocs/op)
  b2 real:numeric_range_sort|color ordinal: 6129151.4 ns/op (327 ops, 2671.00 allocs/op)
  b2 real:numeric_range_sort|color bitmap: 7304897.2 ns/op (274 ops, 2676.00 allocs/op)
  b2 real:numeric_range_sort|color d2_iterate_gather: 3268866.6 ns/op (612 ops, 0.00 allocs/op)
  b2 real:numeric_range_sort|color d3_count_u64: 4743597.1 ns/op (422 ops, 1.00 allocs/op)
  b2 real:numeric_range_sort|color d3_count_u32: 4730937.4 ns/op (423 ops, 1.00 allocs/op)
  b2 real:numeric_range_sort|color d5_materialize: 1026609.9 ns/op (1949 ops, 2670.00 allocs/op)
  b2 real:sc3_accent_chairs_review_count_desc d1_iterate: 94625.4 ns/op (21151 ops, 0.00 allocs/op)
  b2 real:sc3_accent_chairs_review_count_desc|style ordinal: 178790.0 ns/op (11191 ops, 17.00 allocs/op)
  b2 real:sc3_accent_chairs_review_count_desc|style bitmap: 1561459.6 ns/op (1282 ops, 19.00 allocs/op)
  b2 real:sc3_accent_chairs_review_count_desc|style d2_iterate_gather: 128489.8 ns/op (15567 ops, 0.00 allocs/op)
  b2 real:sc3_accent_chairs_review_count_desc|style d3_count_u64: 181395.0 ns/op (11033 ops, 1.00 allocs/op)
  b2 real:sc3_accent_chairs_review_count_desc|style d3_count_u32: 152746.7 ns/op (13095 ops, 1.00 allocs/op)
  b2 real:sc3_accent_chairs_review_count_desc|style d5_materialize: 1300.2 ns/op (1539071 ops, 16.00 allocs/op)
  b2 real:sc3_accent_chairs_review_count_desc|shape ordinal: 116679.3 ns/op (17151 ops, 1.00 allocs/op)
  b2 real:sc3_accent_chairs_review_count_desc|shape bitmap: 2744493.1 ns/op (731 ops, 4.00 allocs/op)
  b2 real:sc3_accent_chairs_review_count_desc|shape d2_iterate_gather: 113249.1 ns/op (17671 ops, 0.00 allocs/op)
  b2 real:sc3_accent_chairs_review_count_desc|shape d3_count_u64: 103090.0 ns/op (19407 ops, 1.00 allocs/op)
  b2 real:sc3_accent_chairs_review_count_desc|shape d3_count_u32: 101433.4 ns/op (19727 ops, 1.00 allocs/op)
  b2 real:sc3_accent_chairs_review_count_desc|shape d5_materialize: 85.4 ns/op (23429119 ops, 0.00 allocs/op)
  b2 real:sc3_accent_chairs_review_count_desc|material ordinal: 105142.3 ns/op (19023 ops, 1.00 allocs/op)
  b2 real:sc3_accent_chairs_review_count_desc|material bitmap: 4175150.0 ns/op (480 ops, 5.00 allocs/op)
  b2 real:sc3_accent_chairs_review_count_desc|material d2_iterate_gather: 107986.0 ns/op (18527 ops, 0.00 allocs/op)
  b2 real:sc3_accent_chairs_review_count_desc|material d3_count_u64: 102403.9 ns/op (19535 ops, 1.00 allocs/op)
  b2 real:sc3_accent_chairs_review_count_desc|material d3_count_u32: 112467.4 ns/op (17791 ops, 1.00 allocs/op)
  b2 real:sc3_accent_chairs_review_count_desc|material d5_materialize: 166.8 ns/op (11993087 ops, 0.00 allocs/op)
  b2 real:sc3_accent_chairs_review_count_desc|primarymaterial ordinal: 120259.0 ns/op (16635 ops, 1.00 allocs/op)
  b2 real:sc3_accent_chairs_review_count_desc|primarymaterial bitmap: 5761813.1 ns/op (348 ops, 4.00 allocs/op)
  b2 real:sc3_accent_chairs_review_count_desc|primarymaterial d2_iterate_gather: 110155.9 ns/op (18175 ops, 0.00 allocs/op)
  b2 real:sc3_accent_chairs_review_count_desc|primarymaterial d3_count_u64: 125018.8 ns/op (15999 ops, 1.00 allocs/op)
  b2 real:sc3_accent_chairs_review_count_desc|primarymaterial d3_count_u32: 117720.9 ns/op (16991 ops, 1.00 allocs/op)
  b2 real:sc3_accent_chairs_review_count_desc|primarymaterial d5_materialize: 174.3 ns/op (11476991 ops, 0.00 allocs/op)
  b2 real:sc3_accent_chairs_review_count_desc|color ordinal: 101407.4 ns/op (19727 ops, 1.00 allocs/op)
  b2 real:sc3_accent_chairs_review_count_desc|color bitmap: 57528472.8 ns/op (200 ops, 6.00 allocs/op)
  b2 real:sc3_accent_chairs_review_count_desc|color d2_iterate_gather: 106004.0 ns/op (18879 ops, 0.00 allocs/op)
  b2 real:sc3_accent_chairs_review_count_desc|color d3_count_u64: 119368.8 ns/op (16767 ops, 1.00 allocs/op)
  b2 real:sc3_accent_chairs_review_count_desc|color d3_count_u32: 103626.0 ns/op (19311 ops, 1.00 allocs/op)
  b2 real:sc3_accent_chairs_review_count_desc|color d5_materialize: 2427.5 ns/op (824319 ops, 0.00 allocs/op)
  b2 real:sc6_depth5_review_count_desc d1_iterate: 192.9 ns/op (10371071 ops, 0.00 allocs/op)
  b2 real:sc6_depth5_review_count_desc|style ordinal: 631.8 ns/op (3166207 ops, 3.00 allocs/op)
  b2 real:sc6_depth5_review_count_desc|style bitmap: 94745.9 ns/op (21119 ops, 5.00 allocs/op)
  b2 real:sc6_depth5_review_count_desc|style d2_iterate_gather: 201.7 ns/op (9920511 ops, 0.00 allocs/op)
  b2 real:sc6_depth5_review_count_desc|style d3_count_u64: 280.2 ns/op (7139327 ops, 1.00 allocs/op)
  b2 real:sc6_depth5_review_count_desc|style d3_count_u32: 273.1 ns/op (7323647 ops, 1.00 allocs/op)
  b2 real:sc6_depth5_review_count_desc|style d5_materialize: 166.6 ns/op (12025855 ops, 2.00 allocs/op)
  b2 real:sc6_depth5_review_count_desc|shape ordinal: 617.3 ns/op (3240959 ops, 3.00 allocs/op)
  b2 real:sc6_depth5_review_count_desc|shape bitmap: 181231.1 ns/op (11039 ops, 6.00 allocs/op)
  b2 real:sc6_depth5_review_count_desc|shape d2_iterate_gather: 188.1 ns/op (10633215 ops, 0.00 allocs/op)
  b2 real:sc6_depth5_review_count_desc|shape d3_count_u64: 289.9 ns/op (6901759 ops, 1.00 allocs/op)
  b2 real:sc6_depth5_review_count_desc|shape d3_count_u32: 266.4 ns/op (7507967 ops, 1.00 allocs/op)
  b2 real:sc6_depth5_review_count_desc|shape d5_materialize: 182.1 ns/op (10985471 ops, 2.00 allocs/op)
  b2 real:sc6_depth5_review_count_desc|material ordinal: 565.7 ns/op (3536895 ops, 1.00 allocs/op)
  b2 real:sc6_depth5_review_count_desc|material bitmap: 281462.7 ns/op (7107 ops, 5.00 allocs/op)
  b2 real:sc6_depth5_review_count_desc|material d2_iterate_gather: 218.6 ns/op (9166847 ops, 0.00 allocs/op)
  b2 real:sc6_depth5_review_count_desc|material d3_count_u64: 334.6 ns/op (5978111 ops, 1.00 allocs/op)
  b2 real:sc6_depth5_review_count_desc|material d3_count_u32: 262.3 ns/op (7626751 ops, 1.00 allocs/op)
  b2 real:sc6_depth5_review_count_desc|material d5_materialize: 129.8 ns/op (15417343 ops, 0.00 allocs/op)
  b2 real:sc6_depth5_review_count_desc|primarymaterial ordinal: 713.7 ns/op (2803711 ops, 3.00 allocs/op)
  b2 real:sc6_depth5_review_count_desc|primarymaterial bitmap: 337269.4 ns/op (5931 ops, 6.00 allocs/op)
  b2 real:sc6_depth5_review_count_desc|primarymaterial d2_iterate_gather: 202.2 ns/op (9895935 ops, 0.00 allocs/op)
  b2 real:sc6_depth5_review_count_desc|primarymaterial d3_count_u64: 314.5 ns/op (6361087 ops, 1.00 allocs/op)
  b2 real:sc6_depth5_review_count_desc|primarymaterial d3_count_u32: 292.2 ns/op (6848511 ops, 1.00 allocs/op)
  b2 real:sc6_depth5_review_count_desc|primarymaterial d5_materialize: 266.5 ns/op (7512063 ops, 2.00 allocs/op)
  b2 real:sc6_depth5_review_count_desc|color ordinal: 3344.1 ns/op (598527 ops, 3.00 allocs/op)
  b2 real:sc6_depth5_review_count_desc|color bitmap: 5161529.5 ns/op (388 ops, 8.00 allocs/op)
  b2 real:sc6_depth5_review_count_desc|color d2_iterate_gather: 214.5 ns/op (9330687 ops, 0.00 allocs/op)
  b2 real:sc6_depth5_review_count_desc|color d3_count_u64: 683.2 ns/op (2928639 ops, 1.00 allocs/op)
  b2 real:sc6_depth5_review_count_desc|color d3_count_u32: 718.7 ns/op (2783231 ops, 1.00 allocs/op)
  b2 real:sc6_depth5_review_count_desc|color d5_materialize: 1844.0 ns/op (1084927 ops, 2.00 allocs/op)
  b2 random:0.5 d1_iterate: 2240895.2 ns/op (893 ops, 0.00 allocs/op)
  b2 random:0.5|style ordinal: 3069709.4 ns/op (652 ops, 74.00 allocs/op)
  b2 random:0.5|style bitmap: 131204.3 ns/op (15247 ops, 76.00 allocs/op)
  b2 random:0.5|style d2_iterate_gather: 2238628.7 ns/op (894 ops, 0.00 allocs/op)
  b2 random:0.5|style d3_count_u64: 3408184.4 ns/op (587 ops, 1.00 allocs/op)
  b2 random:0.5|style d3_count_u32: 3193360.8 ns/op (627 ops, 1.00 allocs/op)
  b2 random:0.5|style d5_materialize: 10941.5 ns/op (182911 ops, 73.00 allocs/op)
  b2 random:0.5|shape ordinal: 2771094.5 ns/op (722 ops, 108.00 allocs/op)
  b2 random:0.5|shape bitmap: 187604.6 ns/op (10663 ops, 111.00 allocs/op)
  b2 random:0.5|shape d2_iterate_gather: 2345884.8 ns/op (853 ops, 0.00 allocs/op)
  b2 random:0.5|shape d3_count_u64: 3006210.0 ns/op (666 ops, 1.00 allocs/op)
  b2 random:0.5|shape d3_count_u32: 2862891.7 ns/op (702 ops, 1.00 allocs/op)
  b2 random:0.5|shape d5_materialize: 22900.0 ns/op (87359 ops, 107.00 allocs/op)
  b2 random:0.5|material ordinal: 2867760.7 ns/op (698 ops, 185.00 allocs/op)
  b2 random:0.5|material bitmap: 331784.9 ns/op (6031 ops, 189.00 allocs/op)
  b2 random:0.5|material d2_iterate_gather: 2255256.1 ns/op (887 ops, 0.00 allocs/op)
  b2 random:0.5|material d3_count_u64: 2749600.5 ns/op (728 ops, 1.00 allocs/op)
  b2 random:0.5|material d3_count_u32: 2979561.3 ns/op (672 ops, 1.00 allocs/op)
  b2 random:0.5|material d5_materialize: 37193.1 ns/op (53791 ops, 184.00 allocs/op)
  b2 random:0.5|primarymaterial ordinal: 2986569.4 ns/op (670 ops, 279.00 allocs/op)
  b2 random:0.5|primarymaterial bitmap: 461036.3 ns/op (4339 ops, 282.00 allocs/op)
  b2 random:0.5|primarymaterial d2_iterate_gather: 2234691.5 ns/op (895 ops, 0.00 allocs/op)
  b2 random:0.5|primarymaterial d3_count_u64: 2947663.2 ns/op (679 ops, 1.00 allocs/op)
  b2 random:0.5|primarymaterial d3_count_u32: 3005251.2 ns/op (666 ops, 1.00 allocs/op)
  b2 random:0.5|primarymaterial d5_materialize: 65349.6 ns/op (30623 ops, 278.00 allocs/op)
  b2 random:0.5|color ordinal: 5359495.1 ns/op (374 ops, 3206.00 allocs/op)
  b2 random:0.5|color bitmap: 6467683.1 ns/op (310 ops, 3211.00 allocs/op)
  b2 random:0.5|color d2_iterate_gather: 2342777.4 ns/op (854 ops, 0.00 allocs/op)
  b2 random:0.5|color d3_count_u64: 3208993.7 ns/op (624 ops, 1.00 allocs/op)
  b2 random:0.5|color d3_count_u32: 3392914.0 ns/op (590 ops, 1.00 allocs/op)
  b2 random:0.5|color d5_materialize: 1291314.3 ns/op (1549 ops, 3205.00 allocs/op)
  b2 prefix:0.5 d1_iterate: 2002408.1 ns/op (999 ops, 0.00 allocs/op)
  b2 prefix:0.5|style ordinal: 2749315.9 ns/op (728 ops, 74.00 allocs/op)
  b2 prefix:0.5|style bitmap: 74758.0 ns/op (26767 ops, 76.00 allocs/op)
  b2 prefix:0.5|style d2_iterate_gather: 2198646.2 ns/op (910 ops, 0.00 allocs/op)
  b2 prefix:0.5|style d3_count_u64: 2889719.6 ns/op (693 ops, 1.00 allocs/op)
  b2 prefix:0.5|style d3_count_u32: 2764843.5 ns/op (724 ops, 1.00 allocs/op)
  b2 prefix:0.5|style d5_materialize: 11382.8 ns/op (175871 ops, 73.00 allocs/op)
  b2 prefix:0.5|shape ordinal: 3074638.0 ns/op (651 ops, 108.00 allocs/op)
  b2 prefix:0.5|shape bitmap: 134019.9 ns/op (14927 ops, 111.00 allocs/op)
  b2 prefix:0.5|shape d2_iterate_gather: 2198635.6 ns/op (910 ops, 0.00 allocs/op)
  b2 prefix:0.5|shape d3_count_u64: 2884928.9 ns/op (694 ops, 1.00 allocs/op)
  b2 prefix:0.5|shape d3_count_u32: 2791990.7 ns/op (717 ops, 1.00 allocs/op)
  b2 prefix:0.5|shape d5_materialize: 21314.2 ns/op (93887 ops, 107.00 allocs/op)
  b2 prefix:0.5|material ordinal: 2847131.1 ns/op (704 ops, 185.00 allocs/op)
  b2 prefix:0.5|material bitmap: 200148.0 ns/op (9999 ops, 189.00 allocs/op)
  b2 prefix:0.5|material d2_iterate_gather: 2222488.9 ns/op (900 ops, 0.00 allocs/op)
  b2 prefix:0.5|material d3_count_u64: 2922344.5 ns/op (685 ops, 1.00 allocs/op)
  b2 prefix:0.5|material d3_count_u32: 2625268.0 ns/op (762 ops, 1.00 allocs/op)
  b2 prefix:0.5|material d5_materialize: 38198.9 ns/op (52383 ops, 184.00 allocs/op)
  b2 prefix:0.5|primarymaterial ordinal: 2826546.5 ns/op (708 ops, 279.00 allocs/op)
  b2 prefix:0.5|primarymaterial bitmap: 273430.7 ns/op (7315 ops, 282.00 allocs/op)
  b2 prefix:0.5|primarymaterial d2_iterate_gather: 2151420.1 ns/op (930 ops, 0.00 allocs/op)
  b2 prefix:0.5|primarymaterial d3_count_u64: 2775875.4 ns/op (721 ops, 1.00 allocs/op)
  b2 prefix:0.5|primarymaterial d3_count_u32: 2838075.8 ns/op (705 ops, 1.00 allocs/op)
  b2 prefix:0.5|primarymaterial d5_materialize: 65117.1 ns/op (30735 ops, 278.00 allocs/op)
  b2 prefix:0.5|color ordinal: 4549024.0 ns/op (440 ops, 3206.00 allocs/op)
  b2 prefix:0.5|color bitmap: 5309725.8 ns/op (377 ops, 3211.00 allocs/op)
  b2 prefix:0.5|color d2_iterate_gather: 2208113.7 ns/op (906 ops, 0.00 allocs/op)
  b2 prefix:0.5|color d3_count_u64: 3193244.6 ns/op (627 ops, 1.00 allocs/op)
  b2 prefix:0.5|color d3_count_u32: 2998559.1 ns/op (667 ops, 1.00 allocs/op)
  b2 prefix:0.5|color d5_materialize: 1251481.9 ns/op (1599 ops, 3205.00 allocs/op)
  b2 random:0.25 d1_iterate: 1092367.5 ns/op (1831 ops, 0.00 allocs/op)
  b2 random:0.25|style ordinal: 1689611.7 ns/op (1184 ops, 74.00 allocs/op)
  b2 random:0.25|style bitmap: 132409.8 ns/op (15119 ops, 76.00 allocs/op)
  b2 random:0.25|style d2_iterate_gather: 1150369.4 ns/op (1739 ops, 0.00 allocs/op)
  b2 random:0.25|style d3_count_u64: 1653487.9 ns/op (1210 ops, 1.00 allocs/op)
  b2 random:0.25|style d3_count_u32: 1745828.9 ns/op (1146 ops, 1.00 allocs/op)
  b2 random:0.25|style d5_materialize: 11883.5 ns/op (168447 ops, 73.00 allocs/op)
  b2 random:0.25|shape ordinal: 1515690.4 ns/op (1320 ops, 108.00 allocs/op)
  b2 random:0.25|shape bitmap: 200571.3 ns/op (9975 ops, 111.00 allocs/op)
  b2 random:0.25|shape d2_iterate_gather: 1207038.0 ns/op (1658 ops, 0.00 allocs/op)
  b2 random:0.25|shape d3_count_u64: 1484718.9 ns/op (1348 ops, 1.00 allocs/op)
  b2 random:0.25|shape d3_count_u32: 1599162.7 ns/op (1252 ops, 1.00 allocs/op)
  b2 random:0.25|shape d5_materialize: 18703.4 ns/op (106943 ops, 107.00 allocs/op)
  b2 random:0.25|material ordinal: 1449860.6 ns/op (1380 ops, 182.00 allocs/op)
  b2 random:0.25|material bitmap: 305186.2 ns/op (6559 ops, 186.00 allocs/op)
  b2 random:0.25|material d2_iterate_gather: 1163520.0 ns/op (1719 ops, 0.00 allocs/op)
  b2 random:0.25|material d3_count_u64: 1557435.2 ns/op (1285 ops, 1.00 allocs/op)
  b2 random:0.25|material d3_count_u32: 1536870.7 ns/op (1303 ops, 1.00 allocs/op)
  b2 random:0.25|material d5_materialize: 39905.9 ns/op (50143 ops, 181.00 allocs/op)
  b2 random:0.25|primarymaterial ordinal: 1571281.1 ns/op (1274 ops, 277.00 allocs/op)
  b2 random:0.25|primarymaterial bitmap: 446690.2 ns/op (4479 ops, 280.00 allocs/op)
  b2 random:0.25|primarymaterial d2_iterate_gather: 1253182.8 ns/op (1596 ops, 0.00 allocs/op)
  b2 random:0.25|primarymaterial d3_count_u64: 1576655.6 ns/op (1269 ops, 1.00 allocs/op)
  b2 random:0.25|primarymaterial d3_count_u32: 1568139.8 ns/op (1276 ops, 1.00 allocs/op)
  b2 random:0.25|primarymaterial d5_materialize: 70159.5 ns/op (28511 ops, 276.00 allocs/op)
  b2 random:0.25|color ordinal: 3247080.5 ns/op (616 ops, 3134.00 allocs/op)
  b2 random:0.25|color bitmap: 7466929.5 ns/op (268 ops, 3139.00 allocs/op)
  b2 random:0.25|color d2_iterate_gather: 1194746.9 ns/op (1674 ops, 0.00 allocs/op)
  b2 random:0.25|color d3_count_u64: 1877154.6 ns/op (1066 ops, 1.00 allocs/op)
  b2 random:0.25|color d3_count_u32: 1771095.4 ns/op (1130 ops, 1.00 allocs/op)
  b2 random:0.25|color d5_materialize: 1299598.2 ns/op (1539 ops, 3133.00 allocs/op)
  b2 prefix:0.25 d1_iterate: 1103984.7 ns/op (1813 ops, 0.00 allocs/op)
  b2 prefix:0.25|style ordinal: 1425685.8 ns/op (1403 ops, 74.00 allocs/op)
  b2 prefix:0.25|style bitmap: 46163.9 ns/op (43327 ops, 76.00 allocs/op)
  b2 prefix:0.25|style d2_iterate_gather: 1065244.6 ns/op (1878 ops, 0.00 allocs/op)
  b2 prefix:0.25|style d3_count_u64: 1482915.6 ns/op (1349 ops, 1.00 allocs/op)
  b2 prefix:0.25|style d3_count_u32: 1690128.0 ns/op (1185 ops, 1.00 allocs/op)
  b2 prefix:0.25|style d5_materialize: 15514.1 ns/op (128991 ops, 73.00 allocs/op)
  b2 prefix:0.25|shape ordinal: 1405044.0 ns/op (1424 ops, 108.00 allocs/op)
  b2 prefix:0.25|shape bitmap: 69442.9 ns/op (28815 ops, 111.00 allocs/op)
  b2 prefix:0.25|shape d2_iterate_gather: 1106059.9 ns/op (1809 ops, 0.00 allocs/op)
  b2 prefix:0.25|shape d3_count_u64: 1505255.8 ns/op (1329 ops, 1.00 allocs/op)
  b2 prefix:0.25|shape d3_count_u32: 1357891.7 ns/op (1473 ops, 1.00 allocs/op)
  b2 prefix:0.25|shape d5_materialize: 19345.6 ns/op (103423 ops, 107.00 allocs/op)
  b2 prefix:0.25|material ordinal: 1301808.8 ns/op (1537 ops, 185.00 allocs/op)
  b2 prefix:0.25|material bitmap: 110302.9 ns/op (18143 ops, 189.00 allocs/op)
  b2 prefix:0.25|material d2_iterate_gather: 1172512.3 ns/op (1706 ops, 0.00 allocs/op)
  b2 prefix:0.25|material d3_count_u64: 1355776.3 ns/op (1476 ops, 1.00 allocs/op)
  b2 prefix:0.25|material d3_count_u32: 1307935.9 ns/op (1530 ops, 1.00 allocs/op)
  b2 prefix:0.25|material d5_materialize: 37642.7 ns/op (53151 ops, 184.00 allocs/op)
  b2 prefix:0.25|primarymaterial ordinal: 1442717.3 ns/op (1387 ops, 279.00 allocs/op)
  b2 prefix:0.25|primarymaterial bitmap: 220513.8 ns/op (9071 ops, 282.00 allocs/op)
  b2 prefix:0.25|primarymaterial d2_iterate_gather: 1099581.4 ns/op (1819 ops, 0.00 allocs/op)
  b2 prefix:0.25|primarymaterial d3_count_u64: 1350919.3 ns/op (1481 ops, 1.00 allocs/op)
  b2 prefix:0.25|primarymaterial d3_count_u32: 1490556.7 ns/op (1342 ops, 1.00 allocs/op)
  b2 prefix:0.25|primarymaterial d5_materialize: 71158.4 ns/op (28127 ops, 278.00 allocs/op)
  b2 prefix:0.25|color ordinal: 3300813.8 ns/op (606 ops, 3206.00 allocs/op)
  b2 prefix:0.25|color bitmap: 3231872.2 ns/op (619 ops, 3211.00 allocs/op)
  b2 prefix:0.25|color d2_iterate_gather: 1065366.9 ns/op (1878 ops, 0.00 allocs/op)
  b2 prefix:0.25|color d3_count_u64: 1672778.9 ns/op (1196 ops, 1.00 allocs/op)
  b2 prefix:0.25|color d3_count_u32: 1489459.4 ns/op (1343 ops, 1.00 allocs/op)
  b2 prefix:0.25|color d5_materialize: 1313913.5 ns/op (1523 ops, 3205.00 allocs/op)
  b2 random:0.1 d1_iterate: 572628.5 ns/op (3495 ops, 0.00 allocs/op)
  b2 random:0.1|style ordinal: 767853.6 ns/op (2605 ops, 67.00 allocs/op)
  b2 random:0.1|style bitmap: 126868.3 ns/op (15775 ops, 69.00 allocs/op)
  b2 random:0.1|style d2_iterate_gather: 592806.7 ns/op (3375 ops, 0.00 allocs/op)
  b2 random:0.1|style d3_count_u64: 869216.5 ns/op (2301 ops, 1.00 allocs/op)
  b2 random:0.1|style d3_count_u32: 784516.1 ns/op (2551 ops, 1.00 allocs/op)
  b2 random:0.1|style d5_materialize: 10169.9 ns/op (197119 ops, 66.00 allocs/op)
  b2 random:0.1|shape ordinal: 727802.7 ns/op (2748 ops, 97.00 allocs/op)
  b2 random:0.1|shape bitmap: 190357.7 ns/op (10511 ops, 100.00 allocs/op)
  b2 random:0.1|shape d2_iterate_gather: 568021.6 ns/op (3523 ops, 0.00 allocs/op)
  b2 random:0.1|shape d3_count_u64: 700707.8 ns/op (2855 ops, 1.00 allocs/op)
  b2 random:0.1|shape d3_count_u32: 673134.4 ns/op (2973 ops, 1.00 allocs/op)
  b2 random:0.1|shape d5_materialize: 16341.3 ns/op (122495 ops, 96.00 allocs/op)
  b2 random:0.1|material ordinal: 705125.0 ns/op (2837 ops, 152.00 allocs/op)
  b2 random:0.1|material bitmap: 295809.7 ns/op (6763 ops, 156.00 allocs/op)
  b2 random:0.1|material d2_iterate_gather: 575559.2 ns/op (3475 ops, 0.00 allocs/op)
  b2 random:0.1|material d3_count_u64: 660759.7 ns/op (3027 ops, 1.00 allocs/op)
  b2 random:0.1|material d3_count_u32: 659238.2 ns/op (3035 ops, 1.00 allocs/op)
  b2 random:0.1|material d5_materialize: 29535.1 ns/op (67775 ops, 151.00 allocs/op)
  b2 random:0.1|primarymaterial ordinal: 950942.0 ns/op (2105 ops, 241.00 allocs/op)
  b2 random:0.1|primarymaterial bitmap: 451381.5 ns/op (4431 ops, 244.00 allocs/op)
  b2 random:0.1|primarymaterial d2_iterate_gather: 540239.8 ns/op (3703 ops, 0.00 allocs/op)
  b2 random:0.1|primarymaterial d3_count_u64: 699670.1 ns/op (2859 ops, 1.00 allocs/op)
  b2 random:0.1|primarymaterial d3_count_u32: 726475.0 ns/op (2755 ops, 1.00 allocs/op)
  b2 random:0.1|primarymaterial d5_materialize: 57030.7 ns/op (35071 ops, 240.00 allocs/op)
  b2 random:0.1|color ordinal: 2060734.4 ns/op (971 ops, 2581.00 allocs/op)
  b2 random:0.1|color bitmap: 6438163.0 ns/op (311 ops, 2586.00 allocs/op)
  b2 random:0.1|color d2_iterate_gather: 538498.8 ns/op (3715 ops, 0.00 allocs/op)
  b2 random:0.1|color d3_count_u64: 840043.6 ns/op (2381 ops, 1.00 allocs/op)
  b2 random:0.1|color d3_count_u32: 854487.7 ns/op (2341 ops, 1.00 allocs/op)
  b2 random:0.1|color d5_materialize: 1263451.5 ns/op (1583 ops, 2580.00 allocs/op)
  b2 prefix:0.1 d1_iterate: 454865.8 ns/op (4399 ops, 0.00 allocs/op)
  b2 prefix:0.1|style ordinal: 572713.2 ns/op (3493 ops, 74.00 allocs/op)
  b2 prefix:0.1|style bitmap: 33053.1 ns/op (60543 ops, 76.00 allocs/op)
  b2 prefix:0.1|style d2_iterate_gather: 444770.0 ns/op (4497 ops, 0.00 allocs/op)
  b2 prefix:0.1|style d3_count_u64: 551890.8 ns/op (3625 ops, 1.00 allocs/op)
  b2 prefix:0.1|style d3_count_u32: 566140.6 ns/op (3533 ops, 1.00 allocs/op)
  b2 prefix:0.1|style d5_materialize: 9270.7 ns/op (215807 ops, 73.00 allocs/op)
  b2 prefix:0.1|shape ordinal: 625283.7 ns/op (3199 ops, 108.00 allocs/op)
  b2 prefix:0.1|shape bitmap: 53902.5 ns/op (37119 ops, 111.00 allocs/op)
  b2 prefix:0.1|shape d2_iterate_gather: 428524.1 ns/op (4671 ops, 0.00 allocs/op)
  b2 prefix:0.1|shape d3_count_u64: 594117.5 ns/op (3367 ops, 1.00 allocs/op)
  b2 prefix:0.1|shape d3_count_u32: 538467.3 ns/op (3715 ops, 1.00 allocs/op)
  b2 prefix:0.1|shape d5_materialize: 18829.8 ns/op (106239 ops, 107.00 allocs/op)
  b2 prefix:0.1|material ordinal: 547446.6 ns/op (3655 ops, 185.00 allocs/op)
  b2 prefix:0.1|material bitmap: 95579.6 ns/op (20927 ops, 189.00 allocs/op)
  b2 prefix:0.1|material d2_iterate_gather: 501208.3 ns/op (3991 ops, 0.00 allocs/op)
  b2 prefix:0.1|material d3_count_u64: 529242.2 ns/op (3779 ops, 1.00 allocs/op)
  b2 prefix:0.1|material d3_count_u32: 568171.2 ns/op (3521 ops, 1.00 allocs/op)
  b2 prefix:0.1|material d5_materialize: 40674.6 ns/op (49183 ops, 184.00 allocs/op)
  b2 prefix:0.1|primarymaterial ordinal: 653663.5 ns/op (3061 ops, 279.00 allocs/op)
  b2 prefix:0.1|primarymaterial bitmap: 164430.1 ns/op (12167 ops, 282.00 allocs/op)
  b2 prefix:0.1|primarymaterial d2_iterate_gather: 460422.4 ns/op (4347 ops, 0.00 allocs/op)
  b2 prefix:0.1|primarymaterial d3_count_u64: 616762.2 ns/op (3243 ops, 1.00 allocs/op)
  b2 prefix:0.1|primarymaterial d3_count_u32: 543345.3 ns/op (3681 ops, 1.00 allocs/op)
  b2 prefix:0.1|primarymaterial d5_materialize: 68666.0 ns/op (29151 ops, 278.00 allocs/op)
  b2 prefix:0.1|color ordinal: 2084600.8 ns/op (960 ops, 3206.00 allocs/op)
  b2 prefix:0.1|color bitmap: 2729014.8 ns/op (733 ops, 3211.00 allocs/op)
  b2 prefix:0.1|color d2_iterate_gather: 438725.1 ns/op (4559 ops, 0.00 allocs/op)
  b2 prefix:0.1|color d3_count_u64: 655692.4 ns/op (3051 ops, 1.00 allocs/op)
  b2 prefix:0.1|color d3_count_u32: 690616.4 ns/op (2897 ops, 1.00 allocs/op)
  b2 prefix:0.1|color d5_materialize: 1341665.7 ns/op (1491 ops, 3205.00 allocs/op)
  b2 random:0.03 d1_iterate: 114814.6 ns/op (17439 ops, 0.00 allocs/op)
  b2 random:0.03|style ordinal: 301514.5 ns/op (6635 ops, 55.00 allocs/op)
  b2 random:0.03|style bitmap: 2263778.8 ns/op (884 ops, 57.00 allocs/op)
  b2 random:0.03|style d2_iterate_gather: 124207.9 ns/op (16127 ops, 0.00 allocs/op)
  b2 random:0.03|style d3_count_u64: 257584.3 ns/op (7767 ops, 1.00 allocs/op)
  b2 random:0.03|style d3_count_u32: 225969.2 ns/op (8855 ops, 1.00 allocs/op)
  b2 random:0.03|style d5_materialize: 7878.7 ns/op (253951 ops, 54.00 allocs/op)
  b2 random:0.03|shape ordinal: 201463.7 ns/op (9931 ops, 77.00 allocs/op)
  b2 random:0.03|shape bitmap: 3372698.5 ns/op (593 ops, 80.00 allocs/op)
  b2 random:0.03|shape d2_iterate_gather: 126359.5 ns/op (15839 ops, 0.00 allocs/op)
  b2 random:0.03|shape d3_count_u64: 201667.0 ns/op (9919 ops, 1.00 allocs/op)
  b2 random:0.03|shape d3_count_u32: 187161.6 ns/op (10695 ops, 1.00 allocs/op)
  b2 random:0.03|shape d5_materialize: 13469.6 ns/op (148543 ops, 76.00 allocs/op)
  b2 random:0.03|material ordinal: 224746.1 ns/op (8903 ops, 125.00 allocs/op)
  b2 random:0.03|material bitmap: 4966173.3 ns/op (403 ops, 129.00 allocs/op)
  b2 random:0.03|material d2_iterate_gather: 120808.9 ns/op (16559 ops, 0.00 allocs/op)
  b2 random:0.03|material d3_count_u64: 184795.6 ns/op (10823 ops, 1.00 allocs/op)
  b2 random:0.03|material d3_count_u32: 194756.1 ns/op (10271 ops, 1.00 allocs/op)
  b2 random:0.03|material d5_materialize: 22540.1 ns/op (88831 ops, 124.00 allocs/op)
  b2 random:0.03|primarymaterial ordinal: 245865.5 ns/op (8135 ops, 164.00 allocs/op)
  b2 random:0.03|primarymaterial bitmap: 6482300.8 ns/op (309 ops, 167.00 allocs/op)
  b2 random:0.03|primarymaterial d2_iterate_gather: 145129.2 ns/op (13791 ops, 0.00 allocs/op)
  b2 random:0.03|primarymaterial d3_count_u64: 190244.3 ns/op (10519 ops, 1.00 allocs/op)
  b2 random:0.03|primarymaterial d3_count_u32: 202054.0 ns/op (9903 ops, 1.00 allocs/op)
  b2 random:0.03|primarymaterial d5_materialize: 34057.1 ns/op (58751 ops, 163.00 allocs/op)
  b2 random:0.03|color ordinal: 745564.6 ns/op (2683 ops, 1357.00 allocs/op)
  b2 random:0.03|color bitmap: 67018426.8 ns/op (200 ops, 1362.00 allocs/op)
  b2 random:0.03|color d2_iterate_gather: 121921.7 ns/op (16415 ops, 0.00 allocs/op)
  b2 random:0.03|color d3_count_u64: 242844.8 ns/op (8239 ops, 1.00 allocs/op)
  b2 random:0.03|color d3_count_u32: 238968.4 ns/op (8375 ops, 1.00 allocs/op)
  b2 random:0.03|color d5_materialize: 487001.5 ns/op (4107 ops, 1356.00 allocs/op)
  b2 prefix:0.03 d1_iterate: 120659.4 ns/op (16591 ops, 0.00 allocs/op)
  b2 prefix:0.03|style ordinal: 168571.0 ns/op (11871 ops, 55.00 allocs/op)
  b2 prefix:0.03|style bitmap: 27199.5 ns/op (73535 ops, 57.00 allocs/op)
  b2 prefix:0.03|style d2_iterate_gather: 133940.6 ns/op (14943 ops, 0.00 allocs/op)
  b2 prefix:0.03|style d3_count_u64: 165867.6 ns/op (12063 ops, 1.00 allocs/op)
  b2 prefix:0.03|style d3_count_u32: 167635.6 ns/op (11935 ops, 1.00 allocs/op)
  b2 prefix:0.03|style d5_materialize: 7211.7 ns/op (277375 ops, 54.00 allocs/op)
  b2 prefix:0.03|shape ordinal: 201726.6 ns/op (9919 ops, 73.00 allocs/op)
  b2 prefix:0.03|shape bitmap: 42738.5 ns/op (46815 ops, 76.00 allocs/op)
  b2 prefix:0.03|shape d2_iterate_gather: 136195.3 ns/op (14695 ops, 0.00 allocs/op)
  b2 prefix:0.03|shape d3_count_u64: 162875.5 ns/op (12287 ops, 1.00 allocs/op)
  b2 prefix:0.03|shape d3_count_u32: 203837.8 ns/op (9815 ops, 1.00 allocs/op)
  b2 prefix:0.03|shape d5_materialize: 9340.1 ns/op (214143 ops, 72.00 allocs/op)
  b2 prefix:0.03|material ordinal: 194984.4 ns/op (10263 ops, 114.00 allocs/op)
  b2 prefix:0.03|material bitmap: 68978.4 ns/op (29007 ops, 118.00 allocs/op)
  b2 prefix:0.03|material d2_iterate_gather: 130044.1 ns/op (15391 ops, 0.00 allocs/op)
  b2 prefix:0.03|material d3_count_u64: 159692.0 ns/op (12527 ops, 1.00 allocs/op)
  b2 prefix:0.03|material d3_count_u32: 156053.0 ns/op (12823 ops, 1.00 allocs/op)
  b2 prefix:0.03|material d5_materialize: 19965.3 ns/op (100223 ops, 113.00 allocs/op)
  b2 prefix:0.03|primarymaterial ordinal: 193976.3 ns/op (10311 ops, 168.00 allocs/op)
  b2 prefix:0.03|primarymaterial bitmap: 117387.9 ns/op (17039 ops, 171.00 allocs/op)
  b2 prefix:0.03|primarymaterial d2_iterate_gather: 131532.9 ns/op (15207 ops, 0.00 allocs/op)
  b2 prefix:0.03|primarymaterial d3_count_u64: 190186.3 ns/op (10519 ops, 1.00 allocs/op)
  b2 prefix:0.03|primarymaterial d3_count_u32: 184976.8 ns/op (10815 ops, 1.00 allocs/op)
  b2 prefix:0.03|primarymaterial d5_materialize: 35729.6 ns/op (55999 ops, 167.00 allocs/op)
  b2 prefix:0.03|color ordinal: 709249.6 ns/op (2821 ops, 1490.00 allocs/op)
  b2 prefix:0.03|color bitmap: 2106698.2 ns/op (950 ops, 1495.00 allocs/op)
  b2 prefix:0.03|color d2_iterate_gather: 127204.2 ns/op (15727 ops, 0.00 allocs/op)
  b2 prefix:0.03|color d3_count_u64: 186095.0 ns/op (10751 ops, 1.00 allocs/op)
  b2 prefix:0.03|color d3_count_u32: 183999.1 ns/op (10871 ops, 1.00 allocs/op)
  b2 prefix:0.03|color d5_materialize: 532697.2 ns/op (3755 ops, 1489.00 allocs/op)
  b2 random:0.01 d1_iterate: 36961.9 ns/op (54111 ops, 0.00 allocs/op)
  b2 random:0.01|style ordinal: 90867.1 ns/op (22015 ops, 42.00 allocs/op)
  b2 random:0.01|style bitmap: 1127798.6 ns/op (1774 ops, 44.00 allocs/op)
  b2 random:0.01|style d2_iterate_gather: 42695.2 ns/op (46847 ops, 0.00 allocs/op)
  b2 random:0.01|style d3_count_u64: 85330.7 ns/op (23439 ops, 1.00 allocs/op)
  b2 random:0.01|style d3_count_u32: 82988.1 ns/op (24111 ops, 1.00 allocs/op)
  b2 random:0.01|style d5_materialize: 5221.1 ns/op (383231 ops, 41.00 allocs/op)
  b2 random:0.01|shape ordinal: 81082.9 ns/op (24671 ops, 58.00 allocs/op)
  b2 random:0.01|shape bitmap: 1742811.4 ns/op (1148 ops, 61.00 allocs/op)
  b2 random:0.01|shape d2_iterate_gather: 41855.1 ns/op (47871 ops, 0.00 allocs/op)
  b2 random:0.01|shape d3_count_u64: 77787.0 ns/op (25719 ops, 1.00 allocs/op)
  b2 random:0.01|shape d3_count_u32: 64810.8 ns/op (30863 ops, 1.00 allocs/op)
  b2 random:0.01|shape d5_materialize: 8019.8 ns/op (249599 ops, 57.00 allocs/op)
  b2 random:0.01|material ordinal: 77561.2 ns/op (25807 ops, 79.00 allocs/op)
  b2 random:0.01|material bitmap: 2497067.0 ns/op (801 ops, 83.00 allocs/op)
  b2 random:0.01|material d2_iterate_gather: 40797.6 ns/op (49023 ops, 0.00 allocs/op)
  b2 random:0.01|material d3_count_u64: 62677.9 ns/op (31919 ops, 1.00 allocs/op)
  b2 random:0.01|material d3_count_u32: 67431.9 ns/op (29663 ops, 1.00 allocs/op)
  b2 random:0.01|material d5_materialize: 13089.5 ns/op (152831 ops, 78.00 allocs/op)
  b2 random:0.01|primarymaterial ordinal: 107427.8 ns/op (18623 ops, 99.00 allocs/op)
  b2 random:0.01|primarymaterial bitmap: 2970767.3 ns/op (674 ops, 102.00 allocs/op)
  b2 random:0.01|primarymaterial d2_iterate_gather: 40452.4 ns/op (49471 ops, 0.00 allocs/op)
  b2 random:0.01|primarymaterial d3_count_u64: 71095.9 ns/op (28143 ops, 1.00 allocs/op)
  b2 random:0.01|primarymaterial d3_count_u32: 71994.3 ns/op (27791 ops, 1.00 allocs/op)
  b2 random:0.01|primarymaterial d5_materialize: 17008.3 ns/op (117631 ops, 98.00 allocs/op)
  b2 random:0.01|color ordinal: 329174.4 ns/op (6079 ops, 664.00 allocs/op)
  b2 random:0.01|color bitmap: 29135225.1 ns/op (200 ops, 669.00 allocs/op)
  b2 random:0.01|color d2_iterate_gather: 43966.8 ns/op (45503 ops, 0.00 allocs/op)
  b2 random:0.01|color d3_count_u64: 79924.4 ns/op (25039 ops, 1.00 allocs/op)
  b2 random:0.01|color d3_count_u32: 78958.8 ns/op (25343 ops, 1.00 allocs/op)
  b2 random:0.01|color d5_materialize: 217886.4 ns/op (9183 ops, 663.00 allocs/op)
  b2 prefix:0.01 d1_iterate: 40404.9 ns/op (49503 ops, 0.00 allocs/op)
  b2 prefix:0.01|style ordinal: 61229.0 ns/op (32671 ops, 44.00 allocs/op)
  b2 prefix:0.01|style bitmap: 25058.1 ns/op (79871 ops, 46.00 allocs/op)
  b2 prefix:0.01|style d2_iterate_gather: 44275.5 ns/op (45183 ops, 0.00 allocs/op)
  b2 prefix:0.01|style d3_count_u64: 62607.4 ns/op (31967 ops, 1.00 allocs/op)
  b2 prefix:0.01|style d3_count_u32: 59276.8 ns/op (33759 ops, 1.00 allocs/op)
  b2 prefix:0.01|style d5_materialize: 5315.7 ns/op (376319 ops, 43.00 allocs/op)
  b2 prefix:0.01|shape ordinal: 64427.1 ns/op (31071 ops, 57.00 allocs/op)
  b2 prefix:0.01|shape bitmap: 38261.6 ns/op (52287 ops, 60.00 allocs/op)
  b2 prefix:0.01|shape d2_iterate_gather: 45484.6 ns/op (43999 ops, 0.00 allocs/op)
  b2 prefix:0.01|shape d3_count_u64: 59032.9 ns/op (33887 ops, 1.00 allocs/op)
  b2 prefix:0.01|shape d3_count_u32: 55182.3 ns/op (36255 ops, 1.00 allocs/op)
  b2 prefix:0.01|shape d5_materialize: 7942.6 ns/op (251903 ops, 56.00 allocs/op)
  b2 prefix:0.01|material ordinal: 63767.7 ns/op (31375 ops, 75.00 allocs/op)
  b2 prefix:0.01|material bitmap: 59514.2 ns/op (33663 ops, 79.00 allocs/op)
  b2 prefix:0.01|material d2_iterate_gather: 43664.6 ns/op (45823 ops, 0.00 allocs/op)
  b2 prefix:0.01|material d3_count_u64: 53287.6 ns/op (37535 ops, 1.00 allocs/op)
  b2 prefix:0.01|material d3_count_u32: 52490.8 ns/op (38111 ops, 1.00 allocs/op)
  b2 prefix:0.01|material d5_materialize: 13718.4 ns/op (145791 ops, 74.00 allocs/op)
  b2 prefix:0.01|primarymaterial ordinal: 86470.0 ns/op (23135 ops, 102.00 allocs/op)
  b2 prefix:0.01|primarymaterial bitmap: 96460.9 ns/op (20735 ops, 105.00 allocs/op)
  b2 prefix:0.01|primarymaterial d2_iterate_gather: 44569.4 ns/op (44895 ops, 0.00 allocs/op)
  b2 prefix:0.01|primarymaterial d3_count_u64: 56295.6 ns/op (35551 ops, 1.00 allocs/op)
  b2 prefix:0.01|primarymaterial d3_count_u32: 54731.4 ns/op (36543 ops, 1.00 allocs/op)
  b2 prefix:0.01|primarymaterial d5_materialize: 19939.1 ns/op (100351 ops, 101.00 allocs/op)
  b2 prefix:0.01|color ordinal: 239560.7 ns/op (8351 ops, 599.00 allocs/op)
  b2 prefix:0.01|color bitmap: 1572675.1 ns/op (1272 ops, 604.00 allocs/op)
  b2 prefix:0.01|color d2_iterate_gather: 43639.6 ns/op (45855 ops, 0.00 allocs/op)
  b2 prefix:0.01|color d3_count_u64: 64774.2 ns/op (30879 ops, 1.00 allocs/op)
  b2 prefix:0.01|color d3_count_u32: 64095.1 ns/op (31231 ops, 1.00 allocs/op)
  b2 prefix:0.01|color d5_materialize: 165140.1 ns/op (12111 ops, 598.00 allocs/op)
  b2 random:0.003 d1_iterate: 11464.4 ns/op (174463 ops, 0.00 allocs/op)
  b2 random:0.003|style ordinal: 25805.0 ns/op (77567 ops, 32.00 allocs/op)
  b2 random:0.003|style bitmap: 630403.2 ns/op (3173 ops, 34.00 allocs/op)
  b2 random:0.003|style d2_iterate_gather: 14201.9 ns/op (140927 ops, 0.00 allocs/op)
  b2 random:0.003|style d3_count_u64: 24259.9 ns/op (82495 ops, 1.00 allocs/op)
  b2 random:0.003|style d3_count_u32: 20384.3 ns/op (98175 ops, 1.00 allocs/op)
  b2 random:0.003|style d5_materialize: 2968.8 ns/op (673791 ops, 31.00 allocs/op)
  b2 random:0.003|shape ordinal: 24328.5 ns/op (82239 ops, 31.00 allocs/op)
  b2 random:0.003|shape bitmap: 846964.4 ns/op (2363 ops, 34.00 allocs/op)
  b2 random:0.003|shape d2_iterate_gather: 13018.6 ns/op (153727 ops, 0.00 allocs/op)
  b2 random:0.003|shape d3_count_u64: 19415.8 ns/op (103039 ops, 1.00 allocs/op)
  b2 random:0.003|shape d3_count_u32: 17116.8 ns/op (116863 ops, 1.00 allocs/op)
  b2 random:0.003|shape d5_materialize: 3135.7 ns/op (637951 ops, 30.00 allocs/op)
  b2 random:0.003|material ordinal: 25327.8 ns/op (78975 ops, 56.00 allocs/op)
  b2 random:0.003|material bitmap: 1280423.7 ns/op (1562 ops, 60.00 allocs/op)
  b2 random:0.003|material d2_iterate_gather: 12679.7 ns/op (157823 ops, 0.00 allocs/op)
  b2 random:0.003|material d3_count_u64: 18557.2 ns/op (107839 ops, 1.00 allocs/op)
  b2 random:0.003|material d3_count_u32: 18834.2 ns/op (106239 ops, 1.00 allocs/op)
  b2 random:0.003|material d5_materialize: 8872.1 ns/op (225535 ops, 55.00 allocs/op)
  b2 random:0.003|primarymaterial ordinal: 30006.9 ns/op (66655 ops, 63.00 allocs/op)
  b2 random:0.003|primarymaterial bitmap: 1696027.8 ns/op (1180 ops, 66.00 allocs/op)
  b2 random:0.003|primarymaterial d2_iterate_gather: 12485.7 ns/op (160255 ops, 0.00 allocs/op)
  b2 random:0.003|primarymaterial d3_count_u64: 19873.6 ns/op (100671 ops, 1.00 allocs/op)
  b2 random:0.003|primarymaterial d3_count_u32: 20881.4 ns/op (95807 ops, 1.00 allocs/op)
  b2 random:0.003|primarymaterial d5_materialize: 9749.0 ns/op (205183 ops, 62.00 allocs/op)
  b2 random:0.003|color ordinal: 90630.4 ns/op (22079 ops, 262.00 allocs/op)
  b2 random:0.003|color bitmap: 16483625.1 ns/op (200 ops, 267.00 allocs/op)
  b2 random:0.003|color d2_iterate_gather: 12637.9 ns/op (158335 ops, 0.00 allocs/op)
  b2 random:0.003|color d3_count_u64: 22124.4 ns/op (90431 ops, 1.00 allocs/op)
  b2 random:0.003|color d3_count_u32: 20526.4 ns/op (97471 ops, 1.00 allocs/op)
  b2 random:0.003|color d5_materialize: 61902.7 ns/op (32335 ops, 261.00 allocs/op)
  b2 prefix:0.003 d1_iterate: 11009.4 ns/op (181759 ops, 0.00 allocs/op)
  b2 prefix:0.003|style ordinal: 18544.1 ns/op (107903 ops, 29.00 allocs/op)
  b2 prefix:0.003|style bitmap: 190887.8 ns/op (10479 ops, 31.00 allocs/op)
  b2 prefix:0.003|style d2_iterate_gather: 13167.0 ns/op (151935 ops, 0.00 allocs/op)
  b2 prefix:0.003|style d3_count_u64: 15513.1 ns/op (129023 ops, 1.00 allocs/op)
  b2 prefix:0.003|style d3_count_u32: 16780.1 ns/op (119295 ops, 1.00 allocs/op)
  b2 prefix:0.003|style d5_materialize: 2965.7 ns/op (674815 ops, 28.00 allocs/op)
  b2 prefix:0.003|shape ordinal: 18893.4 ns/op (105919 ops, 35.00 allocs/op)
  b2 prefix:0.003|shape bitmap: 271535.9 ns/op (7367 ops, 38.00 allocs/op)
  b2 prefix:0.003|shape d2_iterate_gather: 12495.7 ns/op (160383 ops, 0.00 allocs/op)
  b2 prefix:0.003|shape d3_count_u64: 15762.7 ns/op (126943 ops, 1.00 allocs/op)
  b2 prefix:0.003|shape d3_count_u32: 17307.3 ns/op (115583 ops, 1.00 allocs/op)
  b2 prefix:0.003|shape d5_materialize: 4039.0 ns/op (496383 ops, 34.00 allocs/op)
  b2 prefix:0.003|material ordinal: 22271.0 ns/op (89855 ops, 46.00 allocs/op)
  b2 prefix:0.003|material bitmap: 498923.0 ns/op (4011 ops, 50.00 allocs/op)
  b2 prefix:0.003|material d2_iterate_gather: 14126.7 ns/op (141695 ops, 0.00 allocs/op)
  b2 prefix:0.003|material d3_count_u64: 15312.8 ns/op (130623 ops, 1.00 allocs/op)
  b2 prefix:0.003|material d3_count_u32: 14329.8 ns/op (139647 ops, 1.00 allocs/op)
  b2 prefix:0.003|material d5_materialize: 6581.5 ns/op (304127 ops, 45.00 allocs/op)
  b2 prefix:0.003|primarymaterial ordinal: 25710.6 ns/op (77823 ops, 56.00 allocs/op)
  b2 prefix:0.003|primarymaterial bitmap: 728541.5 ns/op (2747 ops, 59.00 allocs/op)
  b2 prefix:0.003|primarymaterial d2_iterate_gather: 12317.8 ns/op (162431 ops, 0.00 allocs/op)
  b2 prefix:0.003|primarymaterial d3_count_u64: 15869.3 ns/op (126079 ops, 1.00 allocs/op)
  b2 prefix:0.003|primarymaterial d3_count_u32: 15729.2 ns/op (127231 ops, 1.00 allocs/op)
  b2 prefix:0.003|primarymaterial d5_materialize: 6884.4 ns/op (290559 ops, 55.00 allocs/op)
  b2 prefix:0.003|color ordinal: 76963.2 ns/op (25999 ops, 245.00 allocs/op)
  b2 prefix:0.003|color bitmap: 10240362.3 ns/op (200 ops, 250.00 allocs/op)
  b2 prefix:0.003|color d2_iterate_gather: 11771.3 ns/op (169983 ops, 0.00 allocs/op)
  b2 prefix:0.003|color d3_count_u64: 19918.7 ns/op (100415 ops, 1.00 allocs/op)
  b2 prefix:0.003|color d3_count_u32: 19140.1 ns/op (104575 ops, 1.00 allocs/op)
  b2 prefix:0.003|color d5_materialize: 54482.8 ns/op (36735 ops, 244.00 allocs/op)
  b2 random:0.001 d1_iterate: 3843.4 ns/op (521215 ops, 0.00 allocs/op)
  b2 random:0.001|style ordinal: 7283.7 ns/op (274687 ops, 16.00 allocs/op)
  b2 random:0.001|style bitmap: 327565.5 ns/op (6107 ops, 18.00 allocs/op)
  b2 random:0.001|style d2_iterate_gather: 5047.7 ns/op (396543 ops, 0.00 allocs/op)
  b2 random:0.001|style d3_count_u64: 7132.0 ns/op (280575 ops, 1.00 allocs/op)
  b2 random:0.001|style d3_count_u32: 5240.7 ns/op (381695 ops, 1.00 allocs/op)
  b2 random:0.001|style d5_materialize: 1241.3 ns/op (1611775 ops, 15.00 allocs/op)
  b2 random:0.001|shape ordinal: 8160.9 ns/op (245119 ops, 30.00 allocs/op)
  b2 random:0.001|shape bitmap: 527220.8 ns/op (3795 ops, 33.00 allocs/op)
  b2 random:0.001|shape d2_iterate_gather: 3897.3 ns/op (513535 ops, 0.00 allocs/op)
  b2 random:0.001|shape d3_count_u64: 5630.1 ns/op (355839 ops, 1.00 allocs/op)
  b2 random:0.001|shape d3_count_u32: 5506.1 ns/op (363263 ops, 1.00 allocs/op)
  b2 random:0.001|shape d5_materialize: 2972.8 ns/op (672767 ops, 29.00 allocs/op)
  b2 random:0.001|material ordinal: 9207.9 ns/op (217215 ops, 36.00 allocs/op)
  b2 random:0.001|material bitmap: 734973.7 ns/op (2723 ops, 40.00 allocs/op)
  b2 random:0.001|material d2_iterate_gather: 4057.3 ns/op (493055 ops, 0.00 allocs/op)
  b2 random:0.001|material d3_count_u64: 5472.4 ns/op (365567 ops, 1.00 allocs/op)
  b2 random:0.001|material d3_count_u32: 5355.7 ns/op (373503 ops, 1.00 allocs/op)
  b2 random:0.001|material d5_materialize: 4160.2 ns/op (481535 ops, 35.00 allocs/op)
  b2 random:0.001|primarymaterial ordinal: 12386.4 ns/op (161471 ops, 43.00 allocs/op)
  b2 random:0.001|primarymaterial bitmap: 998584.1 ns/op (2003 ops, 46.00 allocs/op)
  b2 random:0.001|primarymaterial d2_iterate_gather: 3893.7 ns/op (514047 ops, 0.00 allocs/op)
  b2 random:0.001|primarymaterial d3_count_u64: 6044.4 ns/op (331007 ops, 1.00 allocs/op)
  b2 random:0.001|primarymaterial d3_count_u32: 5464.3 ns/op (366079 ops, 1.00 allocs/op)
  b2 random:0.001|primarymaterial d5_materialize: 4805.5 ns/op (416255 ops, 42.00 allocs/op)
  b2 random:0.001|color ordinal: 33169.8 ns/op (60351 ops, 116.00 allocs/op)
  b2 random:0.001|color bitmap: 11266086.2 ns/op (200 ops, 121.00 allocs/op)
  b2 random:0.001|color d2_iterate_gather: 4244.7 ns/op (471295 ops, 0.00 allocs/op)
  b2 random:0.001|color d3_count_u64: 7615.8 ns/op (262655 ops, 1.00 allocs/op)
  b2 random:0.001|color d3_count_u32: 5251.3 ns/op (381183 ops, 1.00 allocs/op)
  b2 random:0.001|color d5_materialize: 27616.8 ns/op (72447 ops, 115.00 allocs/op)
  b2 prefix:0.001 d1_iterate: 3756.5 ns/op (532479 ops, 0.00 allocs/op)
  b2 prefix:0.001|style ordinal: 7879.2 ns/op (253951 ops, 19.00 allocs/op)
  b2 prefix:0.001|style bitmap: 79079.8 ns/op (25295 ops, 21.00 allocs/op)
  b2 prefix:0.001|style d2_iterate_gather: 4635.1 ns/op (431871 ops, 0.00 allocs/op)
  b2 prefix:0.001|style d3_count_u64: 5312.9 ns/op (376575 ops, 1.00 allocs/op)
  b2 prefix:0.001|style d3_count_u32: 4949.7 ns/op (404223 ops, 1.00 allocs/op)
  b2 prefix:0.001|style d5_materialize: 1507.8 ns/op (1327103 ops, 18.00 allocs/op)
  b2 prefix:0.001|shape ordinal: 6102.4 ns/op (327935 ops, 19.00 allocs/op)
  b2 prefix:0.001|shape bitmap: 98100.3 ns/op (20399 ops, 22.00 allocs/op)
  b2 prefix:0.001|shape d2_iterate_gather: 3932.8 ns/op (508671 ops, 0.00 allocs/op)
  b2 prefix:0.001|shape d3_count_u64: 4750.9 ns/op (421119 ops, 1.00 allocs/op)
  b2 prefix:0.001|shape d3_count_u32: 4582.5 ns/op (436479 ops, 1.00 allocs/op)
  b2 prefix:0.001|shape d5_materialize: 1366.0 ns/op (1464319 ops, 18.00 allocs/op)
  b2 prefix:0.001|material ordinal: 8832.0 ns/op (226559 ops, 33.00 allocs/op)
  b2 prefix:0.001|material bitmap: 180733.6 ns/op (11071 ops, 37.00 allocs/op)
  b2 prefix:0.001|material d2_iterate_gather: 3995.7 ns/op (500735 ops, 0.00 allocs/op)
  b2 prefix:0.001|material d3_count_u64: 5217.0 ns/op (383487 ops, 1.00 allocs/op)
  b2 prefix:0.001|material d3_count_u32: 4668.9 ns/op (428543 ops, 1.00 allocs/op)
  b2 prefix:0.001|material d5_materialize: 3383.4 ns/op (591359 ops, 32.00 allocs/op)
  b2 prefix:0.001|primarymaterial ordinal: 8730.9 ns/op (229119 ops, 33.00 allocs/op)
  b2 prefix:0.001|primarymaterial bitmap: 290153.5 ns/op (6895 ops, 36.00 allocs/op)
  b2 prefix:0.001|primarymaterial d2_iterate_gather: 3935.1 ns/op (508671 ops, 0.00 allocs/op)
  b2 prefix:0.001|primarymaterial d3_count_u64: 5039.6 ns/op (397055 ops, 1.00 allocs/op)
  b2 prefix:0.001|primarymaterial d3_count_u32: 4603.9 ns/op (434431 ops, 1.00 allocs/op)
  b2 prefix:0.001|primarymaterial d5_materialize: 3570.3 ns/op (560639 ops, 32.00 allocs/op)
  b2 prefix:0.001|color ordinal: 24946.3 ns/op (80191 ops, 96.00 allocs/op)
  b2 prefix:0.001|color bitmap: 4152572.8 ns/op (482 ops, 101.00 allocs/op)
  b2 prefix:0.001|color d2_iterate_gather: 3921.3 ns/op (510207 ops, 0.00 allocs/op)
  b2 prefix:0.001|color d3_count_u64: 6435.4 ns/op (311039 ops, 1.00 allocs/op)
  b2 prefix:0.001|color d3_count_u32: 5377.0 ns/op (371967 ops, 1.00 allocs/op)
  b2 prefix:0.001|color d5_materialize: 18138.4 ns/op (110271 ops, 95.00 allocs/op)
  c exact_lookup variant_id_to_ordinal_and_record: 229461.6 ns/op (8719 ops, 0.00 allocs/op)
  c single_bitmap_color_white indexed_candidates: 2908.8 ns/op (687615 ops, 11.00 allocs/op)
  c single_bitmap_category_accent_chairs indexed_candidates: 2514.8 ns/op (795647 ops, 9.00 allocs/op)
  c conjunction_3way indexed_candidates: 39145.9 ns/op (51103 ops, 33.00 allocs/op)
  c conjunction_5way indexed_candidates: 4329845.6 ns/op (462 ops, 150.00 allocs/op)
  c numeric_range_broad_rating_gte_4 indexed_candidates: 3947777.7 ns/op (507 ops, 106.00 allocs/op)
  c numeric_range_narrow_review_count_p99 indexed_candidates: 275986.0 ns/op (7247 ops, 69.00 allocs/op)
  c single_bitmap_color_white borrowed_len: 8.0 ns/op (200015871 ops, 0.00 allocs/op)
  c lexical_and:wood+bed lexical_and_candidates: 117414.2 ns/op (17039 ops, 26.00 allocs/op)
  c lexical_and:outdoor+dining+table lexical_and_candidates: 49926.0 ns/op (40063 ops, 34.00 allocs/op)
