i63_primitives tier=500k run=2 ordinals=515928
  b1 construct p0: 4482007.7 ns/op (447 ops, 106.00 allocs/op)
  b1 construct p0r: 17833.2 ns/op (112191 ops, 10.00 allocs/op)
  b1 construct p1: 7.8 ns/op (200146943 ops, 0.00 allocs/op)
  b1 construct p2: 0.5 ns/op (201326591 ops, 0.00 allocs/op)
  b1 pipeline facet_low_cardinality_style:p0: 6317241.7 ns/op (317 ops, 241.00 allocs/op)
  b1 pipeline facet_low_cardinality_style:p0r: 212198.8 ns/op (9431 ops, 146.00 allocs/op)
  b1 pipeline facet_low_cardinality_style:p1: 233087.4 ns/op (8583 ops, 136.00 allocs/op)
  b1 pipeline facet_low_cardinality_style:p2: 30174.2 ns/op (66303 ops, 136.00 allocs/op)
  b1 pipeline facet_low_cardinality_style:p2b: 43142.7 ns/op (46399 ops, 136.00 allocs/op)
  b1 pipeline facet_medium_cardinality_primarymaterial:p0: 5408117.7 ns/op (370 ops, 447.00 allocs/op)
  b1 pipeline facet_medium_cardinality_primarymaterial:p0r: 535104.9 ns/op (3739 ops, 352.00 allocs/op)
  b1 pipeline facet_medium_cardinality_primarymaterial:p1: 492998.3 ns/op (4059 ops, 342.00 allocs/op)
  b1 pipeline facet_medium_cardinality_primarymaterial:p2: 163343.0 ns/op (12247 ops, 342.00 allocs/op)
  b1 pipeline facet_medium_cardinality_primarymaterial:p2b: 188634.7 ns/op (10607 ops, 342.00 allocs/op)
  b1 pipeline facet_high_cardinality_color:p0: 12883095.8 ns/op (200 ops, 3371.00 allocs/op)
  b1 pipeline facet_high_cardinality_color:p0r: 9169633.6 ns/op (219 ops, 3276.00 allocs/op)
  b1 pipeline facet_high_cardinality_color:p1: 7793588.6 ns/op (257 ops, 3266.00 allocs/op)
  b1 pipeline facet_high_cardinality_color:p2: 4724445.8 ns/op (424 ops, 3266.00 allocs/op)
  b1 pipeline facet_high_cardinality_color:p2b: 2660519.0 ns/op (752 ops, 3271.00 allocs/op)
  b1 pipeline facet_disjunctive_multi_dim:p0: 14823913.4 ns/op (200 ops, 3544.00 allocs/op)
  b1 pipeline facet_disjunctive_multi_dim:p0r: 12334916.1 ns/op (200 ops, 3449.00 allocs/op)
  b1 pipeline facet_disjunctive_multi_dim:p1: 10872662.4 ns/op (200 ops, 3439.00 allocs/op)
  b1 pipeline facet_disjunctive_multi_dim:p2: 5829901.3 ns/op (344 ops, 3439.00 allocs/op)
  b1 pipeline facet_disjunctive_multi_dim:p2b: 5058904.5 ns/op (396 ops, 3444.00 allocs/op)
  b1 pipeline fc1_full_material:p0: 5757250.2 ns/op (348 ops, 354.00 allocs/op)
  b1 pipeline fc1_full_material:p0r: 369618.7 ns/op (5411 ops, 259.00 allocs/op)
  b1 pipeline fc1_full_material:p1: 402808.6 ns/op (4967 ops, 249.00 allocs/op)
  b1 pipeline fc1_full_material:p2: 112391.7 ns/op (17807 ops, 249.00 allocs/op)
  b1 pipeline fc1_full_material:p2b: 98062.6 ns/op (20399 ops, 249.00 allocs/op)
  b1 pipeline fc2_full_shape:p0: 5693066.7 ns/op (352 ops, 276.00 allocs/op)
  b1 pipeline fc2_full_shape:p0r: 262401.4 ns/op (7627 ops, 181.00 allocs/op)
  b1 pipeline fc2_full_shape:p1: 265938.9 ns/op (7523 ops, 171.00 allocs/op)
  b1 pipeline fc2_full_shape:p2: 43764.6 ns/op (45727 ops, 171.00 allocs/op)
  b1 pipeline fc2_full_shape:p2b: 46462.8 ns/op (43071 ops, 171.00 allocs/op)
  b1 pipeline fc3_style_modern_x_color:p0: 2016317.7 ns/op (992 ops, 948.00 allocs/op)
  b1 pipeline fc3_style_modern_x_color:p0r: 1648403.2 ns/op (1214 ops, 949.00 allocs/op)
  b1 pipeline fc3_style_modern_x_color:p1: 1723640.0 ns/op (1161 ops, 949.00 allocs/op)
  b1 pipeline fc3_style_modern_x_color:p2: 1631953.1 ns/op (1226 ops, 949.00 allocs/op)
  b1 pipeline fc3_style_modern_x_color:p2b: 2234865.9 ns/op (895 ops, 949.00 allocs/op)
  b1 pipeline fc4_color_white_x_style:p0: 240545.7 ns/op (8319 ops, 98.00 allocs/op)
  b1 pipeline fc4_color_white_x_style:p0r: 231580.8 ns/op (8639 ops, 99.00 allocs/op)
  b1 pipeline fc4_color_white_x_style:p1: 236994.1 ns/op (8447 ops, 99.00 allocs/op)
  b1 pipeline fc4_color_white_x_style:p2: 245108.8 ns/op (8167 ops, 99.00 allocs/op)
  b1 pipeline fc4_color_white_x_style:p2b: 258711.3 ns/op (7735 ops, 99.00 allocs/op)
  b1 pipeline fc5_color_white_x_primarymaterial:p0: 314726.8 ns/op (6359 ops, 129.00 allocs/op)
  b1 pipeline fc5_color_white_x_primarymaterial:p0r: 249582.1 ns/op (8015 ops, 130.00 allocs/op)
  b1 pipeline fc5_color_white_x_primarymaterial:p1: 268813.2 ns/op (7447 ops, 130.00 allocs/op)
  b1 pipeline fc5_color_white_x_primarymaterial:p2: 257117.9 ns/op (7781 ops, 130.00 allocs/op)
  b1 pipeline fc5_color_white_x_primarymaterial:p2b: 296634.5 ns/op (6743 ops, 130.00 allocs/op)
  b1 pipeline fc6_depth3_x_shape:p0: 61550.5 ns/op (32511 ops, 90.00 allocs/op)
  b1 pipeline fc6_depth3_x_shape:p0r: 55764.1 ns/op (35871 ops, 91.00 allocs/op)
  b1 pipeline fc6_depth3_x_shape:p1: 56890.5 ns/op (35167 ops, 91.00 allocs/op)
  b1 pipeline fc6_depth3_x_shape:p2: 65383.6 ns/op (30591 ops, 91.00 allocs/op)
  b1 pipeline fc6_depth3_x_shape:p2b: 85762.2 ns/op (23327 ops, 91.00 allocs/op)
  b1 pipeline fc7_pergolas_x_color:p0: 16392.8 ns/op (122047 ops, 70.00 allocs/op)
  b1 pipeline fc7_pergolas_x_color:p0r: 16627.4 ns/op (120319 ops, 71.00 allocs/op)
  b1 pipeline fc7_pergolas_x_color:p1: 15850.9 ns/op (126271 ops, 71.00 allocs/op)
  b1 pipeline fc7_pergolas_x_color:p2: 18603.8 ns/op (107583 ops, 71.00 allocs/op)
  b1 pipeline fc7_pergolas_x_color:p2b: 20553.5 ns/op (97471 ops, 71.00 allocs/op)
  b1 pipeline numeric_range_sort:p0: 4009310.3 ns/op (499 ops, 163.00 allocs/op)
  b1 pipeline numeric_range_sort:p0r: 4058283.8 ns/op (494 ops, 164.00 allocs/op)
  b1 pipeline numeric_range_sort:p1: 3990826.8 ns/op (502 ops, 164.00 allocs/op)
  b1 pipeline numeric_range_sort:p2: 5053823.4 ns/op (397 ops, 164.00 allocs/op)
  b1 pipeline numeric_range_sort:p2b: 4604233.2 ns/op (435 ops, 164.00 allocs/op)
  b1 pipeline sh2_color_white_review_count_desc:p0: 78279.3 ns/op (25551 ops, 69.00 allocs/op)
  b1 pipeline sh2_color_white_review_count_desc:p0r: 77952.0 ns/op (25663 ops, 70.00 allocs/op)
  b1 pipeline sh2_color_white_review_count_desc:p1: 77355.8 ns/op (25855 ops, 70.00 allocs/op)
  b1 pipeline sh2_color_white_review_count_desc:p2: 92436.5 ns/op (21647 ops, 70.00 allocs/op)
  b1 pipeline sh2_color_white_review_count_desc:p2b: 79288.3 ns/op (25231 ops, 70.00 allocs/op)
  b1 pipeline sh3_depth3_review_count_desc:p0: 63861.1 ns/op (31327 ops, 84.00 allocs/op)
  b1 pipeline sh3_depth3_review_count_desc:p0r: 55316.0 ns/op (36159 ops, 85.00 allocs/op)
  b1 pipeline sh3_depth3_review_count_desc:p1: 55734.0 ns/op (35903 ops, 85.00 allocs/op)
  b1 pipeline sh3_depth3_review_count_desc:p2: 63007.9 ns/op (31743 ops, 85.00 allocs/op)
  b1 pipeline sh3_depth3_review_count_desc:p2b: 64918.7 ns/op (30831 ops, 85.00 allocs/op)
  b1 pipeline sc1_full_rating_count_desc:p0: 4351463.4 ns/op (460 ops, 161.00 allocs/op)
  b1 pipeline sc1_full_rating_count_desc:p0r: 31940.0 ns/op (62655 ops, 66.00 allocs/op)
  b1 pipeline sc1_full_rating_count_desc:p1: 12451.0 ns/op (160639 ops, 56.00 allocs/op)
  b1 pipeline sc1_full_rating_count_desc:p2: 13856.6 ns/op (144383 ops, 56.00 allocs/op)
  b1 pipeline sc1_full_rating_count_desc:p2b: 12491.5 ns/op (160127 ops, 56.00 allocs/op)
  b1 pipeline sc2_style_modern_average_rating_asc:p0: 22032.2 ns/op (90815 ops, 69.00 allocs/op)
  b1 pipeline sc2_style_modern_average_rating_asc:p0r: 22404.2 ns/op (89279 ops, 70.00 allocs/op)
  b1 pipeline sc2_style_modern_average_rating_asc:p1: 23722.2 ns/op (84351 ops, 70.00 allocs/op)
  b1 pipeline sc2_style_modern_average_rating_asc:p2: 29172.0 ns/op (68575 ops, 70.00 allocs/op)
  b1 pipeline sc2_style_modern_average_rating_asc:p2b: 24206.6 ns/op (82687 ops, 70.00 allocs/op)
  b1 pipeline sc3_accent_chairs_review_count_desc:p0: 160056.0 ns/op (12503 ops, 65.00 allocs/op)
  b1 pipeline sc3_accent_chairs_review_count_desc:p0r: 145139.2 ns/op (13783 ops, 66.00 allocs/op)
  b1 pipeline sc3_accent_chairs_review_count_desc:p1: 151883.8 ns/op (13175 ops, 66.00 allocs/op)
  b1 pipeline sc3_accent_chairs_review_count_desc:p2: 186273.0 ns/op (10743 ops, 66.00 allocs/op)
  b1 pipeline sc3_accent_chairs_review_count_desc:p2b: 165959.0 ns/op (12055 ops, 66.00 allocs/op)
  b1 pipeline sc4_color_black_rating_count_asc:p0: 101119.2 ns/op (19791 ops, 69.00 allocs/op)
  b1 pipeline sc4_color_black_rating_count_asc:p0r: 110768.0 ns/op (18063 ops, 70.00 allocs/op)
  b1 pipeline sc4_color_black_rating_count_asc:p1: 107800.6 ns/op (18559 ops, 70.00 allocs/op)
  b1 pipeline sc4_color_black_rating_count_asc:p2: 143957.3 ns/op (13903 ops, 70.00 allocs/op)
  b1 pipeline sc4_color_black_rating_count_asc:p2b: 103084.8 ns/op (19407 ops, 70.00 allocs/op)
  b1 pipeline sc5_pergolas_average_rating_desc:p0: 19069.0 ns/op (104895 ops, 66.00 allocs/op)
  b1 pipeline sc5_pergolas_average_rating_desc:p0r: 18019.3 ns/op (111039 ops, 67.00 allocs/op)
  b1 pipeline sc5_pergolas_average_rating_desc:p1: 17983.8 ns/op (111231 ops, 67.00 allocs/op)
  b1 pipeline sc5_pergolas_average_rating_desc:p2: 21518.5 ns/op (92991 ops, 67.00 allocs/op)
  b1 pipeline sc5_pergolas_average_rating_desc:p2b: 18195.7 ns/op (109951 ops, 67.00 allocs/op)
  b1 pipeline sc6_depth5_review_count_desc:p0: 61908.6 ns/op (32319 ops, 71.00 allocs/op)
  b1 pipeline sc6_depth5_review_count_desc:p0r: 62343.5 ns/op (32095 ops, 72.00 allocs/op)
  b1 pipeline sc6_depth5_review_count_desc:p1: 69186.7 ns/op (28911 ops, 72.00 allocs/op)
  b1 pipeline sc6_depth5_review_count_desc:p2: 75669.6 ns/op (26431 ops, 72.00 allocs/op)
  b1 pipeline sc6_depth5_review_count_desc:p2b: 64392.8 ns/op (31071 ops, 72.00 allocs/op)
  b2 full d1_iterate: 4491112.3 ns/op (446 ops, 0.00 allocs/op)
  b2 full|style ordinal: 6221716.3 ns/op (322 ops, 74.00 allocs/op)
  b2 full|style bitmap: 135758.7 ns/op (14735 ops, 76.00 allocs/op)
  b2 full|style d2_iterate_gather: 4777550.6 ns/op (419 ops, 0.00 allocs/op)
  b2 full|style d3_count_u64: 6293030.4 ns/op (318 ops, 1.00 allocs/op)
  b2 full|style d3_count_u32: 5568334.5 ns/op (360 ops, 1.00 allocs/op)
  b2 full|style d5_materialize: 12005.7 ns/op (166655 ops, 73.00 allocs/op)
  b2 full|style dense_ordinal_all: 1862545.3 ns/op (1074 ops, 74.00 allocs/op)
  b2 full|style dense_bitmap_len_all: 21489.0 ns/op (93119 ops, 76.00 allocs/op)
  b2 full|style d3_dense_count_u64: 1770368.6 ns/op (1130 ops, 1.00 allocs/op)
  b2 full|shape ordinal: 5243807.9 ns/op (382 ops, 108.00 allocs/op)
  b2 full|shape bitmap: 199720.3 ns/op (10015 ops, 111.00 allocs/op)
  b2 full|shape d2_iterate_gather: 4975796.0 ns/op (402 ops, 0.00 allocs/op)
  b2 full|shape d3_count_u64: 6614235.4 ns/op (303 ops, 1.00 allocs/op)
  b2 full|shape d3_count_u32: 5388621.8 ns/op (372 ops, 1.00 allocs/op)
  b2 full|shape d5_materialize: 22591.1 ns/op (88575 ops, 107.00 allocs/op)
  b2 full|shape dense_ordinal_all: 1544797.7 ns/op (1295 ops, 108.00 allocs/op)
  b2 full|shape dense_bitmap_len_all: 36643.2 ns/op (54655 ops, 111.00 allocs/op)
  b2 full|shape d3_dense_count_u64: 1532599.8 ns/op (1305 ops, 1.00 allocs/op)
  b2 full|material ordinal: 5186538.1 ns/op (386 ops, 185.00 allocs/op)
  b2 full|material bitmap: 302008.7 ns/op (6623 ops, 189.00 allocs/op)
  b2 full|material d2_iterate_gather: 4518735.3 ns/op (443 ops, 0.00 allocs/op)
  b2 full|material d3_count_u64: 5675472.9 ns/op (353 ops, 1.00 allocs/op)
  b2 full|material d3_count_u32: 5391805.4 ns/op (371 ops, 1.00 allocs/op)
  b2 full|material d5_materialize: 42823.8 ns/op (46719 ops, 184.00 allocs/op)
  b2 full|material dense_ordinal_all: 1409179.7 ns/op (1420 ops, 185.00 allocs/op)
  b2 full|material dense_bitmap_len_all: 61439.0 ns/op (32575 ops, 189.00 allocs/op)
  b2 full|material d3_dense_count_u64: 1458413.6 ns/op (1372 ops, 1.00 allocs/op)
  b2 full|primarymaterial ordinal: 5778142.8 ns/op (347 ops, 279.00 allocs/op)
  b2 full|primarymaterial bitmap: 428836.2 ns/op (4667 ops, 282.00 allocs/op)
  b2 full|primarymaterial d2_iterate_gather: 4340602.6 ns/op (461 ops, 0.00 allocs/op)
  b2 full|primarymaterial d3_count_u64: 5513979.8 ns/op (363 ops, 1.00 allocs/op)
  b2 full|primarymaterial d3_count_u32: 5819713.2 ns/op (344 ops, 1.00 allocs/op)
  b2 full|primarymaterial d5_materialize: 67644.3 ns/op (29583 ops, 278.00 allocs/op)
  b2 full|primarymaterial dense_ordinal_all: 1756409.2 ns/op (1139 ops, 279.00 allocs/op)
  b2 full|primarymaterial dense_bitmap_len_all: 114645.5 ns/op (17455 ops, 282.00 allocs/op)
  b2 full|primarymaterial d3_dense_count_u64: 1506504.2 ns/op (1329 ops, 1.00 allocs/op)
  b2 full|color ordinal: 7936653.7 ns/op (252 ops, 3206.00 allocs/op)
  b2 full|color bitmap: 6534394.9 ns/op (307 ops, 3211.00 allocs/op)
  b2 full|color d2_iterate_gather: 4346283.6 ns/op (461 ops, 0.00 allocs/op)
  b2 full|color d3_count_u64: 6503327.4 ns/op (308 ops, 1.00 allocs/op)
  b2 full|color d3_count_u32: 6485309.4 ns/op (309 ops, 1.00 allocs/op)
  b2 full|color d5_materialize: 1648955.0 ns/op (1214 ops, 3205.00 allocs/op)
  b2 full|color dense_ordinal_all: 3799446.9 ns/op (527 ops, 3206.00 allocs/op)
  b2 full|color dense_bitmap_len_all: 2725630.3 ns/op (735 ops, 3211.00 allocs/op)
  b2 full|color d3_dense_count_u64: 2001850.1 ns/op (1000 ops, 1.00 allocs/op)
  b2 real:facet_disjunctive_multi_dim d1_iterate: 127262.8 ns/op (15727 ops, 0.00 allocs/op)
  b2 real:facet_disjunctive_multi_dim|style ordinal: 197813.8 ns/op (10119 ops, 20.00 allocs/op)
  b2 real:facet_disjunctive_multi_dim|style bitmap: 1870613.2 ns/op (1070 ops, 22.00 allocs/op)
  b2 real:facet_disjunctive_multi_dim|style d2_iterate_gather: 127313.9 ns/op (15711 ops, 0.00 allocs/op)
  b2 real:facet_disjunctive_multi_dim|style d3_count_u64: 225548.0 ns/op (8871 ops, 1.00 allocs/op)
  b2 real:facet_disjunctive_multi_dim|style d3_count_u32: 191452.3 ns/op (10447 ops, 1.00 allocs/op)
  b2 real:facet_disjunctive_multi_dim|style d5_materialize: 1518.7 ns/op (1317375 ops, 19.00 allocs/op)
  b2 real:facet_disjunctive_multi_dim|shape ordinal: 190676.5 ns/op (10495 ops, 24.00 allocs/op)
  b2 real:facet_disjunctive_multi_dim|shape bitmap: 3233350.4 ns/op (619 ops, 27.00 allocs/op)
  b2 real:facet_disjunctive_multi_dim|shape d2_iterate_gather: 125841.6 ns/op (15903 ops, 0.00 allocs/op)
  b2 real:facet_disjunctive_multi_dim|shape d3_count_u64: 208611.4 ns/op (9591 ops, 1.00 allocs/op)
  b2 real:facet_disjunctive_multi_dim|shape d3_count_u32: 192080.3 ns/op (10423 ops, 1.00 allocs/op)
  b2 real:facet_disjunctive_multi_dim|shape d5_materialize: 2286.2 ns/op (875007 ops, 23.00 allocs/op)
  b2 real:facet_disjunctive_multi_dim|material ordinal: 216110.6 ns/op (9255 ops, 44.00 allocs/op)
  b2 real:facet_disjunctive_multi_dim|material bitmap: 4555107.9 ns/op (440 ops, 48.00 allocs/op)
  b2 real:facet_disjunctive_multi_dim|material d2_iterate_gather: 147439.8 ns/op (13577 ops, 0.00 allocs/op)
  b2 real:facet_disjunctive_multi_dim|material d3_count_u64: 216015.1 ns/op (9263 ops, 1.00 allocs/op)
  b2 real:facet_disjunctive_multi_dim|material d3_count_u32: 191266.2 ns/op (10463 ops, 1.00 allocs/op)
  b2 real:facet_disjunctive_multi_dim|material d5_materialize: 5245.4 ns/op (381439 ops, 43.00 allocs/op)
  b2 real:facet_disjunctive_multi_dim|primarymaterial ordinal: 203971.1 ns/op (9807 ops, 57.00 allocs/op)
  b2 real:facet_disjunctive_multi_dim|primarymaterial bitmap: 6633134.4 ns/op (302 ops, 60.00 allocs/op)
  b2 real:facet_disjunctive_multi_dim|primarymaterial d2_iterate_gather: 126112.6 ns/op (15871 ops, 0.00 allocs/op)
  b2 real:facet_disjunctive_multi_dim|primarymaterial d3_count_u64: 203097.8 ns/op (9855 ops, 1.00 allocs/op)
  b2 real:facet_disjunctive_multi_dim|primarymaterial d3_count_u32: 185284.1 ns/op (10799 ops, 1.00 allocs/op)
  b2 real:facet_disjunctive_multi_dim|primarymaterial d5_materialize: 7865.7 ns/op (254463 ops, 56.00 allocs/op)
  b2 real:facet_disjunctive_multi_dim|color ordinal: 144406.8 ns/op (13855 ops, 3.00 allocs/op)
  b2 real:facet_disjunctive_multi_dim|color bitmap: 66705345.7 ns/op (200 ops, 8.00 allocs/op)
  b2 real:facet_disjunctive_multi_dim|color d2_iterate_gather: 130673.7 ns/op (15319 ops, 0.00 allocs/op)
  b2 real:facet_disjunctive_multi_dim|color d3_count_u64: 157692.5 ns/op (12687 ops, 1.00 allocs/op)
  b2 real:facet_disjunctive_multi_dim|color d3_count_u32: 143428.5 ns/op (13951 ops, 1.00 allocs/op)
  b2 real:facet_disjunctive_multi_dim|color d5_materialize: 1860.4 ns/op (1075199 ops, 2.00 allocs/op)
  b2 real:fc3_style_modern_x_color d1_iterate: 831333.7 ns/op (2407 ops, 0.00 allocs/op)
  b2 real:fc3_style_modern_x_color|style ordinal: 997034.5 ns/op (2006 ops, 3.00 allocs/op)
  b2 real:fc3_style_modern_x_color|style bitmap: 113997.2 ns/op (17551 ops, 5.00 allocs/op)
  b2 real:fc3_style_modern_x_color|style d2_iterate_gather: 1058304.6 ns/op (1895 ops, 0.00 allocs/op)
  b2 real:fc3_style_modern_x_color|style d3_count_u64: 1086495.5 ns/op (1843 ops, 1.00 allocs/op)
  b2 real:fc3_style_modern_x_color|style d3_count_u32: 960304.7 ns/op (2085 ops, 1.00 allocs/op)
  b2 real:fc3_style_modern_x_color|style d5_materialize: 140.0 ns/op (14295039 ops, 2.00 allocs/op)
  b2 real:fc3_style_modern_x_color|shape ordinal: 1158493.9 ns/op (1727 ops, 51.00 allocs/op)
  b2 real:fc3_style_modern_x_color|shape bitmap: 186518.6 ns/op (10727 ops, 54.00 allocs/op)
  b2 real:fc3_style_modern_x_color|shape d2_iterate_gather: 949789.3 ns/op (2107 ops, 0.00 allocs/op)
  b2 real:fc3_style_modern_x_color|shape d3_count_u64: 1130017.9 ns/op (1770 ops, 1.00 allocs/op)
  b2 real:fc3_style_modern_x_color|shape d3_count_u32: 1102781.1 ns/op (1814 ops, 1.00 allocs/op)
  b2 real:fc3_style_modern_x_color|shape d5_materialize: 6862.9 ns/op (291583 ops, 50.00 allocs/op)
  b2 real:fc3_style_modern_x_color|material ordinal: 1245679.5 ns/op (1606 ops, 81.00 allocs/op)
  b2 real:fc3_style_modern_x_color|material bitmap: 270643.1 ns/op (7391 ops, 85.00 allocs/op)
  b2 real:fc3_style_modern_x_color|material d2_iterate_gather: 946354.0 ns/op (2117 ops, 0.00 allocs/op)
  b2 real:fc3_style_modern_x_color|material d3_count_u64: 1108521.0 ns/op (1805 ops, 1.00 allocs/op)
  b2 real:fc3_style_modern_x_color|material d3_count_u32: 1174141.6 ns/op (1704 ops, 1.00 allocs/op)
  b2 real:fc3_style_modern_x_color|material d5_materialize: 12722.3 ns/op (157311 ops, 80.00 allocs/op)
  b2 real:fc3_style_modern_x_color|primarymaterial ordinal: 1144342.9 ns/op (1748 ops, 83.00 allocs/op)
  b2 real:fc3_style_modern_x_color|primarymaterial bitmap: 436327.7 ns/op (4587 ops, 86.00 allocs/op)
  b2 real:fc3_style_modern_x_color|primarymaterial d2_iterate_gather: 922639.1 ns/op (2169 ops, 0.00 allocs/op)
  b2 real:fc3_style_modern_x_color|primarymaterial d3_count_u64: 1219377.2 ns/op (1641 ops, 1.00 allocs/op)
  b2 real:fc3_style_modern_x_color|primarymaterial d3_count_u32: 1154508.6 ns/op (1733 ops, 1.00 allocs/op)
  b2 real:fc3_style_modern_x_color|primarymaterial d5_materialize: 15532.2 ns/op (128767 ops, 82.00 allocs/op)
  b2 real:fc3_style_modern_x_color|color ordinal: 1663550.3 ns/op (1203 ops, 875.00 allocs/op)
  b2 real:fc3_style_modern_x_color|color bitmap: 5072308.1 ns/op (395 ops, 880.00 allocs/op)
  b2 real:fc3_style_modern_x_color|color d2_iterate_gather: 921124.6 ns/op (2173 ops, 0.00 allocs/op)
  b2 real:fc3_style_modern_x_color|color d3_count_u64: 1254785.3 ns/op (1594 ops, 1.00 allocs/op)
  b2 real:fc3_style_modern_x_color|color d3_count_u32: 1275868.2 ns/op (1568 ops, 1.00 allocs/op)
  b2 real:fc3_style_modern_x_color|color d5_materialize: 276513.8 ns/op (7235 ops, 874.00 allocs/op)
  b2 real:fc4_color_white_x_style d1_iterate: 123454.9 ns/op (16207 ops, 0.00 allocs/op)
  b2 real:fc4_color_white_x_style|style ordinal: 206472.5 ns/op (9687 ops, 25.00 allocs/op)
  b2 real:fc4_color_white_x_style|style bitmap: 2159305.0 ns/op (927 ops, 27.00 allocs/op)
  b2 real:fc4_color_white_x_style|style d2_iterate_gather: 141631.1 ns/op (14127 ops, 0.00 allocs/op)
  b2 real:fc4_color_white_x_style|style d3_count_u64: 239120.5 ns/op (8367 ops, 1.00 allocs/op)
  b2 real:fc4_color_white_x_style|style d3_count_u32: 217569.2 ns/op (9199 ops, 1.00 allocs/op)
  b2 real:fc4_color_white_x_style|style d5_materialize: 2056.5 ns/op (972799 ops, 24.00 allocs/op)
  b2 real:fc4_color_white_x_style|shape ordinal: 191279.2 ns/op (10463 ops, 35.00 allocs/op)
  b2 real:fc4_color_white_x_style|shape bitmap: 3192353.7 ns/op (627 ops, 38.00 allocs/op)
  b2 real:fc4_color_white_x_style|shape d2_iterate_gather: 132786.4 ns/op (15063 ops, 0.00 allocs/op)
  b2 real:fc4_color_white_x_style|shape d3_count_u64: 196563.1 ns/op (10175 ops, 1.00 allocs/op)
  b2 real:fc4_color_white_x_style|shape d3_count_u32: 192071.3 ns/op (10415 ops, 1.00 allocs/op)
  b2 real:fc4_color_white_x_style|shape d5_materialize: 3908.4 ns/op (511999 ops, 34.00 allocs/op)
  b2 real:fc4_color_white_x_style|material ordinal: 241411.0 ns/op (8287 ops, 57.00 allocs/op)
  b2 real:fc4_color_white_x_style|material bitmap: 4943887.7 ns/op (406 ops, 61.00 allocs/op)
  b2 real:fc4_color_white_x_style|material d2_iterate_gather: 141624.7 ns/op (14127 ops, 0.00 allocs/op)
  b2 real:fc4_color_white_x_style|material d3_count_u64: 219404.4 ns/op (9119 ops, 1.00 allocs/op)
  b2 real:fc4_color_white_x_style|material d3_count_u32: 192334.7 ns/op (10407 ops, 1.00 allocs/op)
  b2 real:fc4_color_white_x_style|material d5_materialize: 8247.6 ns/op (242559 ops, 56.00 allocs/op)
  b2 real:fc4_color_white_x_style|primarymaterial ordinal: 253165.4 ns/op (7903 ops, 56.00 allocs/op)
  b2 real:fc4_color_white_x_style|primarymaterial bitmap: 6908071.4 ns/op (290 ops, 59.00 allocs/op)
  b2 real:fc4_color_white_x_style|primarymaterial d2_iterate_gather: 142957.3 ns/op (13999 ops, 0.00 allocs/op)
  b2 real:fc4_color_white_x_style|primarymaterial d3_count_u64: 218506.2 ns/op (9159 ops, 1.00 allocs/op)
  b2 real:fc4_color_white_x_style|primarymaterial d3_count_u32: 206564.5 ns/op (9687 ops, 1.00 allocs/op)
  b2 real:fc4_color_white_x_style|primarymaterial d5_materialize: 7917.9 ns/op (252671 ops, 55.00 allocs/op)
  b2 real:fc4_color_white_x_style|color ordinal: 149700.9 ns/op (13367 ops, 3.00 allocs/op)
  b2 real:fc4_color_white_x_style|color bitmap: 71213707.3 ns/op (200 ops, 8.00 allocs/op)
  b2 real:fc4_color_white_x_style|color d2_iterate_gather: 162694.4 ns/op (12295 ops, 0.00 allocs/op)
  b2 real:fc4_color_white_x_style|color d3_count_u64: 160087.3 ns/op (12495 ops, 1.00 allocs/op)
  b2 real:fc4_color_white_x_style|color d3_count_u32: 162530.4 ns/op (12311 ops, 1.00 allocs/op)
  b2 real:fc4_color_white_x_style|color d5_materialize: 2083.2 ns/op (960511 ops, 2.00 allocs/op)
  b2 real:fc6_depth3_x_shape d1_iterate: 385.0 ns/op (5197823 ops, 0.00 allocs/op)
  b2 real:fc6_depth3_x_shape|style ordinal: 740.2 ns/op (2703359 ops, 3.00 allocs/op)
  b2 real:fc6_depth3_x_shape|style bitmap: 132678.9 ns/op (15087 ops, 5.00 allocs/op)
  b2 real:fc6_depth3_x_shape|style d2_iterate_gather: 416.8 ns/op (4800511 ops, 0.00 allocs/op)
  b2 real:fc6_depth3_x_shape|style d3_count_u64: 469.0 ns/op (4265983 ops, 1.00 allocs/op)
  b2 real:fc6_depth3_x_shape|style d3_count_u32: 437.2 ns/op (4575231 ops, 1.00 allocs/op)
  b2 real:fc6_depth3_x_shape|style d5_materialize: 139.1 ns/op (14385151 ops, 2.00 allocs/op)
  b2 real:fc6_depth3_x_shape|shape ordinal: 734.8 ns/op (2723839 ops, 3.00 allocs/op)
  b2 real:fc6_depth3_x_shape|shape bitmap: 251310.9 ns/op (7959 ops, 6.00 allocs/op)
  b2 real:fc6_depth3_x_shape|shape d2_iterate_gather: 513.0 ns/op (3899391 ops, 0.00 allocs/op)
  b2 real:fc6_depth3_x_shape|shape d3_count_u64: 458.3 ns/op (4364287 ops, 1.00 allocs/op)
  b2 real:fc6_depth3_x_shape|shape d3_count_u32: 458.3 ns/op (4366335 ops, 1.00 allocs/op)
  b2 real:fc6_depth3_x_shape|shape d5_materialize: 166.2 ns/op (12034047 ops, 2.00 allocs/op)
  b2 real:fc6_depth3_x_shape|material ordinal: 773.9 ns/op (2584575 ops, 1.00 allocs/op)
  b2 real:fc6_depth3_x_shape|material bitmap: 337418.6 ns/op (5931 ops, 5.00 allocs/op)
  b2 real:fc6_depth3_x_shape|material d2_iterate_gather: 423.7 ns/op (4722687 ops, 0.00 allocs/op)
  b2 real:fc6_depth3_x_shape|material d3_count_u64: 464.4 ns/op (4308991 ops, 1.00 allocs/op)
  b2 real:fc6_depth3_x_shape|material d3_count_u32: 445.4 ns/op (4493311 ops, 1.00 allocs/op)
  b2 real:fc6_depth3_x_shape|material d5_materialize: 144.9 ns/op (13819903 ops, 0.00 allocs/op)
  b2 real:fc6_depth3_x_shape|primarymaterial ordinal: 939.2 ns/op (2130431 ops, 3.00 allocs/op)
  b2 real:fc6_depth3_x_shape|primarymaterial bitmap: 433498.5 ns/op (4615 ops, 6.00 allocs/op)
  b2 real:fc6_depth3_x_shape|primarymaterial d2_iterate_gather: 410.1 ns/op (4878335 ops, 0.00 allocs/op)
  b2 real:fc6_depth3_x_shape|primarymaterial d3_count_u64: 539.3 ns/op (3710975 ops, 1.00 allocs/op)
  b2 real:fc6_depth3_x_shape|primarymaterial d3_count_u32: 530.0 ns/op (3774463 ops, 1.00 allocs/op)
  b2 real:fc6_depth3_x_shape|primarymaterial d5_materialize: 256.2 ns/op (7806975 ops, 2.00 allocs/op)
  b2 real:fc6_depth3_x_shape|color ordinal: 4193.5 ns/op (477183 ops, 3.00 allocs/op)
  b2 real:fc6_depth3_x_shape|color bitmap: 5993359.2 ns/op (334 ops, 8.00 allocs/op)
  b2 real:fc6_depth3_x_shape|color d2_iterate_gather: 457.9 ns/op (4370431 ops, 0.00 allocs/op)
  b2 real:fc6_depth3_x_shape|color d3_count_u64: 1351.6 ns/op (1480703 ops, 1.00 allocs/op)
  b2 real:fc6_depth3_x_shape|color d3_count_u32: 1105.0 ns/op (1810431 ops, 1.00 allocs/op)
  b2 real:fc6_depth3_x_shape|color d5_materialize: 1818.9 ns/op (1099775 ops, 2.00 allocs/op)
  b2 real:fc7_pergolas_x_color d1_iterate: 1258.8 ns/op (1589247 ops, 0.00 allocs/op)
  b2 real:fc7_pergolas_x_color|style ordinal: 1691.4 ns/op (1182719 ops, 4.00 allocs/op)
  b2 real:fc7_pergolas_x_color|style bitmap: 169326.0 ns/op (11815 ops, 6.00 allocs/op)
  b2 real:fc7_pergolas_x_color|style d2_iterate_gather: 1383.1 ns/op (1446911 ops, 0.00 allocs/op)
  b2 real:fc7_pergolas_x_color|style d3_count_u64: 1484.3 ns/op (1347583 ops, 1.00 allocs/op)
  b2 real:fc7_pergolas_x_color|style d3_count_u32: 1416.1 ns/op (1413119 ops, 1.00 allocs/op)
  b2 real:fc7_pergolas_x_color|style d5_materialize: 198.4 ns/op (10084351 ops, 3.00 allocs/op)
  b2 real:fc7_pergolas_x_color|shape ordinal: 1910.8 ns/op (1047039 ops, 4.00 allocs/op)
  b2 real:fc7_pergolas_x_color|shape bitmap: 307599.4 ns/op (6503 ops, 7.00 allocs/op)
  b2 real:fc7_pergolas_x_color|shape d2_iterate_gather: 1555.8 ns/op (1286143 ops, 0.00 allocs/op)
  b2 real:fc7_pergolas_x_color|shape d3_count_u64: 1561.5 ns/op (1281279 ops, 1.00 allocs/op)
  b2 real:fc7_pergolas_x_color|shape d3_count_u32: 1511.6 ns/op (1324031 ops, 1.00 allocs/op)
  b2 real:fc7_pergolas_x_color|shape d5_materialize: 230.3 ns/op (8691711 ops, 3.00 allocs/op)
  b2 real:fc7_pergolas_x_color|material ordinal: 1689.3 ns/op (1184767 ops, 1.00 allocs/op)
  b2 real:fc7_pergolas_x_color|material bitmap: 422455.7 ns/op (4735 ops, 5.00 allocs/op)
  b2 real:fc7_pergolas_x_color|material d2_iterate_gather: 1473.1 ns/op (1357823 ops, 0.00 allocs/op)
  b2 real:fc7_pergolas_x_color|material d3_count_u64: 1520.0 ns/op (1315839 ops, 1.00 allocs/op)
  b2 real:fc7_pergolas_x_color|material d3_count_u32: 1579.5 ns/op (1266687 ops, 1.00 allocs/op)
  b2 real:fc7_pergolas_x_color|material d5_materialize: 124.9 ns/op (16023551 ops, 0.00 allocs/op)
  b2 real:fc7_pergolas_x_color|primarymaterial ordinal: 1720.7 ns/op (1163263 ops, 1.00 allocs/op)
  b2 real:fc7_pergolas_x_color|primarymaterial bitmap: 572249.7 ns/op (3497 ops, 4.00 allocs/op)
  b2 real:fc7_pergolas_x_color|primarymaterial d2_iterate_gather: 1371.6 ns/op (1459199 ops, 0.00 allocs/op)
  b2 real:fc7_pergolas_x_color|primarymaterial d3_count_u64: 1444.5 ns/op (1385471 ops, 1.00 allocs/op)
  b2 real:fc7_pergolas_x_color|primarymaterial d3_count_u32: 1530.3 ns/op (1307647 ops, 1.00 allocs/op)
  b2 real:fc7_pergolas_x_color|primarymaterial d5_materialize: 189.8 ns/op (10543103 ops, 0.00 allocs/op)
  b2 real:fc7_pergolas_x_color|color ordinal: 4669.9 ns/op (428287 ops, 1.00 allocs/op)
  b2 real:fc7_pergolas_x_color|color bitmap: 8538137.5 ns/op (235 ops, 6.00 allocs/op)
  b2 real:fc7_pergolas_x_color|color d2_iterate_gather: 1445.8 ns/op (1383423 ops, 0.00 allocs/op)
  b2 real:fc7_pergolas_x_color|color d3_count_u64: 2305.4 ns/op (867839 ops, 1.00 allocs/op)
  b2 real:fc7_pergolas_x_color|color d3_count_u32: 1900.4 ns/op (1052671 ops, 1.00 allocs/op)
  b2 real:fc7_pergolas_x_color|color d5_materialize: 1692.6 ns/op (1181695 ops, 0.00 allocs/op)
  b2 real:numeric_range_sort d1_iterate: 3011108.0 ns/op (665 ops, 0.00 allocs/op)
  b2 real:numeric_range_sort|style ordinal: 4325396.3 ns/op (463 ops, 71.00 allocs/op)
  b2 real:numeric_range_sort|style bitmap: 124947.5 ns/op (16015 ops, 73.00 allocs/op)
  b2 real:numeric_range_sort|style d2_iterate_gather: 3179167.3 ns/op (630 ops, 0.00 allocs/op)
  b2 real:numeric_range_sort|style d3_count_u64: 4471343.2 ns/op (448 ops, 1.00 allocs/op)
  b2 real:numeric_range_sort|style d3_count_u32: 4361559.3 ns/op (459 ops, 1.00 allocs/op)
  b2 real:numeric_range_sort|style d5_materialize: 10467.4 ns/op (191103 ops, 70.00 allocs/op)
  b2 real:numeric_range_sort|shape ordinal: 3941373.3 ns/op (508 ops, 105.00 allocs/op)
  b2 real:numeric_range_sort|shape bitmap: 200374.8 ns/op (9983 ops, 108.00 allocs/op)
  b2 real:numeric_range_sort|shape d2_iterate_gather: 3166853.5 ns/op (632 ops, 0.00 allocs/op)
  b2 real:numeric_range_sort|shape d3_count_u64: 4225691.7 ns/op (474 ops, 1.00 allocs/op)
  b2 real:numeric_range_sort|shape d3_count_u32: 4757642.1 ns/op (421 ops, 1.00 allocs/op)
  b2 real:numeric_range_sort|shape d5_materialize: 18012.6 ns/op (111039 ops, 104.00 allocs/op)
  b2 real:numeric_range_sort|material ordinal: 3989632.0 ns/op (502 ops, 172.00 allocs/op)
  b2 real:numeric_range_sort|material bitmap: 304025.2 ns/op (6579 ops, 176.00 allocs/op)
  b2 real:numeric_range_sort|material d2_iterate_gather: 3495449.2 ns/op (573 ops, 0.00 allocs/op)
  b2 real:numeric_range_sort|material d3_count_u64: 3964900.1 ns/op (505 ops, 1.00 allocs/op)
  b2 real:numeric_range_sort|material d3_count_u32: 3926581.7 ns/op (510 ops, 1.00 allocs/op)
  b2 real:numeric_range_sort|material d5_materialize: 33969.6 ns/op (58879 ops, 171.00 allocs/op)
  b2 real:numeric_range_sort|primarymaterial ordinal: 4087566.6 ns/op (490 ops, 237.00 allocs/op)
  b2 real:numeric_range_sort|primarymaterial bitmap: 456410.4 ns/op (4383 ops, 240.00 allocs/op)
  b2 real:numeric_range_sort|primarymaterial d2_iterate_gather: 3235199.2 ns/op (619 ops, 0.00 allocs/op)
  b2 real:numeric_range_sort|primarymaterial d3_count_u64: 5093057.3 ns/op (393 ops, 1.00 allocs/op)
  b2 real:numeric_range_sort|primarymaterial d3_count_u32: 4134549.1 ns/op (484 ops, 1.00 allocs/op)
  b2 real:numeric_range_sort|primarymaterial d5_materialize: 52048.0 ns/op (38431 ops, 236.00 allocs/op)
  b2 real:numeric_range_sort|color ordinal: 6213944.0 ns/op (322 ops, 2671.00 allocs/op)
  b2 real:numeric_range_sort|color bitmap: 6247935.1 ns/op (321 ops, 2676.00 allocs/op)
  b2 real:numeric_range_sort|color d2_iterate_gather: 3292514.5 ns/op (608 ops, 0.00 allocs/op)
  b2 real:numeric_range_sort|color d3_count_u64: 4547126.1 ns/op (440 ops, 1.00 allocs/op)
  b2 real:numeric_range_sort|color d3_count_u32: 4706673.5 ns/op (425 ops, 1.00 allocs/op)
  b2 real:numeric_range_sort|color d5_materialize: 1031235.7 ns/op (1941 ops, 2670.00 allocs/op)
  b2 real:sc3_accent_chairs_review_count_desc d1_iterate: 93321.1 ns/op (21439 ops, 0.00 allocs/op)
  b2 real:sc3_accent_chairs_review_count_desc|style ordinal: 176707.2 ns/op (11319 ops, 17.00 allocs/op)
  b2 real:sc3_accent_chairs_review_count_desc|style bitmap: 1581099.2 ns/op (1265 ops, 19.00 allocs/op)
  b2 real:sc3_accent_chairs_review_count_desc|style d2_iterate_gather: 111667.1 ns/op (17919 ops, 0.00 allocs/op)
  b2 real:sc3_accent_chairs_review_count_desc|style d3_count_u64: 176490.7 ns/op (11335 ops, 1.00 allocs/op)
  b2 real:sc3_accent_chairs_review_count_desc|style d3_count_u32: 172564.4 ns/op (11591 ops, 1.00 allocs/op)
  b2 real:sc3_accent_chairs_review_count_desc|style d5_materialize: 1178.7 ns/op (1696767 ops, 16.00 allocs/op)
  b2 real:sc3_accent_chairs_review_count_desc|shape ordinal: 98036.0 ns/op (20415 ops, 1.00 allocs/op)
  b2 real:sc3_accent_chairs_review_count_desc|shape bitmap: 2515558.1 ns/op (796 ops, 4.00 allocs/op)
  b2 real:sc3_accent_chairs_review_count_desc|shape d2_iterate_gather: 103274.0 ns/op (19375 ops, 0.00 allocs/op)
  b2 real:sc3_accent_chairs_review_count_desc|shape d3_count_u64: 123829.6 ns/op (16159 ops, 1.00 allocs/op)
  b2 real:sc3_accent_chairs_review_count_desc|shape d3_count_u32: 113521.5 ns/op (17631 ops, 1.00 allocs/op)
  b2 real:sc3_accent_chairs_review_count_desc|shape d5_materialize: 84.7 ns/op (23609343 ops, 0.00 allocs/op)
  b2 real:sc3_accent_chairs_review_count_desc|material ordinal: 98124.7 ns/op (20383 ops, 1.00 allocs/op)
  b2 real:sc3_accent_chairs_review_count_desc|material bitmap: 3693249.3 ns/op (542 ops, 5.00 allocs/op)
  b2 real:sc3_accent_chairs_review_count_desc|material d2_iterate_gather: 104797.9 ns/op (19087 ops, 0.00 allocs/op)
  b2 real:sc3_accent_chairs_review_count_desc|material d3_count_u64: 102760.0 ns/op (19471 ops, 1.00 allocs/op)
  b2 real:sc3_accent_chairs_review_count_desc|material d3_count_u32: 102421.6 ns/op (19535 ops, 1.00 allocs/op)
  b2 real:sc3_accent_chairs_review_count_desc|material d5_materialize: 125.3 ns/op (15974399 ops, 0.00 allocs/op)
  b2 real:sc3_accent_chairs_review_count_desc|primarymaterial ordinal: 99393.4 ns/op (20135 ops, 1.00 allocs/op)
  b2 real:sc3_accent_chairs_review_count_desc|primarymaterial bitmap: 5010622.7 ns/op (400 ops, 4.00 allocs/op)
  b2 real:sc3_accent_chairs_review_count_desc|primarymaterial d2_iterate_gather: 105963.4 ns/op (18879 ops, 0.00 allocs/op)
  b2 real:sc3_accent_chairs_review_count_desc|primarymaterial d3_count_u64: 106937.5 ns/op (18703 ops, 1.00 allocs/op)
  b2 real:sc3_accent_chairs_review_count_desc|primarymaterial d3_count_u32: 114627.7 ns/op (17455 ops, 1.00 allocs/op)
  b2 real:sc3_accent_chairs_review_count_desc|primarymaterial d5_materialize: 176.4 ns/op (11337727 ops, 0.00 allocs/op)
  b2 real:sc3_accent_chairs_review_count_desc|color ordinal: 103349.0 ns/op (19359 ops, 1.00 allocs/op)
  b2 real:sc3_accent_chairs_review_count_desc|color bitmap: 56044357.3 ns/op (200 ops, 6.00 allocs/op)
  b2 real:sc3_accent_chairs_review_count_desc|color d2_iterate_gather: 115631.9 ns/op (17311 ops, 0.00 allocs/op)
  b2 real:sc3_accent_chairs_review_count_desc|color d3_count_u64: 125679.0 ns/op (15919 ops, 1.00 allocs/op)
  b2 real:sc3_accent_chairs_review_count_desc|color d3_count_u32: 108114.4 ns/op (18511 ops, 1.00 allocs/op)
  b2 real:sc3_accent_chairs_review_count_desc|color d5_materialize: 1698.3 ns/op (1178623 ops, 0.00 allocs/op)
  b2 real:sc6_depth5_review_count_desc d1_iterate: 192.9 ns/op (10371071 ops, 0.00 allocs/op)
  b2 real:sc6_depth5_review_count_desc|style ordinal: 530.0 ns/op (3774463 ops, 3.00 allocs/op)
  b2 real:sc6_depth5_review_count_desc|style bitmap: 104523.3 ns/op (19135 ops, 5.00 allocs/op)
  b2 real:sc6_depth5_review_count_desc|style d2_iterate_gather: 189.0 ns/op (10584063 ops, 0.00 allocs/op)
  b2 real:sc6_depth5_review_count_desc|style d3_count_u64: 270.6 ns/op (7393279 ops, 1.00 allocs/op)
  b2 real:sc6_depth5_review_count_desc|style d3_count_u32: 280.8 ns/op (7122943 ops, 1.00 allocs/op)
  b2 real:sc6_depth5_review_count_desc|style d5_materialize: 135.9 ns/op (14721023 ops, 2.00 allocs/op)
  b2 real:sc6_depth5_review_count_desc|shape ordinal: 596.6 ns/op (3352575 ops, 3.00 allocs/op)
  b2 real:sc6_depth5_review_count_desc|shape bitmap: 189645.8 ns/op (10551 ops, 6.00 allocs/op)
  b2 real:sc6_depth5_review_count_desc|shape d2_iterate_gather: 188.0 ns/op (10641407 ops, 0.00 allocs/op)
  b2 real:sc6_depth5_review_count_desc|shape d3_count_u64: 283.3 ns/op (7061503 ops, 1.00 allocs/op)
  b2 real:sc6_depth5_review_count_desc|shape d3_count_u32: 269.6 ns/op (7421951 ops, 1.00 allocs/op)
  b2 real:sc6_depth5_review_count_desc|shape d5_materialize: 153.2 ns/op (13058047 ops, 2.00 allocs/op)
  b2 real:sc6_depth5_review_count_desc|material ordinal: 575.3 ns/op (3477503 ops, 1.00 allocs/op)
  b2 real:sc6_depth5_review_count_desc|material bitmap: 276464.3 ns/op (7239 ops, 5.00 allocs/op)
  b2 real:sc6_depth5_review_count_desc|material d2_iterate_gather: 194.9 ns/op (10264575 ops, 0.00 allocs/op)
  b2 real:sc6_depth5_review_count_desc|material d3_count_u64: 294.7 ns/op (6791167 ops, 1.00 allocs/op)
  b2 real:sc6_depth5_review_count_desc|material d3_count_u32: 292.9 ns/op (6828031 ops, 1.00 allocs/op)
  b2 real:sc6_depth5_review_count_desc|material d5_materialize: 129.9 ns/op (15409151 ops, 0.00 allocs/op)
  b2 real:sc6_depth5_review_count_desc|primarymaterial ordinal: 742.1 ns/op (2695167 ops, 3.00 allocs/op)
  b2 real:sc6_depth5_review_count_desc|primarymaterial bitmap: 359885.8 ns/op (5563 ops, 6.00 allocs/op)
  b2 real:sc6_depth5_review_count_desc|primarymaterial d2_iterate_gather: 188.0 ns/op (10641407 ops, 0.00 allocs/op)
  b2 real:sc6_depth5_review_count_desc|primarymaterial d3_count_u64: 333.3 ns/op (6000639 ops, 1.00 allocs/op)
  b2 real:sc6_depth5_review_count_desc|primarymaterial d3_count_u32: 310.1 ns/op (6451199 ops, 1.00 allocs/op)
  b2 real:sc6_depth5_review_count_desc|primarymaterial d5_materialize: 240.5 ns/op (8323071 ops, 2.00 allocs/op)
  b2 real:sc6_depth5_review_count_desc|color ordinal: 3403.2 ns/op (587775 ops, 3.00 allocs/op)
  b2 real:sc6_depth5_review_count_desc|color bitmap: 5446573.2 ns/op (368 ops, 8.00 allocs/op)
  b2 real:sc6_depth5_review_count_desc|color d2_iterate_gather: 203.5 ns/op (9846783 ops, 0.00 allocs/op)
  b2 real:sc6_depth5_review_count_desc|color d3_count_u64: 1131.4 ns/op (1768447 ops, 1.00 allocs/op)
  b2 real:sc6_depth5_review_count_desc|color d3_count_u32: 743.0 ns/op (2693119 ops, 1.00 allocs/op)
  b2 real:sc6_depth5_review_count_desc|color d5_materialize: 1900.2 ns/op (1052671 ops, 2.00 allocs/op)
  b2 random:0.5 d1_iterate: 2217696.3 ns/op (902 ops, 0.00 allocs/op)
  b2 random:0.5|style ordinal: 3850958.4 ns/op (520 ops, 74.00 allocs/op)
  b2 random:0.5|style bitmap: 128773.3 ns/op (15535 ops, 76.00 allocs/op)
  b2 random:0.5|style d2_iterate_gather: 2196165.1 ns/op (911 ops, 0.00 allocs/op)
  b2 random:0.5|style d3_count_u64: 3127381.5 ns/op (640 ops, 1.00 allocs/op)
  b2 random:0.5|style d3_count_u32: 3579475.6 ns/op (560 ops, 1.00 allocs/op)
  b2 random:0.5|style d5_materialize: 10998.9 ns/op (181887 ops, 73.00 allocs/op)
  b2 random:0.5|shape ordinal: 2713106.8 ns/op (738 ops, 108.00 allocs/op)
  b2 random:0.5|shape bitmap: 186763.3 ns/op (10711 ops, 111.00 allocs/op)
  b2 random:0.5|shape d2_iterate_gather: 2215508.4 ns/op (903 ops, 0.00 allocs/op)
  b2 random:0.5|shape d3_count_u64: 3055438.3 ns/op (655 ops, 1.00 allocs/op)
  b2 random:0.5|shape d3_count_u32: 3122735.2 ns/op (641 ops, 1.00 allocs/op)
  b2 random:0.5|shape d5_materialize: 18166.2 ns/op (110143 ops, 107.00 allocs/op)
  b2 random:0.5|material ordinal: 2736641.6 ns/op (732 ops, 185.00 allocs/op)
  b2 random:0.5|material bitmap: 309559.3 ns/op (6463 ops, 189.00 allocs/op)
  b2 random:0.5|material d2_iterate_gather: 2583524.5 ns/op (775 ops, 0.00 allocs/op)
  b2 random:0.5|material d3_count_u64: 2777827.6 ns/op (720 ops, 1.00 allocs/op)
  b2 random:0.5|material d3_count_u32: 2680678.9 ns/op (747 ops, 1.00 allocs/op)
  b2 random:0.5|material d5_materialize: 37251.5 ns/op (53695 ops, 184.00 allocs/op)
  b2 random:0.5|primarymaterial ordinal: 3008489.0 ns/op (665 ops, 279.00 allocs/op)
  b2 random:0.5|primarymaterial bitmap: 443305.5 ns/op (4515 ops, 282.00 allocs/op)
  b2 random:0.5|primarymaterial d2_iterate_gather: 2365339.7 ns/op (846 ops, 0.00 allocs/op)
  b2 random:0.5|primarymaterial d3_count_u64: 2860444.2 ns/op (700 ops, 1.00 allocs/op)
  b2 random:0.5|primarymaterial d3_count_u32: 2880989.1 ns/op (695 ops, 1.00 allocs/op)
  b2 random:0.5|primarymaterial d5_materialize: 65080.9 ns/op (30751 ops, 278.00 allocs/op)
  b2 random:0.5|color ordinal: 4975653.9 ns/op (402 ops, 3206.00 allocs/op)
  b2 random:0.5|color bitmap: 7328507.8 ns/op (274 ops, 3211.00 allocs/op)
  b2 random:0.5|color d2_iterate_gather: 2355433.8 ns/op (850 ops, 0.00 allocs/op)
  b2 random:0.5|color d3_count_u64: 3631188.2 ns/op (551 ops, 1.00 allocs/op)
  b2 random:0.5|color d3_count_u32: 3132633.5 ns/op (639 ops, 1.00 allocs/op)
  b2 random:0.5|color d5_materialize: 1332369.3 ns/op (1502 ops, 3205.00 allocs/op)
  b2 prefix:0.5 d1_iterate: 1995131.9 ns/op (1003 ops, 0.00 allocs/op)
  b2 prefix:0.5|style ordinal: 2723366.1 ns/op (735 ops, 74.00 allocs/op)
  b2 prefix:0.5|style bitmap: 70873.0 ns/op (28223 ops, 76.00 allocs/op)
  b2 prefix:0.5|style d2_iterate_gather: 2155806.0 ns/op (928 ops, 0.00 allocs/op)
  b2 prefix:0.5|style d3_count_u64: 2994594.7 ns/op (668 ops, 1.00 allocs/op)
  b2 prefix:0.5|style d3_count_u32: 2786563.0 ns/op (718 ops, 1.00 allocs/op)
  b2 prefix:0.5|style d5_materialize: 11224.1 ns/op (178303 ops, 73.00 allocs/op)
  b2 prefix:0.5|shape ordinal: 2600496.8 ns/op (770 ops, 108.00 allocs/op)
  b2 prefix:0.5|shape bitmap: 104910.9 ns/op (19071 ops, 111.00 allocs/op)
  b2 prefix:0.5|shape d2_iterate_gather: 2163022.0 ns/op (925 ops, 0.00 allocs/op)
  b2 prefix:0.5|shape d3_count_u64: 3175373.9 ns/op (630 ops, 1.00 allocs/op)
  b2 prefix:0.5|shape d3_count_u32: 3320990.6 ns/op (603 ops, 1.00 allocs/op)
  b2 prefix:0.5|shape d5_materialize: 21885.6 ns/op (91391 ops, 107.00 allocs/op)
  b2 prefix:0.5|material ordinal: 2630982.6 ns/op (761 ops, 185.00 allocs/op)
  b2 prefix:0.5|material bitmap: 208362.7 ns/op (9599 ops, 189.00 allocs/op)
  b2 prefix:0.5|material d2_iterate_gather: 2297204.1 ns/op (871 ops, 0.00 allocs/op)
  b2 prefix:0.5|material d3_count_u64: 2614293.3 ns/op (766 ops, 1.00 allocs/op)
  b2 prefix:0.5|material d3_count_u32: 2578906.7 ns/op (776 ops, 1.00 allocs/op)
  b2 prefix:0.5|material d5_materialize: 38627.3 ns/op (51807 ops, 184.00 allocs/op)
  b2 prefix:0.5|primarymaterial ordinal: 3713794.8 ns/op (539 ops, 279.00 allocs/op)
  b2 prefix:0.5|primarymaterial bitmap: 276363.9 ns/op (7239 ops, 282.00 allocs/op)
  b2 prefix:0.5|primarymaterial d2_iterate_gather: 2147008.3 ns/op (932 ops, 0.00 allocs/op)
  b2 prefix:0.5|primarymaterial d3_count_u64: 2748489.1 ns/op (728 ops, 1.00 allocs/op)
  b2 prefix:0.5|primarymaterial d3_count_u32: 2893527.5 ns/op (692 ops, 1.00 allocs/op)
  b2 prefix:0.5|primarymaterial d5_materialize: 81012.6 ns/op (24703 ops, 278.00 allocs/op)
  b2 prefix:0.5|color ordinal: 5733517.5 ns/op (349 ops, 3206.00 allocs/op)
  b2 prefix:0.5|color bitmap: 5135467.8 ns/op (390 ops, 3211.00 allocs/op)
  b2 prefix:0.5|color d2_iterate_gather: 2192801.2 ns/op (913 ops, 0.00 allocs/op)
  b2 prefix:0.5|color d3_count_u64: 3351966.1 ns/op (597 ops, 1.00 allocs/op)
  b2 prefix:0.5|color d3_count_u32: 3092801.3 ns/op (647 ops, 1.00 allocs/op)
  b2 prefix:0.5|color d5_materialize: 1292725.9 ns/op (1548 ops, 3205.00 allocs/op)
  b2 random:0.25 d1_iterate: 1079199.6 ns/op (1854 ops, 0.00 allocs/op)
  b2 random:0.25|style ordinal: 1611504.5 ns/op (1242 ops, 74.00 allocs/op)
  b2 random:0.25|style bitmap: 149880.3 ns/op (13359 ops, 76.00 allocs/op)
  b2 random:0.25|style d2_iterate_gather: 1612305.8 ns/op (1241 ops, 0.00 allocs/op)
  b2 random:0.25|style d3_count_u64: 1644445.5 ns/op (1217 ops, 1.00 allocs/op)
  b2 random:0.25|style d3_count_u32: 1648573.5 ns/op (1214 ops, 1.00 allocs/op)
  b2 random:0.25|style d5_materialize: 11880.1 ns/op (168447 ops, 73.00 allocs/op)
  b2 random:0.25|shape ordinal: 1619842.9 ns/op (1235 ops, 108.00 allocs/op)
  b2 random:0.25|shape bitmap: 200641.2 ns/op (9975 ops, 111.00 allocs/op)
  b2 random:0.25|shape d2_iterate_gather: 1161514.6 ns/op (1722 ops, 0.00 allocs/op)
  b2 random:0.25|shape d3_count_u64: 1756626.5 ns/op (1139 ops, 1.00 allocs/op)
  b2 random:0.25|shape d3_count_u32: 1492306.6 ns/op (1341 ops, 1.00 allocs/op)
  b2 random:0.25|shape d5_materialize: 21350.0 ns/op (93695 ops, 107.00 allocs/op)
  b2 random:0.25|material ordinal: 1574258.3 ns/op (1271 ops, 182.00 allocs/op)
  b2 random:0.25|material bitmap: 301706.6 ns/op (6631 ops, 186.00 allocs/op)
  b2 random:0.25|material d2_iterate_gather: 1138080.2 ns/op (1758 ops, 0.00 allocs/op)
  b2 random:0.25|material d3_count_u64: 1437186.0 ns/op (1392 ops, 1.00 allocs/op)
  b2 random:0.25|material d3_count_u32: 1453121.5 ns/op (1377 ops, 1.00 allocs/op)
  b2 random:0.25|material d5_materialize: 40851.1 ns/op (49023 ops, 181.00 allocs/op)
  b2 random:0.25|primarymaterial ordinal: 1782901.3 ns/op (1122 ops, 277.00 allocs/op)
  b2 random:0.25|primarymaterial bitmap: 422469.4 ns/op (4735 ops, 280.00 allocs/op)
  b2 random:0.25|primarymaterial d2_iterate_gather: 1274196.1 ns/op (1570 ops, 0.00 allocs/op)
  b2 random:0.25|primarymaterial d3_count_u64: 1748406.3 ns/op (1146 ops, 1.00 allocs/op)
  b2 random:0.25|primarymaterial d3_count_u32: 1581235.2 ns/op (1265 ops, 1.00 allocs/op)
  b2 random:0.25|primarymaterial d5_materialize: 63574.9 ns/op (31487 ops, 276.00 allocs/op)
  b2 random:0.25|color ordinal: 3266681.2 ns/op (613 ops, 3134.00 allocs/op)
  b2 random:0.25|color bitmap: 6408003.7 ns/op (313 ops, 3139.00 allocs/op)
  b2 random:0.25|color d2_iterate_gather: 1184664.1 ns/op (1689 ops, 0.00 allocs/op)
  b2 random:0.25|color d3_count_u64: 1716221.1 ns/op (1166 ops, 1.00 allocs/op)
  b2 random:0.25|color d3_count_u32: 1683012.7 ns/op (1189 ops, 1.00 allocs/op)
  b2 random:0.25|color d5_materialize: 1262835.1 ns/op (1584 ops, 3133.00 allocs/op)
  b2 prefix:0.25 d1_iterate: 1006609.2 ns/op (1988 ops, 0.00 allocs/op)
  b2 prefix:0.25|style ordinal: 1382389.2 ns/op (1447 ops, 74.00 allocs/op)
  b2 prefix:0.25|style bitmap: 46103.8 ns/op (43391 ops, 76.00 allocs/op)
  b2 prefix:0.25|style d2_iterate_gather: 1094838.4 ns/op (1827 ops, 0.00 allocs/op)
  b2 prefix:0.25|style d3_count_u64: 1387973.3 ns/op (1441 ops, 1.00 allocs/op)
  b2 prefix:0.25|style d3_count_u32: 1397724.7 ns/op (1432 ops, 1.00 allocs/op)
  b2 prefix:0.25|style d5_materialize: 13359.0 ns/op (149759 ops, 73.00 allocs/op)
  b2 prefix:0.25|shape ordinal: 1414721.5 ns/op (1414 ops, 108.00 allocs/op)
  b2 prefix:0.25|shape bitmap: 66685.7 ns/op (29999 ops, 111.00 allocs/op)
  b2 prefix:0.25|shape d2_iterate_gather: 1209715.6 ns/op (1654 ops, 0.00 allocs/op)
  b2 prefix:0.25|shape d3_count_u64: 1565567.6 ns/op (1278 ops, 1.00 allocs/op)
  b2 prefix:0.25|shape d3_count_u32: 1529394.9 ns/op (1308 ops, 1.00 allocs/op)
  b2 prefix:0.25|shape d5_materialize: 20526.0 ns/op (97471 ops, 107.00 allocs/op)
  b2 prefix:0.25|material ordinal: 1374280.7 ns/op (1456 ops, 185.00 allocs/op)
  b2 prefix:0.25|material bitmap: 113544.4 ns/op (17615 ops, 189.00 allocs/op)
  b2 prefix:0.25|material d2_iterate_gather: 1059239.1 ns/op (1889 ops, 0.00 allocs/op)
  b2 prefix:0.25|material d3_count_u64: 1318904.9 ns/op (1517 ops, 1.00 allocs/op)
  b2 prefix:0.25|material d3_count_u32: 1331415.5 ns/op (1503 ops, 1.00 allocs/op)
  b2 prefix:0.25|material d5_materialize: 38531.3 ns/op (51935 ops, 184.00 allocs/op)
  b2 prefix:0.25|primarymaterial ordinal: 1474343.0 ns/op (1357 ops, 279.00 allocs/op)
  b2 prefix:0.25|primarymaterial bitmap: 211138.6 ns/op (9479 ops, 282.00 allocs/op)
  b2 prefix:0.25|primarymaterial d2_iterate_gather: 1089580.5 ns/op (1836 ops, 0.00 allocs/op)
  b2 prefix:0.25|primarymaterial d3_count_u64: 1357255.4 ns/op (1474 ops, 1.00 allocs/op)
  b2 prefix:0.25|primarymaterial d3_count_u32: 1424712.9 ns/op (1404 ops, 1.00 allocs/op)
  b2 prefix:0.25|primarymaterial d5_materialize: 63124.2 ns/op (31695 ops, 278.00 allocs/op)
  b2 prefix:0.25|color ordinal: 2819033.3 ns/op (710 ops, 3206.00 allocs/op)
  b2 prefix:0.25|color bitmap: 4621762.7 ns/op (433 ops, 3211.00 allocs/op)
  b2 prefix:0.25|color d2_iterate_gather: 1064457.7 ns/op (1879 ops, 0.00 allocs/op)
  b2 prefix:0.25|color d3_count_u64: 1569058.1 ns/op (1275 ops, 1.00 allocs/op)
  b2 prefix:0.25|color d3_count_u32: 1486718.6 ns/op (1346 ops, 1.00 allocs/op)
  b2 prefix:0.25|color d5_materialize: 1414496.3 ns/op (1414 ops, 3205.00 allocs/op)
  b2 random:0.1 d1_iterate: 534361.5 ns/op (3743 ops, 0.00 allocs/op)
  b2 random:0.1|style ordinal: 771231.2 ns/op (2595 ops, 67.00 allocs/op)
  b2 random:0.1|style bitmap: 127183.3 ns/op (15727 ops, 69.00 allocs/op)
  b2 random:0.1|style d2_iterate_gather: 552251.0 ns/op (3623 ops, 0.00 allocs/op)
  b2 random:0.1|style d3_count_u64: 856052.5 ns/op (2337 ops, 1.00 allocs/op)
  b2 random:0.1|style d3_count_u32: 759950.7 ns/op (2633 ops, 1.00 allocs/op)
  b2 random:0.1|style d5_materialize: 9768.3 ns/op (204799 ops, 66.00 allocs/op)
  b2 random:0.1|shape ordinal: 694806.3 ns/op (2879 ops, 97.00 allocs/op)
  b2 random:0.1|shape bitmap: 183480.5 ns/op (10903 ops, 100.00 allocs/op)
  b2 random:0.1|shape d2_iterate_gather: 598661.2 ns/op (3341 ops, 0.00 allocs/op)
  b2 random:0.1|shape d3_count_u64: 796534.8 ns/op (2511 ops, 1.00 allocs/op)
  b2 random:0.1|shape d3_count_u32: 684044.0 ns/op (2925 ops, 1.00 allocs/op)
  b2 random:0.1|shape d5_materialize: 18450.6 ns/op (108415 ops, 96.00 allocs/op)
  b2 random:0.1|material ordinal: 701066.9 ns/op (2853 ops, 152.00 allocs/op)
  b2 random:0.1|material bitmap: 287934.8 ns/op (6947 ops, 156.00 allocs/op)
  b2 random:0.1|material d2_iterate_gather: 552302.4 ns/op (3623 ops, 0.00 allocs/op)
  b2 random:0.1|material d3_count_u64: 656830.7 ns/op (3045 ops, 1.00 allocs/op)
  b2 random:0.1|material d3_count_u32: 673250.0 ns/op (2971 ops, 1.00 allocs/op)
  b2 random:0.1|material d5_materialize: 28893.4 ns/op (69247 ops, 151.00 allocs/op)
  b2 random:0.1|primarymaterial ordinal: 780621.0 ns/op (2563 ops, 241.00 allocs/op)
  b2 random:0.1|primarymaterial bitmap: 484018.6 ns/op (4135 ops, 244.00 allocs/op)
  b2 random:0.1|primarymaterial d2_iterate_gather: 520765.5 ns/op (3841 ops, 0.00 allocs/op)
  b2 random:0.1|primarymaterial d3_count_u64: 755721.3 ns/op (2647 ops, 1.00 allocs/op)
  b2 random:0.1|primarymaterial d3_count_u32: 684967.1 ns/op (2921 ops, 1.00 allocs/op)
  b2 random:0.1|primarymaterial d5_materialize: 56567.3 ns/op (35359 ops, 240.00 allocs/op)
  b2 random:0.1|color ordinal: 2033437.5 ns/op (984 ops, 2581.00 allocs/op)
  b2 random:0.1|color bitmap: 6068726.7 ns/op (330 ops, 2586.00 allocs/op)
  b2 random:0.1|color d2_iterate_gather: 519463.8 ns/op (3851 ops, 0.00 allocs/op)
  b2 random:0.1|color d3_count_u64: 764841.5 ns/op (2615 ops, 1.00 allocs/op)
  b2 random:0.1|color d3_count_u32: 783896.9 ns/op (2553 ops, 1.00 allocs/op)
  b2 random:0.1|color d5_materialize: 996289.0 ns/op (2008 ops, 2580.00 allocs/op)
  b2 prefix:0.1 d1_iterate: 399241.6 ns/op (5011 ops, 0.00 allocs/op)
  b2 prefix:0.1|style ordinal: 601421.5 ns/op (3327 ops, 74.00 allocs/op)
  b2 prefix:0.1|style bitmap: 36328.5 ns/op (55103 ops, 76.00 allocs/op)
  b2 prefix:0.1|style d2_iterate_gather: 431527.4 ns/op (4635 ops, 0.00 allocs/op)
  b2 prefix:0.1|style d3_count_u64: 554157.9 ns/op (3611 ops, 1.00 allocs/op)
  b2 prefix:0.1|style d3_count_u32: 561369.1 ns/op (3563 ops, 1.00 allocs/op)
  b2 prefix:0.1|style d5_materialize: 11293.7 ns/op (177151 ops, 73.00 allocs/op)
  b2 prefix:0.1|shape ordinal: 540129.5 ns/op (3705 ops, 108.00 allocs/op)
  b2 prefix:0.1|shape bitmap: 70408.8 ns/op (28415 ops, 111.00 allocs/op)
  b2 prefix:0.1|shape d2_iterate_gather: 425816.4 ns/op (4699 ops, 0.00 allocs/op)
  b2 prefix:0.1|shape d3_count_u64: 538057.2 ns/op (3719 ops, 1.00 allocs/op)
  b2 prefix:0.1|shape d3_count_u32: 551650.1 ns/op (3627 ops, 1.00 allocs/op)
  b2 prefix:0.1|shape d5_materialize: 18637.6 ns/op (107327 ops, 107.00 allocs/op)
  b2 prefix:0.1|material ordinal: 602123.2 ns/op (3323 ops, 185.00 allocs/op)
  b2 prefix:0.1|material bitmap: 93073.2 ns/op (21503 ops, 189.00 allocs/op)
  b2 prefix:0.1|material d2_iterate_gather: 460401.1 ns/op (4347 ops, 0.00 allocs/op)
  b2 prefix:0.1|material d3_count_u64: 519822.9 ns/op (3849 ops, 1.00 allocs/op)
  b2 prefix:0.1|material d3_count_u32: 537843.9 ns/op (3719 ops, 1.00 allocs/op)
  b2 prefix:0.1|material d5_materialize: 39731.8 ns/op (50367 ops, 184.00 allocs/op)
  b2 prefix:0.1|primarymaterial ordinal: 626573.9 ns/op (3193 ops, 279.00 allocs/op)
  b2 prefix:0.1|primarymaterial bitmap: 155710.0 ns/op (12847 ops, 282.00 allocs/op)
  b2 prefix:0.1|primarymaterial d2_iterate_gather: 457762.7 ns/op (4371 ops, 0.00 allocs/op)
  b2 prefix:0.1|primarymaterial d3_count_u64: 548160.2 ns/op (3649 ops, 1.00 allocs/op)
  b2 prefix:0.1|primarymaterial d3_count_u32: 554032.7 ns/op (3611 ops, 1.00 allocs/op)
  b2 prefix:0.1|primarymaterial d5_materialize: 62092.0 ns/op (32223 ops, 278.00 allocs/op)
  b2 prefix:0.1|color ordinal: 1926527.2 ns/op (1039 ops, 3206.00 allocs/op)
  b2 prefix:0.1|color bitmap: 2757458.2 ns/op (726 ops, 3211.00 allocs/op)
  b2 prefix:0.1|color d2_iterate_gather: 428850.3 ns/op (4665 ops, 0.00 allocs/op)
  b2 prefix:0.1|color d3_count_u64: 658666.1 ns/op (3037 ops, 1.00 allocs/op)
  b2 prefix:0.1|color d3_count_u32: 668166.2 ns/op (2995 ops, 1.00 allocs/op)
  b2 prefix:0.1|color d5_materialize: 1292476.4 ns/op (1548 ops, 3205.00 allocs/op)
  b2 random:0.03 d1_iterate: 118378.4 ns/op (16895 ops, 0.00 allocs/op)
  b2 random:0.03|style ordinal: 256839.4 ns/op (7791 ops, 55.00 allocs/op)
  b2 random:0.03|style bitmap: 2212139.9 ns/op (905 ops, 57.00 allocs/op)
  b2 random:0.03|style d2_iterate_gather: 136810.3 ns/op (14623 ops, 0.00 allocs/op)
  b2 random:0.03|style d3_count_u64: 230706.9 ns/op (8671 ops, 1.00 allocs/op)
  b2 random:0.03|style d3_count_u32: 251762.0 ns/op (7951 ops, 1.00 allocs/op)
  b2 random:0.03|style d5_materialize: 8050.8 ns/op (248831 ops, 54.00 allocs/op)
  b2 random:0.03|shape ordinal: 220349.8 ns/op (9079 ops, 77.00 allocs/op)
  b2 random:0.03|shape bitmap: 3440591.9 ns/op (582 ops, 80.00 allocs/op)
  b2 random:0.03|shape d2_iterate_gather: 133062.0 ns/op (15039 ops, 0.00 allocs/op)
  b2 random:0.03|shape d3_count_u64: 186197.0 ns/op (10743 ops, 1.00 allocs/op)
  b2 random:0.03|shape d3_count_u32: 193671.7 ns/op (10327 ops, 1.00 allocs/op)
  b2 random:0.03|shape d5_materialize: 12099.3 ns/op (165375 ops, 76.00 allocs/op)
  b2 random:0.03|material ordinal: 207169.2 ns/op (9655 ops, 125.00 allocs/op)
  b2 random:0.03|material bitmap: 5139242.7 ns/op (390 ops, 129.00 allocs/op)
  b2 random:0.03|material d2_iterate_gather: 118585.7 ns/op (16879 ops, 0.00 allocs/op)
  b2 random:0.03|material d3_count_u64: 179855.5 ns/op (11127 ops, 1.00 allocs/op)
  b2 random:0.03|material d3_count_u32: 215860.6 ns/op (9271 ops, 1.00 allocs/op)
  b2 random:0.03|material d5_materialize: 26024.4 ns/op (76863 ops, 124.00 allocs/op)
  b2 random:0.03|primarymaterial ordinal: 225834.0 ns/op (8863 ops, 164.00 allocs/op)
  b2 random:0.03|primarymaterial bitmap: 7030626.6 ns/op (285 ops, 167.00 allocs/op)
  b2 random:0.03|primarymaterial d2_iterate_gather: 127024.2 ns/op (15759 ops, 0.00 allocs/op)
  b2 random:0.03|primarymaterial d3_count_u64: 234045.9 ns/op (8551 ops, 1.00 allocs/op)
  b2 random:0.03|primarymaterial d3_count_u32: 190773.9 ns/op (10487 ops, 1.00 allocs/op)
  b2 random:0.03|primarymaterial d5_materialize: 34009.0 ns/op (58815 ops, 163.00 allocs/op)
  b2 random:0.03|color ordinal: 741151.2 ns/op (2699 ops, 1357.00 allocs/op)
  b2 random:0.03|color bitmap: 66988241.4 ns/op (200 ops, 1362.00 allocs/op)
  b2 random:0.03|color d2_iterate_gather: 120608.1 ns/op (16591 ops, 0.00 allocs/op)
  b2 random:0.03|color d3_count_u64: 245509.6 ns/op (8151 ops, 1.00 allocs/op)
  b2 random:0.03|color d3_count_u32: 231699.7 ns/op (8639 ops, 1.00 allocs/op)
  b2 random:0.03|color d5_materialize: 550619.7 ns/op (3635 ops, 1356.00 allocs/op)
  b2 prefix:0.03 d1_iterate: 121900.0 ns/op (16415 ops, 0.00 allocs/op)
  b2 prefix:0.03|style ordinal: 169010.1 ns/op (11839 ops, 55.00 allocs/op)
  b2 prefix:0.03|style bitmap: 26526.0 ns/op (75455 ops, 57.00 allocs/op)
  b2 prefix:0.03|style d2_iterate_gather: 126847.3 ns/op (15775 ops, 0.00 allocs/op)
  b2 prefix:0.03|style d3_count_u64: 169078.4 ns/op (11831 ops, 1.00 allocs/op)
  b2 prefix:0.03|style d3_count_u32: 169826.4 ns/op (11783 ops, 1.00 allocs/op)
  b2 prefix:0.03|style d5_materialize: 7362.4 ns/op (271871 ops, 54.00 allocs/op)
  b2 prefix:0.03|shape ordinal: 168563.5 ns/op (11871 ops, 73.00 allocs/op)
  b2 prefix:0.03|shape bitmap: 42707.0 ns/op (46847 ops, 76.00 allocs/op)
  b2 prefix:0.03|shape d2_iterate_gather: 151066.0 ns/op (13247 ops, 0.00 allocs/op)
  b2 prefix:0.03|shape d3_count_u64: 165948.2 ns/op (12055 ops, 1.00 allocs/op)
  b2 prefix:0.03|shape d3_count_u32: 161579.6 ns/op (12383 ops, 1.00 allocs/op)
  b2 prefix:0.03|shape d5_materialize: 12199.7 ns/op (163967 ops, 72.00 allocs/op)
  b2 prefix:0.03|material ordinal: 170345.1 ns/op (11743 ops, 114.00 allocs/op)
  b2 prefix:0.03|material bitmap: 82898.4 ns/op (24143 ops, 118.00 allocs/op)
  b2 prefix:0.03|material d2_iterate_gather: 129698.5 ns/op (15431 ops, 0.00 allocs/op)
  b2 prefix:0.03|material d3_count_u64: 157003.5 ns/op (12743 ops, 1.00 allocs/op)
  b2 prefix:0.03|material d3_count_u32: 157840.9 ns/op (12671 ops, 1.00 allocs/op)
  b2 prefix:0.03|material d5_materialize: 20039.2 ns/op (99839 ops, 113.00 allocs/op)
  b2 prefix:0.03|primarymaterial ordinal: 196490.4 ns/op (10183 ops, 168.00 allocs/op)
  b2 prefix:0.03|primarymaterial bitmap: 117306.7 ns/op (17055 ops, 171.00 allocs/op)
  b2 prefix:0.03|primarymaterial d2_iterate_gather: 126871.3 ns/op (15775 ops, 0.00 allocs/op)
  b2 prefix:0.03|primarymaterial d3_count_u64: 167313.5 ns/op (11959 ops, 1.00 allocs/op)
  b2 prefix:0.03|primarymaterial d3_count_u32: 158977.7 ns/op (12583 ops, 1.00 allocs/op)
  b2 prefix:0.03|primarymaterial d5_materialize: 35488.3 ns/op (56383 ops, 167.00 allocs/op)
  b2 prefix:0.03|color ordinal: 737084.0 ns/op (2715 ops, 1490.00 allocs/op)
  b2 prefix:0.03|color bitmap: 1789095.8 ns/op (1118 ops, 1495.00 allocs/op)
  b2 prefix:0.03|color d2_iterate_gather: 129226.7 ns/op (15487 ops, 0.00 allocs/op)
  b2 prefix:0.03|color d3_count_u64: 181628.3 ns/op (11015 ops, 1.00 allocs/op)
  b2 prefix:0.03|color d3_count_u32: 187186.5 ns/op (10687 ops, 1.00 allocs/op)
  b2 prefix:0.03|color d5_materialize: 529340.0 ns/op (3779 ops, 1489.00 allocs/op)
  b2 random:0.01 d1_iterate: 36934.6 ns/op (54175 ops, 0.00 allocs/op)
  b2 random:0.01|style ordinal: 92936.3 ns/op (21535 ops, 42.00 allocs/op)
  b2 random:0.01|style bitmap: 1077022.8 ns/op (1857 ops, 44.00 allocs/op)
  b2 random:0.01|style d2_iterate_gather: 42534.7 ns/op (47039 ops, 0.00 allocs/op)
  b2 random:0.01|style d3_count_u64: 85501.0 ns/op (23407 ops, 1.00 allocs/op)
  b2 random:0.01|style d3_count_u32: 86319.2 ns/op (23183 ops, 1.00 allocs/op)
  b2 random:0.01|style d5_materialize: 4835.0 ns/op (413695 ops, 41.00 allocs/op)
  b2 random:0.01|shape ordinal: 74288.4 ns/op (26927 ops, 58.00 allocs/op)
  b2 random:0.01|shape bitmap: 1673378.3 ns/op (1196 ops, 61.00 allocs/op)
  b2 random:0.01|shape d2_iterate_gather: 41310.2 ns/op (48415 ops, 0.00 allocs/op)
  b2 random:0.01|shape d3_count_u64: 65541.7 ns/op (30527 ops, 1.00 allocs/op)
  b2 random:0.01|shape d3_count_u32: 64859.5 ns/op (30847 ops, 1.00 allocs/op)
  b2 random:0.01|shape d5_materialize: 8697.7 ns/op (230143 ops, 57.00 allocs/op)
  b2 random:0.01|material ordinal: 81136.0 ns/op (24655 ops, 79.00 allocs/op)
  b2 random:0.01|material bitmap: 2321015.6 ns/op (862 ops, 83.00 allocs/op)
  b2 random:0.01|material d2_iterate_gather: 40824.6 ns/op (49023 ops, 0.00 allocs/op)
  b2 random:0.01|material d3_count_u64: 63143.3 ns/op (31679 ops, 1.00 allocs/op)
  b2 random:0.01|material d3_count_u32: 61666.6 ns/op (32447 ops, 1.00 allocs/op)
  b2 random:0.01|material d5_materialize: 13389.2 ns/op (149375 ops, 78.00 allocs/op)
  b2 random:0.01|primarymaterial ordinal: 94288.7 ns/op (21247 ops, 99.00 allocs/op)
  b2 random:0.01|primarymaterial bitmap: 2907991.4 ns/op (688 ops, 102.00 allocs/op)
  b2 random:0.01|primarymaterial d2_iterate_gather: 40272.8 ns/op (49695 ops, 0.00 allocs/op)
  b2 random:0.01|primarymaterial d3_count_u64: 75584.9 ns/op (26463 ops, 1.00 allocs/op)
  b2 random:0.01|primarymaterial d3_count_u32: 82371.2 ns/op (24287 ops, 1.00 allocs/op)
  b2 random:0.01|primarymaterial d5_materialize: 22266.8 ns/op (89855 ops, 98.00 allocs/op)
  b2 random:0.01|color ordinal: 297779.6 ns/op (6719 ops, 664.00 allocs/op)
  b2 random:0.01|color bitmap: 29896330.3 ns/op (200 ops, 669.00 allocs/op)
  b2 random:0.01|color d2_iterate_gather: 46094.8 ns/op (43391 ops, 0.00 allocs/op)
  b2 random:0.01|color d3_count_u64: 79296.2 ns/op (25231 ops, 1.00 allocs/op)
  b2 random:0.01|color d3_count_u32: 79451.5 ns/op (25183 ops, 1.00 allocs/op)
  b2 random:0.01|color d5_materialize: 198638.3 ns/op (10071 ops, 663.00 allocs/op)
  b2 prefix:0.01 d1_iterate: 43611.1 ns/op (45887 ops, 0.00 allocs/op)
  b2 prefix:0.01|style ordinal: 60437.9 ns/op (33119 ops, 44.00 allocs/op)
  b2 prefix:0.01|style bitmap: 24572.5 ns/op (81407 ops, 46.00 allocs/op)
  b2 prefix:0.01|style d2_iterate_gather: 46524.3 ns/op (43007 ops, 0.00 allocs/op)
  b2 prefix:0.01|style d3_count_u64: 55713.1 ns/op (35903 ops, 1.00 allocs/op)
  b2 prefix:0.01|style d3_count_u32: 60313.6 ns/op (33183 ops, 1.00 allocs/op)
  b2 prefix:0.01|style d5_materialize: 5165.0 ns/op (387327 ops, 43.00 allocs/op)
  b2 prefix:0.01|shape ordinal: 66955.4 ns/op (29887 ops, 57.00 allocs/op)
  b2 prefix:0.01|shape bitmap: 36410.1 ns/op (54943 ops, 60.00 allocs/op)
  b2 prefix:0.01|shape d2_iterate_gather: 47998.2 ns/op (41695 ops, 0.00 allocs/op)
  b2 prefix:0.01|shape d3_count_u64: 59813.9 ns/op (33439 ops, 1.00 allocs/op)
  b2 prefix:0.01|shape d3_count_u32: 55013.3 ns/op (36383 ops, 1.00 allocs/op)
  b2 prefix:0.01|shape d5_materialize: 7609.5 ns/op (262911 ops, 56.00 allocs/op)
  b2 prefix:0.01|material ordinal: 62930.1 ns/op (31807 ops, 75.00 allocs/op)
  b2 prefix:0.01|material bitmap: 53907.9 ns/op (37119 ops, 79.00 allocs/op)
  b2 prefix:0.01|material d2_iterate_gather: 43042.4 ns/op (46495 ops, 0.00 allocs/op)
  b2 prefix:0.01|material d3_count_u64: 53718.2 ns/op (37247 ops, 1.00 allocs/op)
  b2 prefix:0.01|material d3_count_u32: 53401.8 ns/op (37471 ops, 1.00 allocs/op)
  b2 prefix:0.01|material d5_materialize: 10944.1 ns/op (182783 ops, 74.00 allocs/op)
  b2 prefix:0.01|primarymaterial ordinal: 76003.5 ns/op (26327 ops, 102.00 allocs/op)
  b2 prefix:0.01|primarymaterial bitmap: 112143.5 ns/op (17839 ops, 105.00 allocs/op)
  b2 prefix:0.01|primarymaterial d2_iterate_gather: 44391.3 ns/op (45087 ops, 0.00 allocs/op)
  b2 prefix:0.01|primarymaterial d3_count_u64: 64643.0 ns/op (30959 ops, 1.00 allocs/op)
  b2 prefix:0.01|primarymaterial d3_count_u32: 58758.9 ns/op (34047 ops, 1.00 allocs/op)
  b2 prefix:0.01|primarymaterial d5_materialize: 17734.7 ns/op (112831 ops, 101.00 allocs/op)
  b2 prefix:0.01|color ordinal: 238302.0 ns/op (8399 ops, 599.00 allocs/op)
  b2 prefix:0.01|color bitmap: 1381516.0 ns/op (1448 ops, 604.00 allocs/op)
  b2 prefix:0.01|color d2_iterate_gather: 46188.2 ns/op (43327 ops, 0.00 allocs/op)
  b2 prefix:0.01|color d3_count_u64: 62538.7 ns/op (31999 ops, 1.00 allocs/op)
  b2 prefix:0.01|color d3_count_u32: 63597.3 ns/op (31551 ops, 1.00 allocs/op)
  b2 prefix:0.01|color d5_materialize: 175024.7 ns/op (11427 ops, 598.00 allocs/op)
  b2 random:0.003 d1_iterate: 11525.3 ns/op (173567 ops, 0.00 allocs/op)
  b2 random:0.003|style ordinal: 28645.6 ns/op (69823 ops, 32.00 allocs/op)
  b2 random:0.003|style bitmap: 551434.2 ns/op (3627 ops, 34.00 allocs/op)
  b2 random:0.003|style d2_iterate_gather: 12436.5 ns/op (160895 ops, 0.00 allocs/op)
  b2 random:0.003|style d3_count_u64: 23254.0 ns/op (86015 ops, 1.00 allocs/op)
  b2 random:0.003|style d3_count_u32: 21662.3 ns/op (92351 ops, 1.00 allocs/op)
  b2 random:0.003|style d5_materialize: 3118.1 ns/op (641535 ops, 31.00 allocs/op)
  b2 random:0.003|shape ordinal: 20871.1 ns/op (95871 ops, 31.00 allocs/op)
  b2 random:0.003|shape bitmap: 865832.6 ns/op (2311 ops, 34.00 allocs/op)
  b2 random:0.003|shape d2_iterate_gather: 13407.8 ns/op (149247 ops, 0.00 allocs/op)
  b2 random:0.003|shape d3_count_u64: 18911.9 ns/op (105791 ops, 1.00 allocs/op)
  b2 random:0.003|shape d3_count_u32: 18691.3 ns/op (107007 ops, 1.00 allocs/op)
  b2 random:0.003|shape d5_materialize: 2790.6 ns/op (716799 ops, 30.00 allocs/op)
  b2 random:0.003|material ordinal: 26267.7 ns/op (76159 ops, 56.00 allocs/op)
  b2 random:0.003|material bitmap: 1360255.7 ns/op (1471 ops, 60.00 allocs/op)
  b2 random:0.003|material d2_iterate_gather: 12243.1 ns/op (163455 ops, 0.00 allocs/op)
  b2 random:0.003|material d3_count_u64: 18100.2 ns/op (110527 ops, 1.00 allocs/op)
  b2 random:0.003|material d3_count_u32: 16709.8 ns/op (119743 ops, 1.00 allocs/op)
  b2 random:0.003|material d5_materialize: 7713.2 ns/op (259583 ops, 55.00 allocs/op)
  b2 random:0.003|primarymaterial ordinal: 32333.1 ns/op (61887 ops, 63.00 allocs/op)
  b2 random:0.003|primarymaterial bitmap: 1522207.7 ns/op (1314 ops, 66.00 allocs/op)
  b2 random:0.003|primarymaterial d2_iterate_gather: 13500.0 ns/op (148223 ops, 0.00 allocs/op)
  b2 random:0.003|primarymaterial d3_count_u64: 21173.3 ns/op (94463 ops, 1.00 allocs/op)
  b2 random:0.003|primarymaterial d3_count_u32: 18317.9 ns/op (109183 ops, 1.00 allocs/op)
  b2 random:0.003|primarymaterial d5_materialize: 10927.6 ns/op (183039 ops, 62.00 allocs/op)
  b2 random:0.003|color ordinal: 88866.7 ns/op (22527 ops, 262.00 allocs/op)
  b2 random:0.003|color bitmap: 15889240.9 ns/op (200 ops, 267.00 allocs/op)
  b2 random:0.003|color d2_iterate_gather: 13072.6 ns/op (153087 ops, 0.00 allocs/op)
  b2 random:0.003|color d3_count_u64: 24685.6 ns/op (81023 ops, 1.00 allocs/op)
  b2 random:0.003|color d3_count_u32: 19755.4 ns/op (101247 ops, 1.00 allocs/op)
  b2 random:0.003|color d5_materialize: 62754.3 ns/op (31871 ops, 261.00 allocs/op)
  b2 prefix:0.003 d1_iterate: 11036.3 ns/op (181247 ops, 0.00 allocs/op)
  b2 prefix:0.003|style ordinal: 20646.4 ns/op (96895 ops, 29.00 allocs/op)
  b2 prefix:0.003|style bitmap: 182846.4 ns/op (10943 ops, 31.00 allocs/op)
  b2 prefix:0.003|style d2_iterate_gather: 12720.1 ns/op (157311 ops, 0.00 allocs/op)
  b2 prefix:0.003|style d3_count_u64: 15318.0 ns/op (130687 ops, 1.00 allocs/op)
  b2 prefix:0.003|style d3_count_u32: 15030.1 ns/op (133119 ops, 1.00 allocs/op)
  b2 prefix:0.003|style d5_materialize: 2972.1 ns/op (673279 ops, 28.00 allocs/op)
  b2 prefix:0.003|shape ordinal: 21705.1 ns/op (92159 ops, 35.00 allocs/op)
  b2 prefix:0.003|shape bitmap: 275483.7 ns/op (7263 ops, 38.00 allocs/op)
  b2 prefix:0.003|shape d2_iterate_gather: 11682.7 ns/op (171263 ops, 0.00 allocs/op)
  b2 prefix:0.003|shape d3_count_u64: 16026.7 ns/op (124799 ops, 1.00 allocs/op)
  b2 prefix:0.003|shape d3_count_u32: 14350.1 ns/op (139391 ops, 1.00 allocs/op)
  b2 prefix:0.003|shape d5_materialize: 4472.4 ns/op (447487 ops, 34.00 allocs/op)
  b2 prefix:0.003|material ordinal: 20207.8 ns/op (99007 ops, 46.00 allocs/op)
  b2 prefix:0.003|material bitmap: 458505.3 ns/op (4363 ops, 50.00 allocs/op)
  b2 prefix:0.003|material d2_iterate_gather: 13378.1 ns/op (149503 ops, 0.00 allocs/op)
  b2 prefix:0.003|material d3_count_u64: 14839.2 ns/op (134783 ops, 1.00 allocs/op)
  b2 prefix:0.003|material d3_count_u32: 20768.0 ns/op (96511 ops, 1.00 allocs/op)
  b2 prefix:0.003|material d5_materialize: 7195.7 ns/op (278143 ops, 45.00 allocs/op)
  b2 prefix:0.003|primarymaterial ordinal: 23582.9 ns/op (84863 ops, 56.00 allocs/op)
  b2 prefix:0.003|primarymaterial bitmap: 922246.4 ns/op (2169 ops, 59.00 allocs/op)
  b2 prefix:0.003|primarymaterial d2_iterate_gather: 13013.9 ns/op (153727 ops, 0.00 allocs/op)
  b2 prefix:0.003|primarymaterial d3_count_u64: 15917.8 ns/op (125759 ops, 1.00 allocs/op)
  b2 prefix:0.003|primarymaterial d3_count_u32: 14479.2 ns/op (138239 ops, 1.00 allocs/op)
  b2 prefix:0.003|primarymaterial d5_materialize: 8209.1 ns/op (243839 ops, 55.00 allocs/op)
  b2 prefix:0.003|color ordinal: 75813.3 ns/op (26383 ops, 245.00 allocs/op)
  b2 prefix:0.003|color bitmap: 9428774.1 ns/op (215 ops, 250.00 allocs/op)
  b2 prefix:0.003|color d2_iterate_gather: 15874.2 ns/op (126015 ops, 0.00 allocs/op)
  b2 prefix:0.003|color d3_count_u64: 18723.0 ns/op (106879 ops, 1.00 allocs/op)
  b2 prefix:0.003|color d3_count_u32: 16098.0 ns/op (124351 ops, 1.00 allocs/op)
  b2 prefix:0.003|color d5_materialize: 59784.9 ns/op (33471 ops, 244.00 allocs/op)
  b2 random:0.001 d1_iterate: 3722.0 ns/op (537599 ops, 0.00 allocs/op)
  b2 random:0.001|style ordinal: 7489.6 ns/op (267263 ops, 16.00 allocs/op)
  b2 random:0.001|style bitmap: 318162.9 ns/op (6287 ops, 18.00 allocs/op)
  b2 random:0.001|style d2_iterate_gather: 4270.4 ns/op (468735 ops, 0.00 allocs/op)
  b2 random:0.001|style d3_count_u64: 7246.1 ns/op (276223 ops, 1.00 allocs/op)
  b2 random:0.001|style d3_count_u32: 6277.0 ns/op (318719 ops, 1.00 allocs/op)
  b2 random:0.001|style d5_materialize: 1197.8 ns/op (1670143 ops, 15.00 allocs/op)
  b2 random:0.001|shape ordinal: 8639.7 ns/op (231679 ops, 30.00 allocs/op)
  b2 random:0.001|shape bitmap: 498702.1 ns/op (4011 ops, 33.00 allocs/op)
  b2 random:0.001|shape d2_iterate_gather: 3958.1 ns/op (505343 ops, 0.00 allocs/op)
  b2 random:0.001|shape d3_count_u64: 5687.7 ns/op (351999 ops, 1.00 allocs/op)
  b2 random:0.001|shape d3_count_u32: 5244.1 ns/op (381439 ops, 1.00 allocs/op)
  b2 random:0.001|shape d5_materialize: 2648.9 ns/op (755199 ops, 29.00 allocs/op)
  b2 random:0.001|material ordinal: 8624.7 ns/op (231935 ops, 36.00 allocs/op)
  b2 random:0.001|material bitmap: 754972.0 ns/op (2651 ops, 40.00 allocs/op)
  b2 random:0.001|material d2_iterate_gather: 4447.9 ns/op (450047 ops, 0.00 allocs/op)
  b2 random:0.001|material d3_count_u64: 5871.7 ns/op (340735 ops, 1.00 allocs/op)
  b2 random:0.001|material d3_count_u32: 5283.7 ns/op (378623 ops, 1.00 allocs/op)
  b2 random:0.001|material d5_materialize: 4229.5 ns/op (473087 ops, 35.00 allocs/op)
  b2 random:0.001|primarymaterial ordinal: 11537.8 ns/op (173439 ops, 43.00 allocs/op)
  b2 random:0.001|primarymaterial bitmap: 1052557.2 ns/op (1901 ops, 46.00 allocs/op)
  b2 random:0.001|primarymaterial d2_iterate_gather: 4013.2 ns/op (498687 ops, 0.00 allocs/op)
  b2 random:0.001|primarymaterial d3_count_u64: 5741.9 ns/op (348415 ops, 1.00 allocs/op)
  b2 random:0.001|primarymaterial d3_count_u32: 5205.9 ns/op (384255 ops, 1.00 allocs/op)
  b2 random:0.001|primarymaterial d5_materialize: 5723.6 ns/op (349439 ops, 42.00 allocs/op)
  b2 random:0.001|color ordinal: 32196.1 ns/op (62175 ops, 116.00 allocs/op)
  b2 random:0.001|color bitmap: 10823896.5 ns/op (200 ops, 121.00 allocs/op)
  b2 random:0.001|color d2_iterate_gather: 3923.6 ns/op (509951 ops, 0.00 allocs/op)
  b2 random:0.001|color d3_count_u64: 7502.1 ns/op (266751 ops, 1.00 allocs/op)
  b2 random:0.001|color d3_count_u32: 5616.7 ns/op (356351 ops, 1.00 allocs/op)
  b2 random:0.001|color d5_materialize: 24944.9 ns/op (80191 ops, 115.00 allocs/op)
  b2 prefix:0.001 d1_iterate: 4131.4 ns/op (484351 ops, 0.00 allocs/op)
  b2 prefix:0.001|style ordinal: 6572.9 ns/op (304383 ops, 19.00 allocs/op)
  b2 prefix:0.001|style bitmap: 68785.4 ns/op (29087 ops, 21.00 allocs/op)
  b2 prefix:0.001|style d2_iterate_gather: 3955.9 ns/op (505855 ops, 0.00 allocs/op)
  b2 prefix:0.001|style d3_count_u64: 5715.4 ns/op (349951 ops, 1.00 allocs/op)
  b2 prefix:0.001|style d3_count_u32: 4788.0 ns/op (417791 ops, 1.00 allocs/op)
  b2 prefix:0.001|style d5_materialize: 1340.7 ns/op (1491967 ops, 18.00 allocs/op)
  b2 prefix:0.001|shape ordinal: 6392.2 ns/op (313087 ops, 19.00 allocs/op)
  b2 prefix:0.001|shape bitmap: 97253.6 ns/op (20575 ops, 22.00 allocs/op)
  b2 prefix:0.001|shape d2_iterate_gather: 3923.4 ns/op (509951 ops, 0.00 allocs/op)
  b2 prefix:0.001|shape d3_count_u64: 4792.6 ns/op (417535 ops, 1.00 allocs/op)
  b2 prefix:0.001|shape d3_count_u32: 4488.3 ns/op (445695 ops, 1.00 allocs/op)
  b2 prefix:0.001|shape d5_materialize: 1330.3 ns/op (1504255 ops, 18.00 allocs/op)
  b2 prefix:0.001|material ordinal: 8073.7 ns/op (247807 ops, 33.00 allocs/op)
  b2 prefix:0.001|material bitmap: 209550.5 ns/op (9559 ops, 37.00 allocs/op)
  b2 prefix:0.001|material d2_iterate_gather: 4014.5 ns/op (498559 ops, 0.00 allocs/op)
  b2 prefix:0.001|material d3_count_u64: 5487.7 ns/op (364543 ops, 1.00 allocs/op)
  b2 prefix:0.001|material d3_count_u32: 5197.1 ns/op (385023 ops, 1.00 allocs/op)
  b2 prefix:0.001|material d5_materialize: 3125.4 ns/op (639999 ops, 32.00 allocs/op)
  b2 prefix:0.001|primarymaterial ordinal: 9588.6 ns/op (208639 ops, 33.00 allocs/op)
  b2 prefix:0.001|primarymaterial bitmap: 291550.8 ns/op (6863 ops, 36.00 allocs/op)
  b2 prefix:0.001|primarymaterial d2_iterate_gather: 4601.3 ns/op (434687 ops, 0.00 allocs/op)
  b2 prefix:0.001|primarymaterial d3_count_u64: 5019.0 ns/op (398591 ops, 1.00 allocs/op)
  b2 prefix:0.001|primarymaterial d3_count_u32: 4871.6 ns/op (410623 ops, 1.00 allocs/op)
  b2 prefix:0.001|primarymaterial d5_materialize: 3396.8 ns/op (588799 ops, 32.00 allocs/op)
  b2 prefix:0.001|color ordinal: 28811.0 ns/op (69439 ops, 96.00 allocs/op)
  b2 prefix:0.001|color bitmap: 4022376.2 ns/op (498 ops, 101.00 allocs/op)
  b2 prefix:0.001|color d2_iterate_gather: 3916.0 ns/op (510975 ops, 0.00 allocs/op)
  b2 prefix:0.001|color d3_count_u64: 6386.1 ns/op (313343 ops, 1.00 allocs/op)
  b2 prefix:0.001|color d3_count_u32: 5168.2 ns/op (387071 ops, 1.00 allocs/op)
  b2 prefix:0.001|color d5_materialize: 18932.2 ns/op (105663 ops, 95.00 allocs/op)
  c exact_lookup variant_id_to_ordinal_and_record: 232053.7 ns/op (8623 ops, 0.00 allocs/op)
  c single_bitmap_color_white indexed_candidates: 2683.7 ns/op (745471 ops, 11.00 allocs/op)
  c single_bitmap_category_accent_chairs indexed_candidates: 2423.1 ns/op (825855 ops, 9.00 allocs/op)
  c conjunction_3way indexed_candidates: 42018.0 ns/op (47615 ops, 33.00 allocs/op)
  c conjunction_5way indexed_candidates: 3889354.1 ns/op (515 ops, 150.00 allocs/op)
  c numeric_range_broad_rating_gte_4 indexed_candidates: 3856000.7 ns/op (519 ops, 106.00 allocs/op)
  c numeric_range_narrow_review_count_p99 indexed_candidates: 271386.4 ns/op (7371 ops, 69.00 allocs/op)
  c single_bitmap_color_white borrowed_len: 7.7 ns/op (200015871 ops, 0.00 allocs/op)
  c lexical_and:wood+bed lexical_and_candidates: 104369.6 ns/op (19167 ops, 26.00 allocs/op)
  c lexical_and:outdoor+dining+table lexical_and_candidates: 49029.1 ns/op (40799 ops, 34.00 allocs/op)
