=== 2026-09-28T08:11:31Z calibration run=1 ===
  fc1_full_material Some(("legacy", "legacy")) cpu_us=Some(154849.0) p50_ms=144.46 n=200
  fc1_full_material Some(("ordinal", "legacy")) cpu_us=Some(179522.0) p50_ms=171.85 n=200
  fc1_full_material Some(("bitmap", "legacy")) cpu_us=Some(172423.0) p50_ms=163.77 n=200
  fc2_full_shape Some(("legacy", "legacy")) cpu_us=Some(216092.0) p50_ms=214.05 n=200
  fc2_full_shape Some(("ordinal", "legacy")) cpu_us=Some(208240.0) p50_ms=199.03 n=200
  fc2_full_shape Some(("bitmap", "legacy")) cpu_us=Some(200697.0) p50_ms=198.08 n=200
  fc3_style_modern_x_color Some(("legacy", "legacy")) cpu_us=Some(67173.0) p50_ms=66.43 n=200
  fc3_style_modern_x_color Some(("ordinal", "legacy")) cpu_us=Some(54898.0) p50_ms=52.74 n=200
  fc3_style_modern_x_color Some(("bitmap", "legacy")) cpu_us=Some(63375.0) p50_ms=61.34 n=200
  fc4_color_white_x_style Some(("legacy", "legacy")) cpu_us=Some(16746.0) p50_ms=15.38 n=200
  fc4_color_white_x_style Some(("ordinal", "legacy")) cpu_us=Some(14070.0) p50_ms=12.98 n=200
  fc4_color_white_x_style Some(("bitmap", "legacy")) cpu_us=Some(15962.0) p50_ms=15.18 n=200
  fc5_color_white_x_primarymaterial Some(("legacy", "legacy")) cpu_us=Some(29130.0) p50_ms=25.97 n=200
  fc5_color_white_x_primarymaterial Some(("ordinal", "legacy")) cpu_us=Some(12134.0) p50_ms=11.54 n=200
  fc5_color_white_x_primarymaterial Some(("bitmap", "legacy")) cpu_us=Some(26107.0) p50_ms=22.86 n=200
  fc6_depth3_x_shape Some(("legacy", "legacy")) cpu_us=Some(1866.0) p50_ms=1.96 n=857
  fc6_depth3_x_shape Some(("ordinal", "legacy")) cpu_us=Some(785.0) p50_ms=0.93 n=1606
  fc6_depth3_x_shape Some(("bitmap", "legacy")) cpu_us=Some(1829.0) p50_ms=2.14 n=870
  fc7_pergolas_x_color Some(("legacy", "legacy")) cpu_us=Some(18447.0) p50_ms=15.16 n=200
  fc7_pergolas_x_color Some(("ordinal", "legacy")) cpu_us=Some(522.0) p50_ms=0.79 n=2037
  fc7_pergolas_x_color Some(("bitmap", "legacy")) cpu_us=Some(13582.0) p50_ms=13.59 n=200
  sc1_full_rating_count_desc Some(("legacy", "legacy")) cpu_us=Some(1197824.0) p50_ms=1189.28 n=200
  sc1_full_rating_count_desc Some(("legacy", "topk")) cpu_us=Some(21567.0) p50_ms=20.90 n=200
  sc1_full_rating_count_desc Some(("legacy", "presorted")) cpu_us=Some(9166.0) p50_ms=8.46 n=206
  sc2_style_modern_average_rating_asc Some(("legacy", "legacy")) cpu_us=Some(316325.0) p50_ms=314.71 n=200
  sc2_style_modern_average_rating_asc Some(("legacy", "topk")) cpu_us=Some(4664.0) p50_ms=4.85 n=385
  sc2_style_modern_average_rating_asc Some(("legacy", "presorted")) cpu_us=Some(1196.0) p50_ms=1.30 n=1226
  sc3_accent_chairs_review_count_desc Some(("legacy", "legacy")) cpu_us=Some(48224.0) p50_ms=46.24 n=200
  sc3_accent_chairs_review_count_desc Some(("legacy", "topk")) cpu_us=Some(2126.0) p50_ms=2.26 n=689
  sc3_accent_chairs_review_count_desc Some(("legacy", "presorted")) cpu_us=Some(1150.0) p50_ms=1.15 n=1188
  sc4_color_black_rating_count_asc Some(("legacy", "legacy")) cpu_us=Some(60789.0) p50_ms=60.55 n=200
  sc4_color_black_rating_count_asc Some(("legacy", "topk")) cpu_us=Some(1716.0) p50_ms=1.88 n=908
  sc4_color_black_rating_count_asc Some(("legacy", "presorted")) cpu_us=Some(1597.0) p50_ms=1.71 n=907
  sc5_pergolas_average_rating_desc Some(("legacy", "legacy")) cpu_us=Some(1599.0) p50_ms=1.50 n=963
  sc5_pergolas_average_rating_desc Some(("legacy", "topk")) cpu_us=Some(762.0) p50_ms=0.69 n=1808
  sc5_pergolas_average_rating_desc Some(("legacy", "presorted")) cpu_us=Some(11224.0) p50_ms=10.93 n=200
  sc6_depth5_review_count_desc Some(("legacy", "legacy")) cpu_us=Some(598.0) p50_ms=0.64 n=2193
  sc6_depth5_review_count_desc Some(("legacy", "topk")) cpu_us=Some(541.0) p50_ms=0.76 n=1873
  sc6_depth5_review_count_desc Some(("legacy", "presorted")) cpu_us=Some(14384.0) p50_ms=12.55 n=200
E3B_MEASURE_OK label=calibration run=1 status=ok cells=39
=== 2026-09-28T08:25:06Z calibration run=2 ===
  fc1_full_material Some(("legacy", "legacy")) cpu_us=Some(196259.0) p50_ms=183.66 n=200
  fc1_full_material Some(("ordinal", "legacy")) cpu_us=Some(212594.0) p50_ms=213.35 n=200
  fc1_full_material Some(("bitmap", "legacy")) cpu_us=Some(204254.0) p50_ms=196.76 n=200
  fc2_full_shape Some(("legacy", "legacy")) cpu_us=Some(209839.0) p50_ms=213.16 n=200
  fc2_full_shape Some(("ordinal", "legacy")) cpu_us=Some(204883.0) p50_ms=200.46 n=200
  fc2_full_shape Some(("bitmap", "legacy")) cpu_us=Some(194283.0) p50_ms=178.12 n=200
  fc3_style_modern_x_color Some(("legacy", "legacy")) cpu_us=Some(67969.0) p50_ms=67.29 n=200
  fc3_style_modern_x_color Some(("ordinal", "legacy")) cpu_us=Some(50487.0) p50_ms=51.77 n=200
  fc3_style_modern_x_color Some(("bitmap", "legacy")) cpu_us=Some(58298.0) p50_ms=57.59 n=200
  fc4_color_white_x_style Some(("legacy", "legacy")) cpu_us=Some(15583.0) p50_ms=15.81 n=200
  fc4_color_white_x_style Some(("ordinal", "legacy")) cpu_us=Some(12754.0) p50_ms=12.32 n=200
  fc4_color_white_x_style Some(("bitmap", "legacy")) cpu_us=Some(15056.0) p50_ms=14.73 n=200
  fc5_color_white_x_primarymaterial Some(("legacy", "legacy")) cpu_us=Some(24704.0) p50_ms=25.13 n=200
  fc5_color_white_x_primarymaterial Some(("ordinal", "legacy")) cpu_us=Some(11592.0) p50_ms=12.12 n=200
  fc5_color_white_x_primarymaterial Some(("bitmap", "legacy")) cpu_us=Some(20852.0) p50_ms=20.37 n=200
  fc6_depth3_x_shape Some(("legacy", "legacy")) cpu_us=Some(2073.0) p50_ms=1.91 n=788
  fc6_depth3_x_shape Some(("ordinal", "legacy")) cpu_us=Some(701.0) p50_ms=0.79 n=1721
  fc6_depth3_x_shape Some(("bitmap", "legacy")) cpu_us=Some(1770.0) p50_ms=1.91 n=866
  fc7_pergolas_x_color Some(("legacy", "legacy")) cpu_us=Some(17440.0) p50_ms=17.17 n=200
  fc7_pergolas_x_color Some(("ordinal", "legacy")) cpu_us=Some(744.0) p50_ms=0.61 n=1825
  fc7_pergolas_x_color Some(("bitmap", "legacy")) cpu_us=Some(12812.0) p50_ms=12.94 n=200
  sc1_full_rating_count_desc Some(("legacy", "legacy")) cpu_us=Some(1206353.0) p50_ms=1136.68 n=200
  sc1_full_rating_count_desc Some(("legacy", "topk")) cpu_us=Some(16905.0) p50_ms=15.12 n=200
  sc1_full_rating_count_desc Some(("legacy", "presorted")) cpu_us=Some(9231.0) p50_ms=8.19 n=208
  sc2_style_modern_average_rating_asc Some(("legacy", "legacy")) cpu_us=Some(261087.0) p50_ms=254.27 n=200
  sc2_style_modern_average_rating_asc Some(("legacy", "topk")) cpu_us=Some(3481.0) p50_ms=3.66 n=511
  sc2_style_modern_average_rating_asc Some(("legacy", "presorted")) cpu_us=Some(444.0) p50_ms=0.46 n=2827
  sc3_accent_chairs_review_count_desc Some(("legacy", "legacy")) cpu_us=Some(33815.0) p50_ms=30.55 n=200
  sc3_accent_chairs_review_count_desc Some(("legacy", "topk")) cpu_us=Some(1690.0) p50_ms=1.83 n=892
  sc3_accent_chairs_review_count_desc Some(("legacy", "presorted")) cpu_us=Some(894.0) p50_ms=1.06 n=1449
  sc4_color_black_rating_count_asc Some(("legacy", "legacy")) cpu_us=Some(51641.0) p50_ms=48.40 n=200
  sc4_color_black_rating_count_asc Some(("legacy", "topk")) cpu_us=Some(1686.0) p50_ms=1.84 n=934
  sc4_color_black_rating_count_asc Some(("legacy", "presorted")) cpu_us=Some(547.0) p50_ms=0.63 n=2268
  sc5_pergolas_average_rating_desc Some(("legacy", "legacy")) cpu_us=Some(1063.0) p50_ms=1.14 n=1336
  sc5_pergolas_average_rating_desc Some(("legacy", "topk")) cpu_us=Some(389.0) p50_ms=0.48 n=2923
  sc5_pergolas_average_rating_desc Some(("legacy", "presorted")) cpu_us=Some(10365.0) p50_ms=10.40 n=200
  sc6_depth5_review_count_desc Some(("legacy", "legacy")) cpu_us=Some(412.0) p50_ms=0.55 n=3114
  sc6_depth5_review_count_desc Some(("legacy", "topk")) cpu_us=Some(374.0) p50_ms=0.51 n=3246
  sc6_depth5_review_count_desc Some(("legacy", "presorted")) cpu_us=Some(12636.0) p50_ms=13.60 n=200
E3B_MEASURE_OK label=calibration run=2 status=ok cells=39
=== 2026-09-28T08:39:03Z calibration run=3 ===
  fc1_full_material Some(("legacy", "legacy")) cpu_us=Some(187217.0) p50_ms=181.12 n=200
  fc1_full_material Some(("ordinal", "legacy")) cpu_us=Some(191772.0) p50_ms=189.39 n=200
  fc1_full_material Some(("bitmap", "legacy")) cpu_us=Some(177560.0) p50_ms=170.12 n=200
  fc2_full_shape Some(("legacy", "legacy")) cpu_us=Some(182793.0) p50_ms=173.86 n=200
  fc2_full_shape Some(("ordinal", "legacy")) cpu_us=Some(182400.0) p50_ms=174.48 n=200
  fc2_full_shape Some(("bitmap", "legacy")) cpu_us=Some(179798.0) p50_ms=178.14 n=200
  fc3_style_modern_x_color Some(("legacy", "legacy")) cpu_us=Some(59783.0) p50_ms=58.49 n=200
  fc3_style_modern_x_color Some(("ordinal", "legacy")) cpu_us=Some(54859.0) p50_ms=53.49 n=200
  fc3_style_modern_x_color Some(("bitmap", "legacy")) cpu_us=Some(61867.0) p50_ms=60.52 n=200
  fc4_color_white_x_style Some(("legacy", "legacy")) cpu_us=Some(17146.0) p50_ms=16.95 n=200
  fc4_color_white_x_style Some(("ordinal", "legacy")) cpu_us=Some(13146.0) p50_ms=12.60 n=200
  fc4_color_white_x_style Some(("bitmap", "legacy")) cpu_us=Some(15398.0) p50_ms=14.85 n=200
  fc5_color_white_x_primarymaterial Some(("legacy", "legacy")) cpu_us=Some(23755.0) p50_ms=24.79 n=200
  fc5_color_white_x_primarymaterial Some(("ordinal", "legacy")) cpu_us=Some(11905.0) p50_ms=11.99 n=200
  fc5_color_white_x_primarymaterial Some(("bitmap", "legacy")) cpu_us=Some(19132.0) p50_ms=17.42 n=200
  fc6_depth3_x_shape Some(("legacy", "legacy")) cpu_us=Some(1668.0) p50_ms=1.85 n=956
  fc6_depth3_x_shape Some(("ordinal", "legacy")) cpu_us=Some(419.0) p50_ms=0.54 n=2899
  fc6_depth3_x_shape Some(("bitmap", "legacy")) cpu_us=Some(1588.0) p50_ms=1.52 n=989
  fc7_pergolas_x_color Some(("legacy", "legacy")) cpu_us=Some(16662.0) p50_ms=16.58 n=200
  fc7_pergolas_x_color Some(("ordinal", "legacy")) cpu_us=Some(465.0) p50_ms=0.55 n=2626
  fc7_pergolas_x_color Some(("bitmap", "legacy")) cpu_us=Some(12349.0) p50_ms=12.53 n=200
  sc1_full_rating_count_desc Some(("legacy", "legacy")) cpu_us=Some(1177674.0) p50_ms=1147.14 n=200
  sc1_full_rating_count_desc Some(("legacy", "topk")) cpu_us=Some(20556.0) p50_ms=19.98 n=200
  sc1_full_rating_count_desc Some(("legacy", "presorted")) cpu_us=Some(9366.0) p50_ms=8.52 n=202
  sc2_style_modern_average_rating_asc Some(("legacy", "legacy")) cpu_us=Some(270162.0) p50_ms=288.56 n=200
  sc2_style_modern_average_rating_asc Some(("legacy", "topk")) cpu_us=Some(3956.0) p50_ms=3.79 n=445
  sc2_style_modern_average_rating_asc Some(("legacy", "presorted")) cpu_us=Some(349.0) p50_ms=0.49 n=3184
  sc3_accent_chairs_review_count_desc Some(("legacy", "legacy")) cpu_us=Some(40682.0) p50_ms=40.46 n=200
  sc3_accent_chairs_review_count_desc Some(("legacy", "topk")) cpu_us=Some(1430.0) p50_ms=1.62 n=1078
  sc3_accent_chairs_review_count_desc Some(("legacy", "presorted")) cpu_us=Some(1144.0) p50_ms=1.02 n=1261
  sc4_color_black_rating_count_asc Some(("legacy", "legacy")) cpu_us=Some(52084.0) p50_ms=53.47 n=200
  sc4_color_black_rating_count_asc Some(("legacy", "topk")) cpu_us=Some(1806.0) p50_ms=1.91 n=861
  sc4_color_black_rating_count_asc Some(("legacy", "presorted")) cpu_us=Some(614.0) p50_ms=0.76 n=2077
  sc5_pergolas_average_rating_desc Some(("legacy", "legacy")) cpu_us=Some(927.0) p50_ms=1.13 n=1527
  sc5_pergolas_average_rating_desc Some(("legacy", "topk")) cpu_us=Some(616.0) p50_ms=0.67 n=1972
  sc5_pergolas_average_rating_desc Some(("legacy", "presorted")) cpu_us=Some(10804.0) p50_ms=10.45 n=200
  sc6_depth5_review_count_desc Some(("legacy", "legacy")) cpu_us=Some(443.0) p50_ms=0.56 n=2869
  sc6_depth5_review_count_desc Some(("legacy", "topk")) cpu_us=Some(390.0) p50_ms=0.52 n=3211
  sc6_depth5_review_count_desc Some(("legacy", "presorted")) cpu_us=Some(11436.0) p50_ms=10.99 n=200
E3B_MEASURE_OK label=calibration run=3 status=ok cells=39
=== 2026-09-28T08:52:21Z phase calibration done ===
