=== 2026-09-28T08:53:16Z headline run=1 facet_modes=legacy:legacy,ordinal:legacy,bitmap:legacy,hybrid:legacy,legacy:hybrid,ordinal:hybrid,bitmap:hybrid,hybrid:hybrid sort_modes=legacy:legacy,legacy:topk,legacy:presorted,legacy:hybrid,hybrid:hybrid ===
  facet_low_cardinality_style Some(("legacy", "legacy")) cpu_us=Some(184404.0) p50_ms=176.12 n=200
  facet_low_cardinality_style Some(("ordinal", "legacy")) cpu_us=Some(189928.0) p50_ms=182.00 n=200
  facet_low_cardinality_style Some(("bitmap", "legacy")) cpu_us=Some(192100.0) p50_ms=197.42 n=200
  facet_low_cardinality_style Some(("hybrid", "legacy")) cpu_us=Some(185975.0) p50_ms=170.86 n=200
  facet_low_cardinality_style Some(("legacy", "hybrid")) cpu_us=Some(16664.0) p50_ms=16.48 n=200
  facet_low_cardinality_style Some(("ordinal", "hybrid")) cpu_us=Some(14657.0) p50_ms=15.64 n=200
  facet_low_cardinality_style Some(("bitmap", "hybrid")) cpu_us=Some(8647.0) p50_ms=8.68 n=215
  facet_low_cardinality_style Some(("hybrid", "hybrid")) cpu_us=Some(7992.0) p50_ms=8.45 n=237
  facet_medium_cardinality_primarymaterial Some(("legacy", "legacy")) cpu_us=Some(190805.0) p50_ms=186.15 n=200
  facet_medium_cardinality_primarymaterial Some(("ordinal", "legacy")) cpu_us=Some(182864.0) p50_ms=173.87 n=200
  facet_medium_cardinality_primarymaterial Some(("bitmap", "legacy")) cpu_us=Some(178509.0) p50_ms=170.47 n=200
  facet_medium_cardinality_primarymaterial Some(("hybrid", "legacy")) cpu_us=Some(180097.0) p50_ms=174.44 n=200
  facet_medium_cardinality_primarymaterial Some(("legacy", "hybrid")) cpu_us=Some(19065.0) p50_ms=18.36 n=200
  facet_medium_cardinality_primarymaterial Some(("ordinal", "hybrid")) cpu_us=Some(19696.0) p50_ms=18.47 n=200
  facet_medium_cardinality_primarymaterial Some(("bitmap", "hybrid")) cpu_us=Some(10212.0) p50_ms=10.12 n=200
  facet_medium_cardinality_primarymaterial Some(("hybrid", "hybrid")) cpu_us=Some(11186.0) p50_ms=10.11 n=200
  facet_high_cardinality_color Some(("legacy", "legacy")) cpu_us=Some(199720.0) p50_ms=198.63 n=200
  facet_high_cardinality_color Some(("ordinal", "legacy")) cpu_us=Some(187487.0) p50_ms=174.67 n=200
  facet_high_cardinality_color Some(("bitmap", "legacy")) cpu_us=Some(182892.0) p50_ms=173.12 n=200
  facet_high_cardinality_color Some(("hybrid", "legacy")) cpu_us=Some(194407.0) p50_ms=198.79 n=200
  facet_high_cardinality_color Some(("legacy", "hybrid")) cpu_us=Some(37198.0) p50_ms=36.42 n=200
  facet_high_cardinality_color Some(("ordinal", "hybrid")) cpu_us=Some(20180.0) p50_ms=20.20 n=200
  facet_high_cardinality_color Some(("bitmap", "hybrid")) cpu_us=Some(21661.0) p50_ms=20.32 n=200
  facet_high_cardinality_color Some(("hybrid", "hybrid")) cpu_us=Some(20664.0) p50_ms=20.44 n=200
  facet_disjunctive_multi_dim Some(("legacy", "legacy")) cpu_us=Some(68541.0) p50_ms=69.74 n=200
  facet_disjunctive_multi_dim Some(("ordinal", "legacy")) cpu_us=Some(32548.0) p50_ms=32.30 n=200
  facet_disjunctive_multi_dim Some(("bitmap", "legacy")) cpu_us=Some(54373.0) p50_ms=55.45 n=200
  facet_disjunctive_multi_dim Some(("hybrid", "legacy")) cpu_us=Some(37137.0) p50_ms=32.90 n=200
  facet_disjunctive_multi_dim Some(("legacy", "hybrid")) cpu_us=Some(61890.0) p50_ms=62.73 n=200
  facet_disjunctive_multi_dim Some(("ordinal", "hybrid")) cpu_us=Some(24493.0) p50_ms=23.14 n=200
  facet_disjunctive_multi_dim Some(("bitmap", "hybrid")) cpu_us=Some(47493.0) p50_ms=47.29 n=200
  facet_disjunctive_multi_dim Some(("hybrid", "hybrid")) cpu_us=Some(25857.0) p50_ms=23.42 n=200
  numeric_range_sort Some(("legacy", "legacy")) cpu_us=Some(872256.0) p50_ms=856.46 n=200
  numeric_range_sort Some(("legacy", "topk")) cpu_us=Some(16608.0) p50_ms=17.34 n=200
  numeric_range_sort Some(("legacy", "presorted")) cpu_us=Some(7217.0) p50_ms=7.21 n=257
  numeric_range_sort Some(("legacy", "hybrid")) cpu_us=Some(7038.0) p50_ms=7.11 n=266
  numeric_range_sort Some(("hybrid", "hybrid")) cpu_us=Some(7241.0) p50_ms=7.13 n=260
  sh2_color_white_review_count_desc Some(("legacy", "legacy")) cpu_us=Some(56718.0) p50_ms=57.14 n=200
  sh2_color_white_review_count_desc Some(("legacy", "topk")) cpu_us=Some(1760.0) p50_ms=1.93 n=889
  sh2_color_white_review_count_desc Some(("legacy", "presorted")) cpu_us=Some(455.0) p50_ms=0.61 n=2686
  sh2_color_white_review_count_desc Some(("legacy", "hybrid")) cpu_us=Some(480.0) p50_ms=0.60 n=2594
  sh2_color_white_review_count_desc Some(("hybrid", "hybrid")) cpu_us=Some(605.0) p50_ms=0.76 n=1884
  sh3_depth3_review_count_desc Some(("legacy", "legacy")) cpu_us=Some(557.0) p50_ms=0.71 n=2365
  sh3_depth3_review_count_desc Some(("legacy", "topk")) cpu_us=Some(420.0) p50_ms=0.59 n=2860
  sh3_depth3_review_count_desc Some(("legacy", "presorted")) cpu_us=Some(13681.0) p50_ms=13.62 n=200
  sh3_depth3_review_count_desc Some(("legacy", "hybrid")) cpu_us=Some(506.0) p50_ms=0.61 n=2413
  sh3_depth3_review_count_desc Some(("hybrid", "hybrid")) cpu_us=Some(655.0) p50_ms=0.84 n=1813
E3B_MEASURE_OK label=headline run=1 status=ok cells=47
=== 2026-09-28T09:09:33Z headline run=2 facet_modes=legacy:legacy,ordinal:legacy,bitmap:legacy,hybrid:legacy,legacy:hybrid,ordinal:hybrid,bitmap:hybrid,hybrid:hybrid sort_modes=legacy:legacy,legacy:topk,legacy:presorted,legacy:hybrid,hybrid:hybrid ===
  facet_low_cardinality_style Some(("legacy", "legacy")) cpu_us=Some(195886.0) p50_ms=194.55 n=200
  facet_low_cardinality_style Some(("ordinal", "legacy")) cpu_us=Some(200362.0) p50_ms=209.79 n=200
  facet_low_cardinality_style Some(("bitmap", "legacy")) cpu_us=Some(187565.0) p50_ms=187.90 n=200
  facet_low_cardinality_style Some(("hybrid", "legacy")) cpu_us=Some(187371.0) p50_ms=183.68 n=200
  facet_low_cardinality_style Some(("legacy", "hybrid")) cpu_us=Some(16179.0) p50_ms=16.31 n=200
  facet_low_cardinality_style Some(("ordinal", "hybrid")) cpu_us=Some(15499.0) p50_ms=15.75 n=200
  facet_low_cardinality_style Some(("bitmap", "hybrid")) cpu_us=Some(9478.0) p50_ms=8.79 n=200
  facet_low_cardinality_style Some(("hybrid", "hybrid")) cpu_us=Some(9066.0) p50_ms=8.91 n=207
  facet_medium_cardinality_primarymaterial Some(("legacy", "legacy")) cpu_us=Some(203657.0) p50_ms=214.86 n=200
  facet_medium_cardinality_primarymaterial Some(("ordinal", "legacy")) cpu_us=Some(227957.0) p50_ms=226.24 n=200
  facet_medium_cardinality_primarymaterial Some(("bitmap", "legacy")) cpu_us=Some(222668.0) p50_ms=223.56 n=200
  facet_medium_cardinality_primarymaterial Some(("hybrid", "legacy")) cpu_us=Some(224757.0) p50_ms=223.89 n=200
  facet_medium_cardinality_primarymaterial Some(("legacy", "hybrid")) cpu_us=Some(20998.0) p50_ms=19.49 n=200
  facet_medium_cardinality_primarymaterial Some(("ordinal", "hybrid")) cpu_us=Some(18525.0) p50_ms=17.53 n=200
  facet_medium_cardinality_primarymaterial Some(("bitmap", "hybrid")) cpu_us=Some(11415.0) p50_ms=10.96 n=200
  facet_medium_cardinality_primarymaterial Some(("hybrid", "hybrid")) cpu_us=Some(11483.0) p50_ms=10.79 n=200
  facet_high_cardinality_color Some(("legacy", "legacy")) cpu_us=Some(252640.0) p50_ms=254.61 n=200
  facet_high_cardinality_color Some(("ordinal", "legacy")) cpu_us=Some(227198.0) p50_ms=226.82 n=200
  facet_high_cardinality_color Some(("bitmap", "legacy")) cpu_us=Some(238664.0) p50_ms=236.58 n=200
  facet_high_cardinality_color Some(("hybrid", "legacy")) cpu_us=Some(224045.0) p50_ms=223.87 n=200
  facet_high_cardinality_color Some(("legacy", "hybrid")) cpu_us=Some(41554.0) p50_ms=38.57 n=200
  facet_high_cardinality_color Some(("ordinal", "hybrid")) cpu_us=Some(24677.0) p50_ms=24.12 n=200
  facet_high_cardinality_color Some(("bitmap", "hybrid")) cpu_us=Some(25458.0) p50_ms=24.05 n=200
  facet_high_cardinality_color Some(("hybrid", "hybrid")) cpu_us=Some(22868.0) p50_ms=22.11 n=200
  facet_disjunctive_multi_dim Some(("legacy", "legacy")) cpu_us=Some(78606.0) p50_ms=76.43 n=200
  facet_disjunctive_multi_dim Some(("ordinal", "legacy")) cpu_us=Some(38220.0) p50_ms=35.67 n=200
  facet_disjunctive_multi_dim Some(("bitmap", "legacy")) cpu_us=Some(59464.0) p50_ms=57.61 n=200
  facet_disjunctive_multi_dim Some(("hybrid", "legacy")) cpu_us=Some(33106.0) p50_ms=32.15 n=200
  facet_disjunctive_multi_dim Some(("legacy", "hybrid")) cpu_us=Some(61922.0) p50_ms=62.89 n=200
  facet_disjunctive_multi_dim Some(("ordinal", "hybrid")) cpu_us=Some(22714.0) p50_ms=22.67 n=200
  facet_disjunctive_multi_dim Some(("bitmap", "hybrid")) cpu_us=Some(45508.0) p50_ms=46.75 n=200
  facet_disjunctive_multi_dim Some(("hybrid", "hybrid")) cpu_us=Some(23499.0) p50_ms=23.13 n=200
  numeric_range_sort Some(("legacy", "legacy")) cpu_us=Some(841155.0) p50_ms=776.95 n=200
  numeric_range_sort Some(("legacy", "topk")) cpu_us=Some(16718.0) p50_ms=17.33 n=200
  numeric_range_sort Some(("legacy", "presorted")) cpu_us=Some(6393.0) p50_ms=7.00 n=293
  numeric_range_sort Some(("legacy", "hybrid")) cpu_us=Some(6897.0) p50_ms=7.05 n=272
  numeric_range_sort Some(("hybrid", "hybrid")) cpu_us=Some(7832.0) p50_ms=7.40 n=234
  sh2_color_white_review_count_desc Some(("legacy", "legacy")) cpu_us=Some(52159.0) p50_ms=47.72 n=200
  sh2_color_white_review_count_desc Some(("legacy", "topk")) cpu_us=Some(2106.0) p50_ms=2.11 n=767
  sh2_color_white_review_count_desc Some(("legacy", "presorted")) cpu_us=Some(593.0) p50_ms=0.65 n=2177
  sh2_color_white_review_count_desc Some(("legacy", "hybrid")) cpu_us=Some(631.0) p50_ms=0.69 n=2005
  sh2_color_white_review_count_desc Some(("hybrid", "hybrid")) cpu_us=Some(729.0) p50_ms=0.76 n=1799
  sh3_depth3_review_count_desc Some(("legacy", "legacy")) cpu_us=Some(760.0) p50_ms=0.83 n=1757
  sh3_depth3_review_count_desc Some(("legacy", "topk")) cpu_us=Some(655.0) p50_ms=0.76 n=1923
  sh3_depth3_review_count_desc Some(("legacy", "presorted")) cpu_us=Some(15744.0) p50_ms=16.48 n=200
  sh3_depth3_review_count_desc Some(("legacy", "hybrid")) cpu_us=Some(442.0) p50_ms=0.54 n=2676
  sh3_depth3_review_count_desc Some(("hybrid", "hybrid")) cpu_us=Some(496.0) p50_ms=0.70 n=2290
E3B_MEASURE_OK label=headline run=2 status=ok cells=47
=== 2026-09-28T09:26:54Z headline run=3 facet_modes=legacy:legacy,ordinal:legacy,bitmap:legacy,hybrid:legacy,legacy:hybrid,ordinal:hybrid,bitmap:hybrid,hybrid:hybrid sort_modes=legacy:legacy,legacy:topk,legacy:presorted,legacy:hybrid,hybrid:hybrid ===
  facet_low_cardinality_style Some(("legacy", "legacy")) cpu_us=Some(199739.0) p50_ms=213.02 n=200
  facet_low_cardinality_style Some(("ordinal", "legacy")) cpu_us=Some(196620.0) p50_ms=201.03 n=200
  facet_low_cardinality_style Some(("bitmap", "legacy")) cpu_us=Some(193260.0) p50_ms=202.59 n=200
  facet_low_cardinality_style Some(("hybrid", "legacy")) cpu_us=Some(182353.0) p50_ms=176.76 n=200
  facet_low_cardinality_style Some(("legacy", "hybrid")) cpu_us=Some(15745.0) p50_ms=16.13 n=200
  facet_low_cardinality_style Some(("ordinal", "hybrid")) cpu_us=Some(16550.0) p50_ms=16.10 n=200
  facet_low_cardinality_style Some(("bitmap", "hybrid")) cpu_us=Some(8102.0) p50_ms=8.62 n=233
  facet_low_cardinality_style Some(("hybrid", "hybrid")) cpu_us=Some(8538.0) p50_ms=8.79 n=220
  facet_medium_cardinality_primarymaterial Some(("legacy", "legacy")) cpu_us=Some(193980.0) p50_ms=191.63 n=200
  facet_medium_cardinality_primarymaterial Some(("ordinal", "legacy")) cpu_us=Some(189305.0) p50_ms=189.30 n=200
  facet_medium_cardinality_primarymaterial Some(("bitmap", "legacy")) cpu_us=Some(184552.0) p50_ms=189.40 n=200
  facet_medium_cardinality_primarymaterial Some(("hybrid", "legacy")) cpu_us=Some(164895.0) p50_ms=154.42 n=200
  facet_medium_cardinality_primarymaterial Some(("legacy", "hybrid")) cpu_us=Some(16683.0) p50_ms=13.35 n=200
  facet_medium_cardinality_primarymaterial Some(("ordinal", "hybrid")) cpu_us=Some(17621.0) p50_ms=12.52 n=200
  facet_medium_cardinality_primarymaterial Some(("bitmap", "hybrid")) cpu_us=Some(11091.0) p50_ms=9.69 n=200
  facet_medium_cardinality_primarymaterial Some(("hybrid", "hybrid")) cpu_us=Some(11109.0) p50_ms=9.08 n=200
  facet_high_cardinality_color Some(("legacy", "legacy")) cpu_us=Some(163903.0) p50_ms=151.95 n=200
  facet_high_cardinality_color Some(("ordinal", "legacy")) cpu_us=Some(163531.0) p50_ms=148.99 n=200
  facet_high_cardinality_color Some(("bitmap", "legacy")) cpu_us=Some(180755.0) p50_ms=166.45 n=200
  facet_high_cardinality_color Some(("hybrid", "legacy")) cpu_us=Some(180059.0) p50_ms=164.40 n=200
  facet_high_cardinality_color Some(("legacy", "hybrid")) cpu_us=Some(49092.0) p50_ms=49.66 n=200
  facet_high_cardinality_color Some(("ordinal", "hybrid")) cpu_us=Some(29920.0) p50_ms=29.25 n=200
  facet_high_cardinality_color Some(("bitmap", "hybrid")) cpu_us=Some(26129.0) p50_ms=26.24 n=200
  facet_high_cardinality_color Some(("hybrid", "hybrid")) cpu_us=Some(24630.0) p50_ms=20.86 n=200
  facet_disjunctive_multi_dim Some(("legacy", "legacy")) cpu_us=Some(71770.0) p50_ms=70.77 n=200
  facet_disjunctive_multi_dim Some(("ordinal", "legacy")) cpu_us=Some(38952.0) p50_ms=33.97 n=200
  facet_disjunctive_multi_dim Some(("bitmap", "legacy")) cpu_us=Some(58638.0) p50_ms=56.46 n=200
  facet_disjunctive_multi_dim Some(("hybrid", "legacy")) cpu_us=Some(34414.0) p50_ms=32.65 n=200
  facet_disjunctive_multi_dim Some(("legacy", "hybrid")) cpu_us=Some(60453.0) p50_ms=61.63 n=200
  facet_disjunctive_multi_dim Some(("ordinal", "hybrid")) cpu_us=Some(27742.0) p50_ms=23.48 n=200
  facet_disjunctive_multi_dim Some(("bitmap", "hybrid")) cpu_us=Some(45267.0) p50_ms=45.51 n=200
  facet_disjunctive_multi_dim Some(("hybrid", "hybrid")) cpu_us=Some(33834.0) p50_ms=31.24 n=200
  numeric_range_sort Some(("legacy", "legacy")) cpu_us=Some(901768.0) p50_ms=885.28 n=200
  numeric_range_sort Some(("legacy", "topk")) cpu_us=Some(17307.0) p50_ms=17.66 n=200
  numeric_range_sort Some(("legacy", "presorted")) cpu_us=Some(8191.0) p50_ms=7.37 n=225
  numeric_range_sort Some(("legacy", "hybrid")) cpu_us=Some(7926.0) p50_ms=7.41 n=233
  numeric_range_sort Some(("hybrid", "hybrid")) cpu_us=Some(8353.0) p50_ms=7.41 n=223
  sh2_color_white_review_count_desc Some(("legacy", "legacy")) cpu_us=Some(50124.0) p50_ms=47.10 n=200
  sh2_color_white_review_count_desc Some(("legacy", "topk")) cpu_us=Some(1773.0) p50_ms=1.98 n=876
  sh2_color_white_review_count_desc Some(("legacy", "presorted")) cpu_us=Some(656.0) p50_ms=0.95 n=1832
  sh2_color_white_review_count_desc Some(("legacy", "hybrid")) cpu_us=Some(538.0) p50_ms=0.68 n=2191
  sh2_color_white_review_count_desc Some(("hybrid", "hybrid")) cpu_us=Some(646.0) p50_ms=0.73 n=1948
  sh3_depth3_review_count_desc Some(("legacy", "legacy")) cpu_us=Some(707.0) p50_ms=0.87 n=1813
  sh3_depth3_review_count_desc Some(("legacy", "topk")) cpu_us=Some(545.0) p50_ms=0.72 n=2191
  sh3_depth3_review_count_desc Some(("legacy", "presorted")) cpu_us=Some(17127.0) p50_ms=14.04 n=200
  sh3_depth3_review_count_desc Some(("legacy", "hybrid")) cpu_us=Some(561.0) p50_ms=0.79 n=2024
  sh3_depth3_review_count_desc Some(("hybrid", "hybrid")) cpu_us=Some(653.0) p50_ms=0.93 n=1735
E3B_MEASURE_OK label=headline run=3 status=ok cells=47
=== 2026-09-28T09:43:15Z phase headline done ===
