loading + ingesting real WANDS catalog...
42994 real products ingested
building commerce_core structural index...
checking Solr (http://localhost:8983/solr/wands_bench)...
  Solr reachable: numFound=42994

computing real category-leaf and per-depth group-size distributions...
  1623 distinct real leaf categories, 458 distinct real depth-3 subtrees

selected real leaf-category groups (category render workload):
  CategoryId(697) (Rugs / Area Rugs / 7' & 8' Area Rugs): 2 products [tiny (2-10)]
  CategoryId(454) (Furniture / Living Room Furniture / Slipcovers / All Slipcovers): 13 products [small (11-100)]
  CategoryId(194) (Storage & Organization / Storage Containers & Drawers / All Storage Containers): 121 products [medium (101-1,000)]
  CategoryId(37) (Furniture / Living Room Furniture / Chairs & Seating / Accent Chairs): 1103 products [large (1,001-10,000)]
selected real depth-3 subtree groups (hierarchy/subtree-browse workload):
  "Furniture / Bedroom Furniture / Bedroom Sets": 6 products [tiny (2-10)]
  "Décor & Pillows / Flowers & Plants / Faux Plants": 25 products [small (11-100)]
  "Baby & Kids / Nursery Bedding / Crib Bedding Sets": 132 products [medium (101-1,000)]
  "Furniture / Kitchen & Dining Furniture / Bar Furniture": 1063 products [large (1,001-10,000)]

running depth-1 crossover-characterization sweep (color facet under filter):

=== P6A-E00 result ===
request class                              group            key                          bucket                  n_count    s_count   match  n_mean_ms  s_mean_ms    speedup
category_render_filter_first_page          category_leaf    Rugs / Area Rugs / 7' & 8' A tiny (2-10)                   2          2    true     0.0001     0.7789    6708.98
color_facet_under_category_filter          category_leaf    Rugs / Area Rugs / 7' & 8' A tiny (2-10)                   2          2    true     0.0008     0.9904    1225.64
product_class_facet_under_category_filter  category_leaf    Rugs / Area Rugs / 7' & 8' A tiny (2-10)                   2          2    true     0.0003     0.6897    2325.55
product_class_facet_ordinal_under_category_filter category_leaf    Rugs / Area Rugs / 7' & 8' A tiny (2-10)                   2          2    true     0.0013     0.6897     526.10
style_facet_under_category_filter          category_leaf    Rugs / Area Rugs / 7' & 8' A tiny (2-10)                   2          2    true     0.0017     0.6592     381.46
sort_title_under_category_filter           category_leaf    Rugs / Area Rugs / 7' & 8' A tiny (2-10)                   2          2    true     0.0002     0.8014    4068.10
sort_rating_desc_under_category_filter     category_leaf    Rugs / Area Rugs / 7' & 8' A tiny (2-10)                   2          2    true     0.0002     0.8154    3990.10
category_render_filter_first_page          category_leaf    Furniture / Living Room Furn small (11-100)               13         13    true     0.0001     1.5616   16955.96
color_facet_under_category_filter          category_leaf    Furniture / Living Room Furn small (11-100)               13         13    true     0.0079     0.6063      76.90
product_class_facet_under_category_filter  category_leaf    Furniture / Living Room Furn small (11-100)               13         13    true     0.0004     0.5814    1439.14
product_class_facet_ordinal_under_category_filter category_leaf    Furniture / Living Room Furn small (11-100)               13         13    true     0.0008     0.5814     768.25
style_facet_under_category_filter          category_leaf    Furniture / Living Room Furn small (11-100)               13         13    true     0.0040     0.5924     146.83
sort_title_under_category_filter           category_leaf    Furniture / Living Room Furn small (11-100)               13         13    true     0.0009     1.5604    1835.35
sort_rating_desc_under_category_filter     category_leaf    Furniture / Living Room Furn small (11-100)               13         13    true     0.0015     1.6356    1090.46
category_render_filter_first_page          category_leaf    Storage & Organization / Sto medium (101-1,000)          121        121    true     0.0001     2.1801   17403.72
color_facet_under_category_filter          category_leaf    Storage & Organization / Sto medium (101-1,000)          121        121    true     0.1303     0.8202       6.30
product_class_facet_under_category_filter  category_leaf    Storage & Organization / Sto medium (101-1,000)          121        121    true     0.0030     0.5960     200.90
product_class_facet_ordinal_under_category_filter category_leaf    Storage & Organization / Sto medium (101-1,000)          121        121    true     0.0015     0.5960     404.07
style_facet_under_category_filter          category_leaf    Storage & Organization / Sto medium (101-1,000)          121        121    true     0.1020     0.6463       6.33
sort_title_under_category_filter           category_leaf    Storage & Organization / Sto medium (101-1,000)           24         24    true     0.0112     2.3095     205.97
sort_rating_desc_under_category_filter     category_leaf    Storage & Organization / Sto medium (101-1,000)           24         24    true     0.0151     2.1408     142.06
deep_pagination_under_category_filter      category_leaf    Storage & Organization / Sto medium (101-1,000)           24         24    true     0.0001     2.1096   23430.84
category_render_filter_first_page          category_leaf    Furniture / Living Room Furn large (1,001-10,000)       1103       1103    true     0.0002     1.9896    9628.52
color_facet_under_category_filter          category_leaf    Furniture / Living Room Furn large (1,001-10,000)       1103       1103    true     0.6617     0.6863       1.04
product_class_facet_under_category_filter  category_leaf    Furniture / Living Room Furn large (1,001-10,000)       1103       1103    true     0.0312     0.6839      21.89
product_class_facet_ordinal_under_category_filter category_leaf    Furniture / Living Room Furn large (1,001-10,000)       1103       1103    true     0.0048     0.6839     142.10
style_facet_under_category_filter          category_leaf    Furniture / Living Room Furn large (1,001-10,000)       1103       1103    true     0.6816     0.6909       1.01
sort_title_under_category_filter           category_leaf    Furniture / Living Room Furn large (1,001-10,000)         24         24    true     0.0955     1.5475      16.20
sort_rating_desc_under_category_filter     category_leaf    Furniture / Living Room Furn large (1,001-10,000)         24         24    true     0.3607     2.3493       6.51
deep_pagination_under_category_filter      category_leaf    Furniture / Living Room Furn large (1,001-10,000)         24         24    true     0.0002     2.6843   15877.26
subtree_browse_depth3_filter_first_page    category_depth_3 Furniture / Bedroom Furnitur tiny (2-10)                   6          6    true     0.0001     1.1411    8312.84
mixed_color_facet_under_subtree_depth3     category_depth_3 Furniture / Bedroom Furnitur tiny (2-10)                   6          6    true     0.0044     1.1496     261.99
subtree_browse_depth3_filter_first_page    category_depth_3 Décor & Pillows / Flowers &  small (11-100)               25         25    true     0.0004     2.0795    5846.74
mixed_color_facet_under_subtree_depth3     category_depth_3 Décor & Pillows / Flowers &  small (11-100)               25         25    true     0.0082     0.6337      77.55
subtree_browse_depth3_filter_first_page    category_depth_3 Baby & Kids / Nursery Beddin medium (101-1,000)          132        132    true     0.0001     2.2446   15729.59
mixed_color_facet_under_subtree_depth3     category_depth_3 Baby & Kids / Nursery Beddin medium (101-1,000)          132        132    true     0.0877     0.9643      10.99
subtree_browse_depth3_filter_first_page    category_depth_3 Furniture / Kitchen & Dining large (1,001-10,000)       1063       1063    true     0.0002     2.3004   10928.04
mixed_color_facet_under_subtree_depth3     category_depth_3 Furniture / Kitchen & Dining large (1,001-10,000)       1063       1063    true     0.7922     0.9837       1.24
color_facet_under_depth1_crossover_sweep   category_depth_1 Rugs                         large (1,001-10,000)       2002       2002    true     1.2364     0.9669       0.78
color_facet_ordinal_under_depth1_crossover_sweep category_depth_1 Rugs                         large (1,001-10,000)       2002       2002    true     0.0236     0.9669      41.03
color_facet_under_depth1_crossover_sweep   category_depth_1 Storage & Organization       large (1,001-10,000)       2175       2175    true     1.6431     1.0667       0.65
color_facet_ordinal_under_depth1_crossover_sweep category_depth_1 Storage & Organization       large (1,001-10,000)       2175       2175    true     0.0415     1.0667      25.68
color_facet_under_depth1_crossover_sweep   category_depth_1 Lighting                     large (1,001-10,000)       2072       2072    true     1.3797     1.0062       0.73
color_facet_ordinal_under_depth1_crossover_sweep category_depth_1 Lighting                     large (1,001-10,000)       2072       2072    true     0.0127     1.0062      79.29
color_facet_under_depth1_crossover_sweep   category_depth_1 Outdoor                      large (1,001-10,000)       3394       3394    true     2.6511     1.1398       0.43
color_facet_ordinal_under_depth1_crossover_sweep category_depth_1 Outdoor                      large (1,001-10,000)       3394       3394    true     0.1060     1.1398      10.75
color_facet_under_depth1_crossover_sweep   category_depth_1 Décor & Pillows              large (1,001-10,000)       4612       4612    true     5.5050     1.0216       0.19
color_facet_ordinal_under_depth1_crossover_sweep category_depth_1 Décor & Pillows              large (1,001-10,000)       4612       4612    true     0.1999     1.0216       5.11
color_facet_under_depth1_crossover_sweep   category_depth_1 Home Improvement             large (1,001-10,000)       4686       4686    true     3.6055     0.9902       0.27
color_facet_ordinal_under_depth1_crossover_sweep category_depth_1 Home Improvement             large (1,001-10,000)       4686       4686    true     0.0908     0.9902      10.90
color_facet_under_depth1_crossover_sweep   category_depth_1 Furniture                    huge (>10,000)            16039      16039    true    18.7938     1.4350       0.08
color_facet_ordinal_under_depth1_crossover_sweep category_depth_1 Furniture                    huge (>10,000)            16039      16039    true     0.2448     1.4350       5.86

correctness: 52/52 rows had matching native/Solr counts -- SEE MISMATCHES BELOW
  FACET MISMATCH product_class_under_category=Storage & Organization / Storage Containers & Drawers / All Storage Containers: native={"": 6, "Boxes, Bins, Baskets, & Buckets": 112, "Boxes, Bins, Baskets, & Buckets|Shoe Storage": 3} solr={"Boxes, Bins, Baskets, & Buckets": 112, "Boxes, Bins, Baskets, & Buckets|Shoe Storage": 3}
  FACET MISMATCH product_class_ordinal_under_category=Storage & Organization / Storage Containers & Drawers / All Storage Containers: native_ordinal={"": 6, "Boxes, Bins, Baskets, & Buckets": 112, "Boxes, Bins, Baskets, & Buckets|Shoe Storage": 3} solr={"Boxes, Bins, Baskets, & Buckets": 112, "Boxes, Bins, Baskets, & Buckets|Shoe Storage": 3}
  FACET MISMATCH product_class_under_category=Furniture / Living Room Furniture / Chairs & Seating / Accent Chairs: native={"": 81, "Accent Chairs": 967, "Accent Chairs|Dining Chairs": 1, "Accent Chairs|Dining Chairs|Office Chairs": 1, "Accent Chairs|Office Chairs": 7, "Patio Lounge Chairs": 1, "Reception Seating Chairs|Accent Chairs": 23, "Teen Desk Chairs|Accent Chairs|Office Chairs": 1, "Teen Lounge Furniture|Accent Chairs": 20, "Teen Lounge Furniture|Futons": 1} solr={"Accent Chairs": 967, "Accent Chairs|Dining Chairs": 1, "Accent Chairs|Dining Chairs|Office Chairs": 1, "Accent Chairs|Office Chairs": 7, "Patio Lounge Chairs": 1, "Reception Seating Chairs|Accent Chairs": 23, "Teen Desk Chairs|Accent Chairs|Office Chairs": 1, "Teen Lounge Furniture|Accent Chairs": 20, "Teen Lounge Furniture|Futons": 1}
  FACET MISMATCH product_class_ordinal_under_category=Furniture / Living Room Furniture / Chairs & Seating / Accent Chairs: native_ordinal={"": 81, "Accent Chairs": 967, "Accent Chairs|Dining Chairs": 1, "Accent Chairs|Dining Chairs|Office Chairs": 1, "Accent Chairs|Office Chairs": 7, "Patio Lounge Chairs": 1, "Reception Seating Chairs|Accent Chairs": 23, "Teen Desk Chairs|Accent Chairs|Office Chairs": 1, "Teen Lounge Furniture|Accent Chairs": 20, "Teen Lounge Furniture|Futons": 1} solr={"Accent Chairs": 967, "Accent Chairs|Dining Chairs": 1, "Accent Chairs|Dining Chairs|Office Chairs": 1, "Accent Chairs|Office Chairs": 7, "Patio Lounge Chairs": 1, "Reception Seating Chairs|Accent Chairs": 23, "Teen Desk Chairs|Accent Chairs|Office Chairs": 1, "Teen Lounge Furniture|Accent Chairs": 20, "Teen Lounge Furniture|Futons": 1}

artifacts written to dataset_cache/p6a_e00_artifacts
