descend h1 cpu structural t100 heap3g 3 S1=PASS S2=PASS mode=none
descend h1 cpu structural t100 heap3g 2.5 S1=PASS S2=PASS mode=none
descend h1 cpu structural t100 heap3g 2 S1=PASS S2=PASS mode=none
descend h1 cpu structural t100 heap3g 1.5 S1=PASS S2=PASS mode=none
descend h1 cpu structural t100 heap3g 1 S1=PASS S2=PASS mode=none
descend h1 cpu structural t100 heap3g 0.75 S1=PASS S2=PASS mode=none
descend h1 cpu structural t100 heap3g 0.5 S1=FAIL S2=FAIL mode=errors
descend b0 cpu structural t100 heap3g 3 S1=FAIL S2=PASS mode=latency
descend b0 cpu structural t100 heap3g 2.5 S1=FAIL S2=PASS mode=latency
descend b0 cpu structural t100 heap3g 2 S1=FAIL S2=PASS mode=latency_throttled
descend b0 cpu structural t100 heap3g 1.5 S1=FAIL S2=FAIL mode=latency_throttled
descend b0 cpu structural t100 heap3g 1 S1=FAIL S2=FAIL mode=errors
descend b0 cpu lexical t100 heap3g 3 S1=FAIL S2=PASS mode=latency
descend b0 cpu lexical t100 heap3g 2.5 S1=FAIL S2=PASS mode=latency
descend b0 cpu lexical t100 heap3g 2 S1=FAIL S2=PASS mode=latency_throttled
descend b0 cpu lexical t100 heap3g 1.5 S1=FAIL S2=FAIL mode=latency_throttled
descend b0 cpu lexical t100 heap3g 1 S1=FAIL S2=FAIL mode=errors
descend h1 cpu lexical t100 heap3g 3 S1=PASS S2=PASS mode=none
descend h1 cpu lexical t100 heap3g 2.5 S1=PASS S2=PASS mode=none
descend h1 cpu lexical t100 heap3g 2 S1=PASS S2=PASS mode=none
descend h1 cpu lexical t100 heap3g 1.5 S1=PASS S2=PASS mode=none
descend h1 cpu lexical t100 heap3g 1 S1=PASS S2=PASS mode=none
descend h1 cpu lexical t100 heap3g 0.75 S1=FAIL S2=FAIL mode=errors
descend h1 cpu lexical t100 heap3g 0.5 S1=FAIL S2=FAIL mode=errors
