loading + ingesting real WANDS catalog...
42994 real products ingested
building commerce_core structural index...
checking Solr (http://localhost:8983/solr/wands_bench)...
  Solr reachable: numFound=42994

computing real category-leaf and per-depth group-size distributions...
  1623 distinct real leaf categories, 458 distinct real depth-3 subtrees

selected real leaf-category groups (category render workload):
  CategoryId(1364) (Décor & Pillows / Wall Décor / Stained Glass Panels / Rectangular Shaped Stained Glass Panels): 2 products [tiny (2-10)]
  CategoryId(52) (Kitchen & Tabletop / Tableware & Drinkware / Barware / Bar & Wine Tools / All Bar & Wine Tools): 13 products [small (11-100)]
  CategoryId(194) (Storage & Organization / Storage Containers & Drawers / All Storage Containers): 121 products [medium (101-1,000)]
  CategoryId(37) (Furniture / Living Room Furniture / Chairs & Seating / Accent Chairs): 1103 products [large (1,001-10,000)]
selected real depth-3 subtree groups (hierarchy/subtree-browse workload):
  "Furniture / Bedroom Furniture / Bedroom Sets": 6 products [tiny (2-10)]
  "Furniture / Game Tables & Game Room Furniture / Sports Team Fan Shop & Memorabillia": 25 products [small (11-100)]
  "Baby & Kids / Nursery Bedding / Crib Bedding Sets": 132 products [medium (101-1,000)]
  "Furniture / Kitchen & Dining Furniture / Bar Furniture": 1063 products [large (1,001-10,000)]

running depth-1 crossover-characterization sweep (color facet under filter):

=== P6A-E00 result ===
request class                              group            key                          bucket                  n_count    s_count   match  n_mean_ms  s_mean_ms    speedup
category_render_filter_first_page          category_leaf    Décor & Pillows / Wall Décor tiny (2-10)                   2          2    true     0.0001     1.6634   15861.70
color_facet_under_category_filter          category_leaf    Décor & Pillows / Wall Décor tiny (2-10)                   2          2    true     0.0016     1.6807    1060.26
product_class_facet_under_category_filter  category_leaf    Décor & Pillows / Wall Décor tiny (2-10)                   2          2    true     0.0001     1.3762    9238.40
style_facet_under_category_filter          category_leaf    Décor & Pillows / Wall Décor tiny (2-10)                   2          2    true     0.0011     1.1153    1051.23
sort_title_under_category_filter           category_leaf    Décor & Pillows / Wall Décor tiny (2-10)                   2          2    true     0.0002     1.3724    6585.18
sort_rating_desc_under_category_filter     category_leaf    Décor & Pillows / Wall Décor tiny (2-10)                   2          2    true     0.0002     1.4370    6646.40
category_render_filter_first_page          category_leaf    Kitchen & Tabletop / Tablewa small (11-100)               13         13    true     0.0001     2.1236   20354.33
color_facet_under_category_filter          category_leaf    Kitchen & Tabletop / Tablewa small (11-100)               13         13    true     0.0061     0.9009     146.74
product_class_facet_under_category_filter  category_leaf    Kitchen & Tabletop / Tablewa small (11-100)               13         13    true     0.0004     0.8289    2228.96
style_facet_under_category_filter          category_leaf    Kitchen & Tabletop / Tablewa small (11-100)               13         13    true     0.0065     1.2027     186.06
sort_title_under_category_filter           category_leaf    Kitchen & Tabletop / Tablewa small (11-100)               13         13    true     0.0019     1.9015     989.16
sort_rating_desc_under_category_filter     category_leaf    Kitchen & Tabletop / Tablewa small (11-100)               13         13    true     0.0010     1.8770    1863.03
category_render_filter_first_page          category_leaf    Storage & Organization / Sto medium (101-1,000)          121        121    true     0.0001     2.1625   21368.36
color_facet_under_category_filter          category_leaf    Storage & Organization / Sto medium (101-1,000)          121        121    true     0.0782     1.3657      17.47
product_class_facet_under_category_filter  category_leaf    Storage & Organization / Sto medium (101-1,000)          121        121    true     0.0045     0.9501     212.34
style_facet_under_category_filter          category_leaf    Storage & Organization / Sto medium (101-1,000)          121        121    true     0.0783     0.8297      10.60
sort_title_under_category_filter           category_leaf    Storage & Organization / Sto medium (101-1,000)           24         24    true     0.0116     2.5023     215.08
sort_rating_desc_under_category_filter     category_leaf    Storage & Organization / Sto medium (101-1,000)           24         24    true     0.0167     2.3597     141.41
deep_pagination_under_category_filter      category_leaf    Storage & Organization / Sto medium (101-1,000)           24         24    true     0.0001     2.4974   20834.42
category_render_filter_first_page          category_leaf    Furniture / Living Room Furn large (1,001-10,000)       1103       1103    true     0.0001     2.2365   15057.49
color_facet_under_category_filter          category_leaf    Furniture / Living Room Furn large (1,001-10,000)       1103       1103    true     0.8118     0.9947       1.23
product_class_facet_under_category_filter  category_leaf    Furniture / Living Room Furn large (1,001-10,000)       1103       1103    true     0.0360     1.0790      29.96
style_facet_under_category_filter          category_leaf    Furniture / Living Room Furn large (1,001-10,000)       1103       1103    true     0.7769     0.9114       1.17
sort_title_under_category_filter           category_leaf    Furniture / Living Room Furn large (1,001-10,000)         24         24    true     0.0913     1.7106      18.73
sort_rating_desc_under_category_filter     category_leaf    Furniture / Living Room Furn large (1,001-10,000)         24         24    true     0.2546     2.3599       9.27
deep_pagination_under_category_filter      category_leaf    Furniture / Living Room Furn large (1,001-10,000)         24         24    true     0.0001     2.4995   16964.60
subtree_browse_depth3_filter_first_page    category_depth_3 Furniture / Bedroom Furnitur tiny (2-10)                   6          6    true     0.0001     1.1890    8527.67
mixed_color_facet_under_subtree_depth3     category_depth_3 Furniture / Bedroom Furnitur tiny (2-10)                   6          6    true     0.0024     0.7511     312.45
subtree_browse_depth3_filter_first_page    category_depth_3 Furniture / Game Tables & Ga small (11-100)               25         25    true     0.0002     2.0836   13860.13
mixed_color_facet_under_subtree_depth3     category_depth_3 Furniture / Game Tables & Ga small (11-100)               25         25    true     0.0102     0.7171      70.13
subtree_browse_depth3_filter_first_page    category_depth_3 Baby & Kids / Nursery Beddin medium (101-1,000)          132        132    true     0.0002     2.2657   13781.61
mixed_color_facet_under_subtree_depth3     category_depth_3 Baby & Kids / Nursery Beddin medium (101-1,000)          132        132    true     0.0718     1.3017      18.14
subtree_browse_depth3_filter_first_page    category_depth_3 Furniture / Kitchen & Dining large (1,001-10,000)       1063       1063    true     0.0002     2.3844   12651.66
mixed_color_facet_under_subtree_depth3     category_depth_3 Furniture / Kitchen & Dining large (1,001-10,000)       1063       1063    true     0.8985     1.0253       1.14
color_facet_under_depth1_crossover_sweep   category_depth_1 Rugs                         large (1,001-10,000)       2002       2002    true     1.4163     1.0950       0.77
color_facet_under_depth1_crossover_sweep   category_depth_1 Storage & Organization       large (1,001-10,000)       2175       2175    true     2.0260     1.1501       0.57
color_facet_under_depth1_crossover_sweep   category_depth_1 Lighting                     large (1,001-10,000)       2072       2072    true     1.4004     1.2098       0.86
color_facet_under_depth1_crossover_sweep   category_depth_1 Outdoor                      large (1,001-10,000)       3394       3394    true     2.6329     1.0735       0.41
color_facet_under_depth1_crossover_sweep   category_depth_1 Décor & Pillows              large (1,001-10,000)       4612       4612    true     3.9264     1.1969       0.30
color_facet_under_depth1_crossover_sweep   category_depth_1 Home Improvement             large (1,001-10,000)       4686       4686    true     3.4385     1.2659       0.37
color_facet_under_depth1_crossover_sweep   category_depth_1 Furniture                    huge (>10,000)            16039      16039    true    10.6498     1.2055       0.11

correctness: 41/41 rows had matching native/Solr counts -- SEE MISMATCHES BELOW
  FACET MISMATCH product_class_under_category=Kitchen & Tabletop / Tableware & Drinkware / Barware / Bar & Wine Tools / All Bar & Wine Tools: native={"": 3, "Bar & Wine Tools": 10} solr={"Bar & Wine Tools": 10}
  FACET MISMATCH product_class_under_category=Storage & Organization / Storage Containers & Drawers / All Storage Containers: native={"": 6, "Boxes, Bins, Baskets, & Buckets": 112, "Boxes, Bins, Baskets, & Buckets|Shoe Storage": 3} solr={"Boxes, Bins, Baskets, & Buckets": 112, "Boxes, Bins, Baskets, & Buckets|Shoe Storage": 3}
  FACET MISMATCH product_class_under_category=Furniture / Living Room Furniture / Chairs & Seating / Accent Chairs: native={"": 81, "Accent Chairs": 967, "Accent Chairs|Dining Chairs": 1, "Accent Chairs|Dining Chairs|Office Chairs": 1, "Accent Chairs|Office Chairs": 7, "Patio Lounge Chairs": 1, "Reception Seating Chairs|Accent Chairs": 23, "Teen Desk Chairs|Accent Chairs|Office Chairs": 1, "Teen Lounge Furniture|Accent Chairs": 20, "Teen Lounge Furniture|Futons": 1} solr={"Accent Chairs": 967, "Accent Chairs|Dining Chairs": 1, "Accent Chairs|Dining Chairs|Office Chairs": 1, "Accent Chairs|Office Chairs": 7, "Patio Lounge Chairs": 1, "Reception Seating Chairs|Accent Chairs": 23, "Teen Desk Chairs|Accent Chairs|Office Chairs": 1, "Teen Lounge Furniture|Accent Chairs": 20, "Teen Lounge Furniture|Futons": 1}

artifacts written to dataset_cache/p6a_e00_artifacts
