loading + ingesting real WANDS catalog...
42994 real products ingested
building commerce_core structural index...
checking Solr (http://localhost:8983/solr/wands_bench)...
  Solr reachable: numFound=42994

computing real category-leaf and per-depth group-size distributions...
  1623 distinct real leaf categories, 458 distinct real depth-3 subtrees

selected real leaf-category groups (category render workload):
  CategoryId(1341) (Sale / Closeout / Bath Rugs & Towels / Bath Rugs & Mats): 2 products [tiny (2-10)]
  CategoryId(270) (Home Improvement / Bathroom Remodel & Bathroom Fixtures / Showers & Bathtubs / Showers & Bathtubs Plumbing / Shower Faucets & Systems / Fixed Head Shower Faucets & Systems): 13 products [small (11-100)]
  CategoryId(194) (Storage & Organization / Storage Containers & Drawers / All Storage Containers): 121 products [medium (101-1,000)]
  CategoryId(37) (Furniture / Living Room Furniture / Chairs & Seating / Accent Chairs): 1103 products [large (1,001-10,000)]
selected real depth-3 subtree groups (hierarchy/subtree-browse workload):
  "Outdoor / Outdoor Shades / Outdoor Shade Accessories": 6 products [tiny (2-10)]
  "Furniture / Game Tables & Game Room Furniture / Sports Team Fan Shop & Memorabillia": 25 products [small (11-100)]
  "Baby & Kids / Nursery Bedding / Crib Bedding Sets": 132 products [medium (101-1,000)]
  "Furniture / Kitchen & Dining Furniture / Bar Furniture": 1063 products [large (1,001-10,000)]

running depth-1 crossover-characterization sweep (color facet under filter):

=== P6A-E00 result ===
request class                              group            key                          bucket                  n_count    s_count   match  n_mean_ms  s_mean_ms    speedup
category_render_filter_first_page          category_leaf    Sale / Closeout / Bath Rugs  tiny (2-10)                   2          2    true     0.0001     0.9833   10328.95
color_facet_under_category_filter          category_leaf    Sale / Closeout / Bath Rugs  tiny (2-10)                   2          2    true     0.0009     0.8271     896.12
product_class_facet_under_category_filter  category_leaf    Sale / Closeout / Bath Rugs  tiny (2-10)                   2          2    true     0.0001     0.8449    6023.88
style_facet_under_category_filter          category_leaf    Sale / Closeout / Bath Rugs  tiny (2-10)                   2          2    true     0.0009     0.8222     868.78
sort_title_under_category_filter           category_leaf    Sale / Closeout / Bath Rugs  tiny (2-10)                   2          2    true     0.0003     0.9910    3204.02
sort_rating_desc_under_category_filter     category_leaf    Sale / Closeout / Bath Rugs  tiny (2-10)                   2          2    true     0.0002     1.0410    5112.16
category_render_filter_first_page          category_leaf    Home Improvement / Bathroom  small (11-100)               13         13    true     0.0001     2.3752   27459.23
color_facet_under_category_filter          category_leaf    Home Improvement / Bathroom  small (11-100)               13         13    true     0.0078     0.7930     101.89
product_class_facet_under_category_filter  category_leaf    Home Improvement / Bathroom  small (11-100)               13         13    true     0.0004     1.0717    2641.70
style_facet_under_category_filter          category_leaf    Home Improvement / Bathroom  small (11-100)               13         13    true     0.0089     0.9199     103.51
sort_title_under_category_filter           category_leaf    Home Improvement / Bathroom  small (11-100)               13         13    true     0.0016     2.7015    1718.10
sort_rating_desc_under_category_filter     category_leaf    Home Improvement / Bathroom  small (11-100)               13         13    true     0.0017     2.0799    1230.92
category_render_filter_first_page          category_leaf    Storage & Organization / Sto medium (101-1,000)          121        121    true     0.0001     2.3031   26441.78
color_facet_under_category_filter          category_leaf    Storage & Organization / Sto medium (101-1,000)          121        121    true     0.0744     1.0198      13.71
product_class_facet_under_category_filter  category_leaf    Storage & Organization / Sto medium (101-1,000)          121        121    true     0.0031     0.9803     317.62
style_facet_under_category_filter          category_leaf    Storage & Organization / Sto medium (101-1,000)          121        121    true     0.0848     1.0162      11.99
sort_title_under_category_filter           category_leaf    Storage & Organization / Sto medium (101-1,000)           24         24    true     0.0131     2.7819     212.89
sort_rating_desc_under_category_filter     category_leaf    Storage & Organization / Sto medium (101-1,000)           24         24    true     0.0155     2.4863     160.39
deep_pagination_under_category_filter      category_leaf    Storage & Organization / Sto medium (101-1,000)           24         24    true     0.0001     2.7584   30014.80
category_render_filter_first_page          category_leaf    Furniture / Living Room Furn large (1,001-10,000)       1103       1103    true     0.0002     2.4531   10265.65
color_facet_under_category_filter          category_leaf    Furniture / Living Room Furn large (1,001-10,000)       1103       1103    true     0.6562     0.8623       1.31
product_class_facet_under_category_filter  category_leaf    Furniture / Living Room Furn large (1,001-10,000)       1103       1103    true     0.0347     0.9393      27.09
style_facet_under_category_filter          category_leaf    Furniture / Living Room Furn large (1,001-10,000)       1103       1103    true     0.8261     0.9358       1.13
sort_title_under_category_filter           category_leaf    Furniture / Living Room Furn large (1,001-10,000)         24         24    true     0.1130     1.8897      16.73
sort_rating_desc_under_category_filter     category_leaf    Furniture / Living Room Furn large (1,001-10,000)         24         24    true     0.3846     2.5974       6.75
deep_pagination_under_category_filter      category_leaf    Furniture / Living Room Furn large (1,001-10,000)         24         24    true     0.0002     2.7233   13036.56
subtree_browse_depth3_filter_first_page    category_depth_3 Outdoor / Outdoor Shades / O tiny (2-10)                   6          6    true     0.0003     2.0085    5869.89
mixed_color_facet_under_subtree_depth3     category_depth_3 Outdoor / Outdoor Shades / O tiny (2-10)                   6          6    true     0.0024     0.9334     381.93
subtree_browse_depth3_filter_first_page    category_depth_3 Furniture / Game Tables & Ga small (11-100)               25         25    true     0.0002     2.1045    8462.08
mixed_color_facet_under_subtree_depth3     category_depth_3 Furniture / Game Tables & Ga small (11-100)               25         25    true     0.0101     0.7228      71.35
subtree_browse_depth3_filter_first_page    category_depth_3 Baby & Kids / Nursery Beddin medium (101-1,000)          132        132    true     0.0002     2.3576   10006.91
mixed_color_facet_under_subtree_depth3     category_depth_3 Baby & Kids / Nursery Beddin medium (101-1,000)          132        132    true     0.1112     1.1960      10.76
subtree_browse_depth3_filter_first_page    category_depth_3 Furniture / Kitchen & Dining large (1,001-10,000)       1063       1063    true     0.0003     2.4577    8846.07
mixed_color_facet_under_subtree_depth3     category_depth_3 Furniture / Kitchen & Dining large (1,001-10,000)       1063       1063    true     0.8139     1.2361       1.52
color_facet_under_depth1_crossover_sweep   category_depth_1 Rugs                         large (1,001-10,000)       2002       2002    true     1.2215     1.2982       1.06
color_facet_ordinal_under_depth1_crossover_sweep category_depth_1 Rugs                         large (1,001-10,000)       2002       2002    true     0.0223     1.2982      58.14
color_facet_under_depth1_crossover_sweep   category_depth_1 Storage & Organization       large (1,001-10,000)       2175       2175    true     1.5625     1.4216       0.91
color_facet_ordinal_under_depth1_crossover_sweep category_depth_1 Storage & Organization       large (1,001-10,000)       2175       2175    true     0.0516     1.4216      27.53
color_facet_under_depth1_crossover_sweep   category_depth_1 Lighting                     large (1,001-10,000)       2072       2072    true     2.0126     1.4886       0.74
color_facet_ordinal_under_depth1_crossover_sweep category_depth_1 Lighting                     large (1,001-10,000)       2072       2072    true     0.0131     1.4886     113.83
color_facet_under_depth1_crossover_sweep   category_depth_1 Outdoor                      large (1,001-10,000)       3394       3394    true     2.7507     1.1639       0.42
color_facet_ordinal_under_depth1_crossover_sweep category_depth_1 Outdoor                      large (1,001-10,000)       3394       3394    true     0.0838     1.1639      13.89
color_facet_under_depth1_crossover_sweep   category_depth_1 Décor & Pillows              large (1,001-10,000)       4612       4612    true     4.8443     1.2856       0.27
color_facet_ordinal_under_depth1_crossover_sweep category_depth_1 Décor & Pillows              large (1,001-10,000)       4612       4612    true     0.2377     1.2856       5.41
color_facet_under_depth1_crossover_sweep   category_depth_1 Home Improvement             large (1,001-10,000)       4686       4686    true     3.9054     1.1399       0.29
color_facet_ordinal_under_depth1_crossover_sweep category_depth_1 Home Improvement             large (1,001-10,000)       4686       4686    true     0.0968     1.1399      11.78
color_facet_under_depth1_crossover_sweep   category_depth_1 Furniture                    huge (>10,000)            16039      16039    true    20.4896     1.3283       0.06
color_facet_ordinal_under_depth1_crossover_sweep category_depth_1 Furniture                    huge (>10,000)            16039      16039    true     0.2722     1.3283       4.88

correctness: 48/48 rows had matching native/Solr counts -- SEE MISMATCHES BELOW
  FACET MISMATCH product_class_under_category=Storage & Organization / Storage Containers & Drawers / All Storage Containers: native={"": 6, "Boxes, Bins, Baskets, & Buckets": 112, "Boxes, Bins, Baskets, & Buckets|Shoe Storage": 3} solr={"Boxes, Bins, Baskets, & Buckets": 112, "Boxes, Bins, Baskets, & Buckets|Shoe Storage": 3}
  FACET MISMATCH product_class_under_category=Furniture / Living Room Furniture / Chairs & Seating / Accent Chairs: native={"": 81, "Accent Chairs": 967, "Accent Chairs|Dining Chairs": 1, "Accent Chairs|Dining Chairs|Office Chairs": 1, "Accent Chairs|Office Chairs": 7, "Patio Lounge Chairs": 1, "Reception Seating Chairs|Accent Chairs": 23, "Teen Desk Chairs|Accent Chairs|Office Chairs": 1, "Teen Lounge Furniture|Accent Chairs": 20, "Teen Lounge Furniture|Futons": 1} solr={"Accent Chairs": 967, "Accent Chairs|Dining Chairs": 1, "Accent Chairs|Dining Chairs|Office Chairs": 1, "Accent Chairs|Office Chairs": 7, "Patio Lounge Chairs": 1, "Reception Seating Chairs|Accent Chairs": 23, "Teen Desk Chairs|Accent Chairs|Office Chairs": 1, "Teen Lounge Furniture|Accent Chairs": 20, "Teen Lounge Furniture|Futons": 1}

artifacts written to dataset_cache/p6a_e00_artifacts
