loading + ingesting real WANDS catalog...
42994 real products ingested
building commerce_core structural index...
checking Solr (http://localhost:8983/solr/wands_bench)...
  Solr reachable: numFound=42994

computing real category-leaf and per-depth group-size distributions...
  1623 distinct real leaf categories, 458 distinct real depth-3 subtrees

selected real leaf-category groups (category render workload):
  CategoryId(947) (Furniture / Kitchen & Dining Furniture / Kitchen Islands & Carts / Seating Kitchen Islands & Carts): 2 products [tiny (2-10)]
  CategoryId(693) (Storage & Organization / Closet Storage & Organization / Hangers): 13 products [small (11-100)]
  CategoryId(194) (Storage & Organization / Storage Containers & Drawers / All Storage Containers): 121 products [medium (101-1,000)]
  CategoryId(37) (Furniture / Living Room Furniture / Chairs & Seating / Accent Chairs): 1103 products [large (1,001-10,000)]
selected real depth-3 subtree groups (hierarchy/subtree-browse workload):
  "Décor & Pillows / Wall Décor / Stained Glass Panels": 6 products [tiny (2-10)]
  "Décor & Pillows / Flowers & Plants / Faux Plants": 25 products [small (11-100)]
  "Baby & Kids / Nursery Bedding / Crib Bedding Sets": 132 products [medium (101-1,000)]
  "Furniture / Kitchen & Dining Furniture / Bar Furniture": 1063 products [large (1,001-10,000)]

running depth-1 crossover-characterization sweep (color facet under filter):

=== P6A-E00 result ===
request class                              group            key                          bucket                  n_count    s_count   match  n_mean_ms  s_mean_ms    speedup
category_render_filter_first_page          category_leaf    Furniture / Kitchen & Dining tiny (2-10)                   2          2    true     0.0001     0.9324    9845.64
color_facet_under_category_filter          category_leaf    Furniture / Kitchen & Dining tiny (2-10)                   2          2    true     0.0011     0.7080     652.45
product_class_facet_under_category_filter  category_leaf    Furniture / Kitchen & Dining tiny (2-10)                   2          2    true     0.0001     0.6617    4546.96
style_facet_under_category_filter          category_leaf    Furniture / Kitchen & Dining tiny (2-10)                   2          2    true     0.0025     0.6960     282.99
sort_title_under_category_filter           category_leaf    Furniture / Kitchen & Dining tiny (2-10)                   2          2    true     0.0002     0.9672    4923.67
sort_rating_desc_under_category_filter     category_leaf    Furniture / Kitchen & Dining tiny (2-10)                   2          2    true     0.0004     0.9168    2371.53
category_render_filter_first_page          category_leaf    Storage & Organization / Clo small (11-100)               13         13    true     0.0001     1.5284   16552.97
color_facet_under_category_filter          category_leaf    Storage & Organization / Clo small (11-100)               13         13    true     0.0038     0.7037     184.03
product_class_facet_under_category_filter  category_leaf    Storage & Organization / Clo small (11-100)               13         13    true     0.0004     0.7171    2027.18
style_facet_under_category_filter          category_leaf    Storage & Organization / Clo small (11-100)               13         13    true     0.0046     0.6849     149.27
sort_title_under_category_filter           category_leaf    Storage & Organization / Clo small (11-100)               13         13    true     0.0010     1.7164    1761.72
sort_rating_desc_under_category_filter     category_leaf    Storage & Organization / Clo small (11-100)               13         13    true     0.0034     1.4948     438.95
category_render_filter_first_page          category_leaf    Storage & Organization / Sto medium (101-1,000)          121        121    true     0.0001     2.3115   24374.36
color_facet_under_category_filter          category_leaf    Storage & Organization / Sto medium (101-1,000)          121        121    true     0.0793     0.9224      11.64
product_class_facet_under_category_filter  category_leaf    Storage & Organization / Sto medium (101-1,000)          121        121    true     0.0036     0.6702     186.17
style_facet_under_category_filter          category_leaf    Storage & Organization / Sto medium (101-1,000)          121        121    true     0.0758     0.7195       9.50
sort_title_under_category_filter           category_leaf    Storage & Organization / Sto medium (101-1,000)           24         24    true     0.0231     2.8871     125.10
sort_rating_desc_under_category_filter     category_leaf    Storage & Organization / Sto medium (101-1,000)           24         24    true     0.0184     2.2925     124.88
deep_pagination_under_category_filter      category_leaf    Storage & Organization / Sto medium (101-1,000)           24         24    true     0.0001     2.1160   23100.54
category_render_filter_first_page          category_leaf    Furniture / Living Room Furn large (1,001-10,000)       1103       1103    true     0.0001     2.1888   18084.12
color_facet_under_category_filter          category_leaf    Furniture / Living Room Furn large (1,001-10,000)       1103       1103    true     0.6739     0.6713       1.00
product_class_facet_under_category_filter  category_leaf    Furniture / Living Room Furn large (1,001-10,000)       1103       1103    true     0.0318     0.6910      21.76
style_facet_under_category_filter          category_leaf    Furniture / Living Room Furn large (1,001-10,000)       1103       1103    true     0.6594     0.6685       1.01
sort_title_under_category_filter           category_leaf    Furniture / Living Room Furn large (1,001-10,000)         24         24    true     0.0928     1.5077      16.25
sort_rating_desc_under_category_filter     category_leaf    Furniture / Living Room Furn large (1,001-10,000)         24         24    true     0.2759     2.2134       8.02
deep_pagination_under_category_filter      category_leaf    Furniture / Living Room Furn large (1,001-10,000)         24         24    true     0.0001     2.3739   17580.24
subtree_browse_depth3_filter_first_page    category_depth_3 Décor & Pillows / Wall Décor tiny (2-10)                   6          6    true     0.0001     1.0447    7251.62
mixed_color_facet_under_subtree_depth3     category_depth_3 Décor & Pillows / Wall Décor tiny (2-10)                   6          6    true     0.0073     0.6624      90.61
subtree_browse_depth3_filter_first_page    category_depth_3 Décor & Pillows / Flowers &  small (11-100)               25         25    true     0.0001     1.9158   14893.75
mixed_color_facet_under_subtree_depth3     category_depth_3 Décor & Pillows / Flowers &  small (11-100)               25         25    true     0.0137     0.7751      56.77
subtree_browse_depth3_filter_first_page    category_depth_3 Baby & Kids / Nursery Beddin medium (101-1,000)          132        132    true     0.0001     2.2203   16519.83
mixed_color_facet_under_subtree_depth3     category_depth_3 Baby & Kids / Nursery Beddin medium (101-1,000)          132        132    true     0.0714     1.0243      14.35
subtree_browse_depth3_filter_first_page    category_depth_3 Furniture / Kitchen & Dining large (1,001-10,000)       1063       1063    true     0.0003     2.3174    6735.29
mixed_color_facet_under_subtree_depth3     category_depth_3 Furniture / Kitchen & Dining large (1,001-10,000)       1063       1063    true     0.8152     1.0818       1.33
color_facet_under_depth1_crossover_sweep   category_depth_1 Rugs                         large (1,001-10,000)       2002       2002    true     1.2871     1.2346       0.96
color_facet_ordinal_under_depth1_crossover_sweep category_depth_1 Rugs                         large (1,001-10,000)       2002       2002    true     0.0237     1.2346      52.10
color_facet_under_depth1_crossover_sweep   category_depth_1 Storage & Organization       large (1,001-10,000)       2175       2175    true     1.6522     1.0542       0.64
color_facet_ordinal_under_depth1_crossover_sweep category_depth_1 Storage & Organization       large (1,001-10,000)       2175       2175    true     0.0408     1.0542      25.86
color_facet_under_depth1_crossover_sweep   category_depth_1 Lighting                     large (1,001-10,000)       2072       2072    true     1.3698     1.0103       0.74
color_facet_ordinal_under_depth1_crossover_sweep category_depth_1 Lighting                     large (1,001-10,000)       2072       2072    true     0.0180     1.0103      56.25
color_facet_under_depth1_crossover_sweep   category_depth_1 Outdoor                      large (1,001-10,000)       3394       3394    true     2.6773     1.9568       0.73
color_facet_ordinal_under_depth1_crossover_sweep category_depth_1 Outdoor                      large (1,001-10,000)       3394       3394    true     0.0764     1.9568      25.63
color_facet_under_depth1_crossover_sweep   category_depth_1 Décor & Pillows              large (1,001-10,000)       4612       4612    true     4.1567     1.3641       0.33
color_facet_ordinal_under_depth1_crossover_sweep category_depth_1 Décor & Pillows              large (1,001-10,000)       4612       4612    true     0.2027     1.3641       6.73
color_facet_under_depth1_crossover_sweep   category_depth_1 Home Improvement             large (1,001-10,000)       4686       4686    true     3.4590     1.0686       0.31
color_facet_ordinal_under_depth1_crossover_sweep category_depth_1 Home Improvement             large (1,001-10,000)       4686       4686    true     0.0863     1.0686      12.39
color_facet_under_depth1_crossover_sweep   category_depth_1 Furniture                    huge (>10,000)            16039      16039    true    18.3565     1.2157       0.07
color_facet_ordinal_under_depth1_crossover_sweep category_depth_1 Furniture                    huge (>10,000)            16039      16039    true     0.2440     1.2157       4.98

correctness: 48/48 rows had matching native/Solr counts -- SEE MISMATCHES BELOW
  FACET MISMATCH product_class_under_category=Storage & Organization / Storage Containers & Drawers / All Storage Containers: native={"": 6, "Boxes, Bins, Baskets, & Buckets": 112, "Boxes, Bins, Baskets, & Buckets|Shoe Storage": 3} solr={"Boxes, Bins, Baskets, & Buckets": 112, "Boxes, Bins, Baskets, & Buckets|Shoe Storage": 3}
  FACET MISMATCH product_class_under_category=Furniture / Living Room Furniture / Chairs & Seating / Accent Chairs: native={"": 81, "Accent Chairs": 967, "Accent Chairs|Dining Chairs": 1, "Accent Chairs|Dining Chairs|Office Chairs": 1, "Accent Chairs|Office Chairs": 7, "Patio Lounge Chairs": 1, "Reception Seating Chairs|Accent Chairs": 23, "Teen Desk Chairs|Accent Chairs|Office Chairs": 1, "Teen Lounge Furniture|Accent Chairs": 20, "Teen Lounge Furniture|Futons": 1} solr={"Accent Chairs": 967, "Accent Chairs|Dining Chairs": 1, "Accent Chairs|Dining Chairs|Office Chairs": 1, "Accent Chairs|Office Chairs": 7, "Patio Lounge Chairs": 1, "Reception Seating Chairs|Accent Chairs": 23, "Teen Desk Chairs|Accent Chairs|Office Chairs": 1, "Teen Lounge Furniture|Accent Chairs": 20, "Teen Lounge Furniture|Futons": 1}

artifacts written to dataset_cache/p6a_e00_artifacts
