loading + ingesting real WANDS catalog...
42994 real products ingested
building commerce_core structural index...
checking Solr (http://localhost:8983/solr/wands_bench)...
  Solr reachable: numFound=42994

computing real category-leaf and per-depth group-size distributions...
  1623 distinct real leaf categories, 458 distinct real depth-3 subtrees

selected real leaf-category groups (category render workload):
  CategoryId(817) (Furniture / Living Room Furniture / Chairs & Seating / Accent Chairs / Parsons Accent Chairs): 2 products [tiny (2-10)]
  CategoryId(916) (Kitchen & Tabletop / Tableware & Drinkware / Serveware / Serving Bowls & Baskets / Serving Bowls / NA Serving Bowls): 13 products [small (11-100)]
  CategoryId(194) (Storage & Organization / Storage Containers & Drawers / All Storage Containers): 121 products [medium (101-1,000)]
  CategoryId(37) (Furniture / Living Room Furniture / Chairs & Seating / Accent Chairs): 1103 products [large (1,001-10,000)]
selected real depth-3 subtree groups (hierarchy/subtree-browse workload):
  "Outdoor / Hot Tubs & Saunas / Sauna Accessories": 6 products [tiny (2-10)]
  "Kitchen & Tabletop / Kitchen Organization / Cabinet & Pantry Organization": 25 products [small (11-100)]
  "Baby & Kids / Nursery Bedding / Crib Bedding Sets": 132 products [medium (101-1,000)]
  "Furniture / Kitchen & Dining Furniture / Bar Furniture": 1063 products [large (1,001-10,000)]

running depth-1 crossover-characterization sweep (color facet under filter):

=== P6A-E00 result ===
request class                              group            key                          bucket                  n_count    s_count   match  n_mean_ms  s_mean_ms    speedup
category_render_filter_first_page          category_leaf    Furniture / Living Room Furn tiny (2-10)                   2          2    true     0.0001     1.0146   11884.70
color_facet_under_category_filter          category_leaf    Furniture / Living Room Furn tiny (2-10)                   2          2    true     0.0011     0.6968     633.65
product_class_facet_under_category_filter  category_leaf    Furniture / Living Room Furn tiny (2-10)                   2          2    true     0.0002     0.7993    3766.09
style_facet_under_category_filter          category_leaf    Furniture / Living Room Furn tiny (2-10)                   2          2    true     0.0012     0.7274     619.80
sort_title_under_category_filter           category_leaf    Furniture / Living Room Furn tiny (2-10)                   2          2    true     0.0002     1.0581    5423.50
sort_rating_desc_under_category_filter     category_leaf    Furniture / Living Room Furn tiny (2-10)                   2          2    true     0.0003     1.0397    3150.64
category_render_filter_first_page          category_leaf    Kitchen & Tabletop / Tablewa small (11-100)               13         13    true     0.0001     1.7216   19379.72
color_facet_under_category_filter          category_leaf    Kitchen & Tabletop / Tablewa small (11-100)               13         13    true     0.0091     0.7313      80.24
product_class_facet_under_category_filter  category_leaf    Kitchen & Tabletop / Tablewa small (11-100)               13         13    true     0.0004     1.1854    3047.90
style_facet_under_category_filter          category_leaf    Kitchen & Tabletop / Tablewa small (11-100)               13         13    true     0.0105     0.7562      71.92
sort_title_under_category_filter           category_leaf    Kitchen & Tabletop / Tablewa small (11-100)               13         13    true     0.0008     1.8099    2147.67
sort_rating_desc_under_category_filter     category_leaf    Kitchen & Tabletop / Tablewa small (11-100)               13         13    true     0.0010     1.9149    1952.21
category_render_filter_first_page          category_leaf    Storage & Organization / Sto medium (101-1,000)          121        121    true     0.0001     2.3148   26989.54
color_facet_under_category_filter          category_leaf    Storage & Organization / Sto medium (101-1,000)          121        121    true     0.0760     1.0395      13.68
product_class_facet_under_category_filter  category_leaf    Storage & Organization / Sto medium (101-1,000)          121        121    true     0.0031     0.7169     229.00
style_facet_under_category_filter          category_leaf    Storage & Organization / Sto medium (101-1,000)          121        121    true     0.0730     0.7287       9.98
sort_title_under_category_filter           category_leaf    Storage & Organization / Sto medium (101-1,000)           24         24    true     0.0136     2.7727     204.53
sort_rating_desc_under_category_filter     category_leaf    Storage & Organization / Sto medium (101-1,000)           24         24    true     0.0153     2.3477     153.07
deep_pagination_under_category_filter      category_leaf    Storage & Organization / Sto medium (101-1,000)           24         24    true     0.0001     2.3262   26156.42
category_render_filter_first_page          category_leaf    Furniture / Living Room Furn large (1,001-10,000)       1103       1103    true     0.0002     2.2472   10222.19
color_facet_under_category_filter          category_leaf    Furniture / Living Room Furn large (1,001-10,000)       1103       1103    true     0.6178     0.7000       1.13
product_class_facet_under_category_filter  category_leaf    Furniture / Living Room Furn large (1,001-10,000)       1103       1103    true     0.0313     0.7478      23.89
style_facet_under_category_filter          category_leaf    Furniture / Living Room Furn large (1,001-10,000)       1103       1103    true     0.6990     0.7745       1.11
sort_title_under_category_filter           category_leaf    Furniture / Living Room Furn large (1,001-10,000)         24         24    true     0.0929     1.7070      18.37
sort_rating_desc_under_category_filter     category_leaf    Furniture / Living Room Furn large (1,001-10,000)         24         24    true     0.3020     2.3859       7.90
deep_pagination_under_category_filter      category_leaf    Furniture / Living Room Furn large (1,001-10,000)         24         24    true     0.0004     2.4339    5622.74
subtree_browse_depth3_filter_first_page    category_depth_3 Outdoor / Hot Tubs & Saunas  tiny (2-10)                   6          6    true     0.0001     1.2387    9234.67
mixed_color_facet_under_subtree_depth3     category_depth_3 Outdoor / Hot Tubs & Saunas  tiny (2-10)                   6          6    true     0.0039     0.7690     197.56
subtree_browse_depth3_filter_first_page    category_depth_3 Kitchen & Tabletop / Kitchen small (11-100)               25         25    true     0.0002     2.8027   11533.94
mixed_color_facet_under_subtree_depth3     category_depth_3 Kitchen & Tabletop / Kitchen small (11-100)               25         25    true     0.0189     0.7249      38.26
subtree_browse_depth3_filter_first_page    category_depth_3 Baby & Kids / Nursery Beddin medium (101-1,000)          132        132    true     0.0001     2.4050   18051.26
mixed_color_facet_under_subtree_depth3     category_depth_3 Baby & Kids / Nursery Beddin medium (101-1,000)          132        132    true     0.0723     1.1214      15.52
subtree_browse_depth3_filter_first_page    category_depth_3 Furniture / Kitchen & Dining large (1,001-10,000)       1063       1063    true     0.0004     2.5103    6071.37
mixed_color_facet_under_subtree_depth3     category_depth_3 Furniture / Kitchen & Dining large (1,001-10,000)       1063       1063    true     0.8382     1.0945       1.31
color_facet_under_depth1_crossover_sweep   category_depth_1 Rugs                         large (1,001-10,000)       2002       2002    true     1.3279     1.1235       0.85
color_facet_ordinal_under_depth1_crossover_sweep category_depth_1 Rugs                         large (1,001-10,000)       2002       2002    true     0.0234     1.1235      47.98
color_facet_under_depth1_crossover_sweep   category_depth_1 Storage & Organization       large (1,001-10,000)       2175       2175    true     1.5770     1.1411       0.72
color_facet_ordinal_under_depth1_crossover_sweep category_depth_1 Storage & Organization       large (1,001-10,000)       2175       2175    true     0.0252     1.1411      45.30
color_facet_under_depth1_crossover_sweep   category_depth_1 Lighting                     large (1,001-10,000)       2072       2072    true     1.2950     1.0836       0.84
color_facet_ordinal_under_depth1_crossover_sweep category_depth_1 Lighting                     large (1,001-10,000)       2072       2072    true     0.0160     1.0836      67.93
color_facet_under_depth1_crossover_sweep   category_depth_1 Outdoor                      large (1,001-10,000)       3394       3394    true     2.7097     1.1890       0.44
color_facet_ordinal_under_depth1_crossover_sweep category_depth_1 Outdoor                      large (1,001-10,000)       3394       3394    true     0.0836     1.1890      14.23
color_facet_under_depth1_crossover_sweep   category_depth_1 Décor & Pillows              large (1,001-10,000)       4612       4612    true     4.7975     1.1985       0.25
color_facet_ordinal_under_depth1_crossover_sweep category_depth_1 Décor & Pillows              large (1,001-10,000)       4612       4612    true     0.1991     1.1985       6.02
color_facet_under_depth1_crossover_sweep   category_depth_1 Home Improvement             large (1,001-10,000)       4686       4686    true     4.5376     1.1491       0.25
color_facet_ordinal_under_depth1_crossover_sweep category_depth_1 Home Improvement             large (1,001-10,000)       4686       4686    true     0.0862     1.1491      13.32
color_facet_under_depth1_crossover_sweep   category_depth_1 Furniture                    huge (>10,000)            16039      16039    true    18.3061     1.2702       0.07
color_facet_ordinal_under_depth1_crossover_sweep category_depth_1 Furniture                    huge (>10,000)            16039      16039    true     0.2457     1.2702       5.17

correctness: 48/48 rows had matching native/Solr counts -- SEE MISMATCHES BELOW
  FACET MISMATCH product_class_under_category=Storage & Organization / Storage Containers & Drawers / All Storage Containers: native={"": 6, "Boxes, Bins, Baskets, & Buckets": 112, "Boxes, Bins, Baskets, & Buckets|Shoe Storage": 3} solr={"Boxes, Bins, Baskets, & Buckets": 112, "Boxes, Bins, Baskets, & Buckets|Shoe Storage": 3}
  FACET MISMATCH product_class_under_category=Furniture / Living Room Furniture / Chairs & Seating / Accent Chairs: native={"": 81, "Accent Chairs": 967, "Accent Chairs|Dining Chairs": 1, "Accent Chairs|Dining Chairs|Office Chairs": 1, "Accent Chairs|Office Chairs": 7, "Patio Lounge Chairs": 1, "Reception Seating Chairs|Accent Chairs": 23, "Teen Desk Chairs|Accent Chairs|Office Chairs": 1, "Teen Lounge Furniture|Accent Chairs": 20, "Teen Lounge Furniture|Futons": 1} solr={"Accent Chairs": 967, "Accent Chairs|Dining Chairs": 1, "Accent Chairs|Dining Chairs|Office Chairs": 1, "Accent Chairs|Office Chairs": 7, "Patio Lounge Chairs": 1, "Reception Seating Chairs|Accent Chairs": 23, "Teen Desk Chairs|Accent Chairs|Office Chairs": 1, "Teen Lounge Furniture|Accent Chairs": 20, "Teen Lounge Furniture|Futons": 1}

artifacts written to dataset_cache/p6a_e00_artifacts
