descend b0 mem primary t100 heap3g 12 S1=FAIL S2=PASS mode=latency
descend b0 mem primary t100 heap3g 8 S1=FAIL S2=PASS mode=latency
descend b0 mem primary t100 heap3g 7 S1=FAIL S2=PASS mode=latency
descend b0 mem primary t100 heap3g 6 S1=FAIL S2=PASS mode=latency
descend b0 mem primary t100 heap3g 5 S1=FAIL S2=PASS mode=latency
descend b0 mem primary t100 heap3g 4 S1=FAIL S2=PASS mode=latency
descend b0 mem primary t100 heap3g 3 S1=FAIL S2=FAIL mode=oom
descend h1 mem primary t100 heap3g 12 S1=PASS S2=PASS mode=none
descend h1 mem primary t100 heap3g 8 S1=PASS S2=PASS mode=none
descend h1 mem primary t100 heap3g 7 S1=FAIL S2=FAIL mode=oom
descend h1 mem primary t100 heap1g 12 S1=PASS S2=PASS mode=none
descend h1 mem primary t100 heap1g 8 S1=PASS S2=PASS mode=none
descend h1 mem primary t100 heap1g 7 S1=PASS S2=PASS mode=none
descend h1 mem primary t100 heap1g 6 S1=PASS S2=PASS mode=none
descend h1 mem primary t100 heap1g 5 S1=FAIL S2=FAIL mode=oom
descend b0 mem primary t100 heap1g 12 S1=FAIL S2=PASS mode=latency
descend b0 mem primary t100 heap1g 8 S1=FAIL S2=PASS mode=latency
descend b0 mem primary t100 heap1g 7 S1=FAIL S2=PASS mode=latency
descend b0 mem primary t100 heap1g 6 S1=FAIL S2=PASS mode=latency
descend b0 mem primary t100 heap1g 5 S1=FAIL S2=PASS mode=latency
descend b0 mem primary t100 heap1g 4 S1=FAIL S2=PASS mode=latency
descend b0 mem primary t100 heap1g 3 S1=FAIL S2=PASS mode=latency
descend b0 mem primary t100 heap1g 2 S1=FAIL S2=PASS mode=latency
descend b0 mem primary t100 heap1g 1.5 S1=FAIL S2=PASS mode=latency
descend b0 mem primary t100 heap1g 1 S1=FAIL S2=FAIL mode=oom
descend b0 mem primary t100 heap512m 12 S1=FAIL S2=PASS mode=latency
descend b0 mem primary t100 heap512m 8 S1=FAIL S2=PASS mode=latency
descend b0 mem primary t100 heap512m 7 S1=FAIL S2=PASS mode=latency
descend b0 mem primary t100 heap512m 6 S1=FAIL S2=PASS mode=latency
descend b0 mem primary t100 heap512m 5 S1=FAIL S2=PASS mode=latency
descend b0 mem primary t100 heap512m 4 S1=FAIL S2=PASS mode=latency
descend b0 mem primary t100 heap512m 3 S1=FAIL S2=PASS mode=latency
descend b0 mem primary t100 heap512m 2 S1=FAIL S2=PASS mode=latency
descend b0 mem primary t100 heap512m 1.5 S1=FAIL S2=PASS mode=latency
descend b0 mem primary t100 heap512m 1 S1=FAIL S2=PASS mode=latency
descend h1 mem primary t100 heap512m 12 S1=PASS S2=PASS mode=none
descend h1 mem primary t100 heap512m 8 S1=PASS S2=PASS mode=none
descend h1 mem primary t100 heap512m 7 S1=PASS S2=PASS mode=none
descend h1 mem primary t100 heap512m 6 S1=PASS S2=PASS mode=none
descend h1 mem primary t100 heap512m 5 S1=PASS S2=PASS mode=none
descend h1 mem primary t100 heap512m 4 S1=FAIL S2=FAIL mode=oom
