    Finished `release` profile [optimized] target(s) in 0.09s
     Running `target/release/p3e10_three_way_combined_frontier`
loading whole-corpus Solr baseline from "docs/research/artifacts/p3e06_run1/whole_corpus_solr_ndcg.csv"...
  22458 queries loaded; whole-workload pure-Solr-only baseline NDCG@10: 0.2335
loading structural admit()-eligible population from "docs/research/artifacts/p3e02_run1/eligible_queries_raw.csv"...
  185 structurally eligible queries
loading structurally-anchored lexical eligible population from "docs/research/artifacts/p3e05_run1/eligible_queries_raw.csv"...
  1557 anchored-lexical eligible queries
deriving single-token pure-lexical eligible population from "docs/research/artifacts/p3e03_run1/eligible_queries_raw.csv" (same filter P3-E08/P3-E09 used: residual_token_count==1, excluding anchored qids)...
  824 single-token pure-lexical eligible queries

disjointness check across all three eligible populations...
  structural x anchored overlap: 0, structural x single-token overlap: 0, anchored x single-token overlap: 0
  confirmed: all three populations are pairwise disjoint

=== P3-E10 three-way combined safe-offload Pareto frontier ===
   s_cap    a_cap      t_cap structural   anchored single_tok     cov%   whole_ndcg     degrad
      50        1         20         82        240        279    2.68%       0.2313    +0.0022
      50        1     200000         82        240        823    5.10%       0.2282    +0.0053
      50       20         20         82       1110        279    6.55%       0.2281    +0.0054
      50       20     200000         82       1110        823    8.97%       0.2250    +0.0085
     250        1         20        164        240        279    3.04%       0.2310    +0.0025
     250        1     200000        164        240        823    5.46%       0.2279    +0.0056
     250       20         20        164       1110        279    6.92%       0.2278    +0.0057
     250       20     200000        164       1110        823    9.34%       0.2247    +0.0088

artifacts written to dataset_cache/p3e10_artifacts
