loading COMPILED implication table from "docs/research/artifacts/p4e01_run1/rule_report_loose_threshold.csv" (no title index, no candidate generation, no replay)...
  108 promoted rules loaded
loading + ingesting real catalog...
1215854 real products ingested
building commerce_core structural index...
loading persisted whole-corpus Solr baseline from "docs/research/artifacts/p3e06_run1/whole_corpus_solr_ndcg.csv"...
  22458 queries loaded; whole-workload pure-Solr-only baseline NDCG@10: 0.2335
loading real queries + judgments...

computing baseline admission (P3-E16's own promoted <=2.0%-budget point: structural<=2, anchored<=20, single_token<=10)...
  1303 baseline-admitted, 21155 baseline-rejected

REPRODUCIBILITY CHECK: applying the compiled table (loaded from disk, no live recomputation) to every baseline-rejected query...
  implications newly admitted: 85 (0.38% of whole corpus)
  native NDCG (mean): 0.5769  Solr NDCG (mean, same subset): 0.6841  false positives: 0/85
  (P4-E01's own live-pipeline result: 85 admitted, 0.38% coverage, 0 false positives -- match: true)

DISJOINTNESS CHECK: verifying implication-admitted queries never overlap baseline-admitted queries...
  overlap: 0 (must be 0 by construction -- implications only ever applied to baseline-rejected queries)
  confirmed: 0 overlap
  whole-workload degradation: 0.0050 (2.16% relative)

NATIVE LATENCY, isolated: apply_implications ALONE (no admission, no execution), 30 reps over 20 sampled queries...
  600 samples: mean=0.0006ms  p99=0.0032ms -- the enrichment step itself is a pure in-memory phrase-window/hashmap lookup, consistent with the tiny magnitude expected

NATIVE LATENCY, full path: apply_implications + admission + execution, 30 reps over 20 sampled admitted queries...
  600 samples: mean=0.0504ms  p50=0.0367ms  p99=0.1946ms
  candidate-set sizes for this sample: [6, 1, 5, 14, 7, 8, 8, 4, 13, 14, 10, 3, 6, 5, 5, 3, 2, 4, 15, 8] -- comparably small to P3-E02/E05's own <=10-candidate latency sample, so candidate-set size alone does NOT explain the 79x gap between the isolated enrichment cost above (~0.0006ms) and this full-path number. Stated honestly rather than guessed at: this experiment did not isolate how much of the remainder is `admit_structurally_anchored_lexical`'s own lexical-narrowing execution path (two index lookups plus a bitmap intersection plus a re-verification pass, never itself benchmarked at this fine a grain in Phase 3) versus measurement overhead from this loop's own repeated `.clone()`/allocation. The one claim this experiment DOES support directly: `apply_implications` itself is not the cost driver -- it is a negligible fraction of the full-path latency either way.
