EQUIVALENT solr i64_s0_color: num_found Some(515928)/515928 facets_exact=true id_only=true requests=Some(1)
EQUIVALENT solr i64_s0_k0: num_found Some(515928)/515928 facets_exact=true id_only=true requests=Some(1)
EQUIVALENT solr i64_s0_k1: num_found Some(515928)/515928 facets_exact=true id_only=true requests=Some(1)
EQUIVALENT solr i64_s0_k11: num_found Some(515928)/515928 facets_exact=true id_only=true requests=Some(1)
EQUIVALENT solr i64_s0_k3: num_found Some(515928)/515928 facets_exact=true id_only=true requests=Some(1)
EQUIVALENT solr i64_s0_k5: num_found Some(515928)/515928 facets_exact=true id_only=true requests=Some(1)
EQUIVALENT solr i64_s0_k8: num_found Some(515928)/515928 facets_exact=true id_only=true requests=Some(1)
EQUIVALENT solr i64_s1_color: num_found Some(192468)/192468 facets_exact=true id_only=true requests=Some(1)
EQUIVALENT solr i64_s1_k0: num_found Some(192468)/192468 facets_exact=true id_only=true requests=Some(1)
EQUIVALENT solr i64_s1_k1: num_found Some(192468)/192468 facets_exact=true id_only=true requests=Some(1)
EQUIVALENT solr i64_s1_k10: num_found Some(192468)/192468 facets_exact=true id_only=true requests=Some(1)
EQUIVALENT solr i64_s1_k3: num_found Some(192468)/192468 facets_exact=true id_only=true requests=Some(1)
EQUIVALENT solr i64_s1_k5: num_found Some(192468)/192468 facets_exact=true id_only=true requests=Some(1)
EQUIVALENT solr i64_s1_k8: num_found Some(192468)/192468 facets_exact=true id_only=true requests=Some(1)
EQUIVALENT solr i64_s2_color: num_found Some(55344)/55344 facets_exact=true id_only=true requests=Some(1)
EQUIVALENT solr i64_s2_k0: num_found Some(55344)/55344 facets_exact=true id_only=true requests=Some(1)
EQUIVALENT solr i64_s2_k1: num_found Some(55344)/55344 facets_exact=true id_only=true requests=Some(1)
EQUIVALENT solr i64_s2_k10: num_found Some(55344)/55344 facets_exact=true id_only=true requests=Some(1)
EQUIVALENT solr i64_s2_k3: num_found Some(55344)/55344 facets_exact=true id_only=true requests=Some(1)
EQUIVALENT solr i64_s2_k5: num_found Some(55344)/55344 facets_exact=true id_only=true requests=Some(1)
EQUIVALENT solr i64_s2_k5_style1: num_found Some(11484)/11484 facets_exact=true id_only=true requests=Some(1)
EQUIVALENT solr i64_s2_k5_style2: num_found Some(16044)/16044 facets_exact=true id_only=true requests=Some(1)
EQUIVALENT solr i64_s2_k8: num_found Some(55344)/55344 facets_exact=true id_only=true requests=Some(1)
EQUIVALENT solr i64_s3_color: num_found Some(14472)/14472 facets_exact=true id_only=true requests=Some(1)
EQUIVALENT solr i64_s3_k0: num_found Some(14472)/14472 facets_exact=true id_only=true requests=Some(1)
EQUIVALENT solr i64_s3_k1: num_found Some(14472)/14472 facets_exact=true id_only=true requests=Some(1)
EQUIVALENT solr i64_s3_k3: num_found Some(14472)/14472 facets_exact=true id_only=true requests=Some(1)
EQUIVALENT solr i64_s3_k5: num_found Some(14472)/14472 facets_exact=true id_only=true requests=Some(1)
EQUIVALENT solr i64_s3_k5_style1: num_found Some(240)/240 facets_exact=true id_only=true requests=Some(1)
EQUIVALENT solr i64_s3_k5_style2: num_found Some(468)/468 facets_exact=true id_only=true requests=Some(1)
EQUIVALENT solr i64_s3_k8: num_found Some(14472)/14472 facets_exact=true id_only=true requests=Some(1)
EQUIVALENT solr i64_s3_k9: num_found Some(14472)/14472 facets_exact=true id_only=true requests=Some(1)
EQUIVALENT solr i64_s4_color: num_found Some(3024)/3024 facets_exact=true id_only=true requests=Some(1)
EQUIVALENT solr i64_s4_k0: num_found Some(3024)/3024 facets_exact=true id_only=true requests=Some(1)
EQUIVALENT solr i64_s4_k1: num_found Some(3024)/3024 facets_exact=true id_only=true requests=Some(1)
EQUIVALENT solr i64_s4_k3: num_found Some(3024)/3024 facets_exact=true id_only=true requests=Some(1)
EQUIVALENT solr i64_s4_k5: num_found Some(3024)/3024 facets_exact=true id_only=true requests=Some(1)
EQUIVALENT solr i64_s4_k8: num_found Some(3024)/3024 facets_exact=true id_only=true requests=Some(1)
EQUIVALENT solr i64_s5_color: num_found Some(600)/600 facets_exact=true id_only=true requests=Some(1)
EQUIVALENT solr i64_s5_k0: num_found Some(600)/600 facets_exact=true id_only=true requests=Some(1)
EQUIVALENT solr i64_s5_k1: num_found Some(600)/600 facets_exact=true id_only=true requests=Some(1)
EQUIVALENT solr i64_s5_k3: num_found Some(600)/600 facets_exact=true id_only=true requests=Some(1)
EQUIVALENT solr i64_s5_k5: num_found Some(600)/600 facets_exact=true id_only=true requests=Some(1)
EQUIVALENT solr i64_s5_k8: num_found Some(600)/600 facets_exact=true id_only=true requests=Some(1)
I63_EQUIVALENCE all_equivalent=true
equivalence_exit=0 run=3 arm=solr
