loading + ingesting real catalog...
1215854 real products ingested
building commerce_core structural index...
building real title-only Tantivy index for candidate proposal...
  built in 4.1s
loading persisted whole-corpus Solr baseline from "docs/research/artifacts/p3e06_run1/whole_corpus_solr_ndcg.csv"...
  22458 queries loaded; whole-workload pure-Solr-only baseline NDCG@10: 0.2335
loading real queries + judgments...

compiling every query and computing baseline admission (fixed caps: structural<=2, anchored<=20, single_token<=10)...
  1303 baseline-admitted, 21155 baseline-rejected (of 22458 judged-with-relevant, Solr-covered queries)

PROPOSE: scanning baseline-rejected queries' raw text for 2-3-word windows, deduplicating by phrase...
  74305 unique 2-3-word phrases found
  314 candidate rules generated (purity>=0.9, occurrence>=20)

REPLAY: validating each candidate rule independently against the queries it would match...
  16/314 candidate rules PROMOTED

COMBINED measurement: applying every promoted rule together (cross-trigger abstention exercised)...

=== P4-E01 combined result ===
  implications newly admitted: 17/22458 (0.08% of whole corpus)
  native NDCG (implication-admitted, mean): 0.4411
  Solr NDCG (same admitted subset, mean):   0.6050
  false positives: 0/17 (0.00%)
  whole-workload NDCG@10: 0.2288 (pure-Solr-only baseline: 0.2335)
  whole-workload degradation: 0.0048 (2.04% relative)
  clears <=0% budget: false
  clears <=0.5% budget: false
  clears <=1% budget: false
  clears <=2% budget: false

artifacts written to dataset_cache/p4e01_artifacts
