EQUIVALENT meilisearch facet_disjunctive_multi_dim: num_found Some(16332)/16332 facets_exact=true id_only=true requests=Some(2)
EQUIVALENT meilisearch facet_high_cardinality_color: num_found Some(515928)/515928 facets_exact=true id_only=true requests=Some(1)
EQUIVALENT meilisearch facet_low_cardinality_style: num_found Some(515928)/515928 facets_exact=true id_only=true requests=Some(1)
EQUIVALENT meilisearch facet_medium_cardinality_primarymaterial: num_found Some(515928)/515928 facets_exact=true id_only=true requests=Some(1)
EQUIVALENT meilisearch filter_depth_1: num_found Some(17256)/17256 facets_exact=true id_only=true requests=Some(1)
EQUIVALENT meilisearch filter_depth_3: num_found Some(36)/36 facets_exact=true id_only=true requests=Some(1)
EQUIVALENT meilisearch filter_depth_5: num_found Some(12)/12 facets_exact=true id_only=true requests=Some(1)
EQUIVALENT meilisearch numeric_range_sort: num_found Some(383604)/383604 facets_exact=true id_only=true requests=Some(1)
EQUIVALENT native:hybrid-hybrid-p0r facet_disjunctive_multi_dim: num_found Some(16332)/16332 facets_exact=true id_only=true requests=Some(1)
EQUIVALENT native:hybrid-hybrid facet_disjunctive_multi_dim: num_found Some(16332)/16332 facets_exact=true id_only=true requests=Some(1)
EQUIVALENT native:hybrid-hybrid-p0r facet_high_cardinality_color: num_found Some(515928)/515928 facets_exact=true id_only=true requests=Some(1)
EQUIVALENT native:hybrid-hybrid facet_high_cardinality_color: num_found Some(515928)/515928 facets_exact=true id_only=true requests=Some(1)
EQUIVALENT native:hybrid-hybrid-p0r facet_low_cardinality_style: num_found Some(515928)/515928 facets_exact=true id_only=true requests=Some(1)
EQUIVALENT native:hybrid-hybrid facet_low_cardinality_style: num_found Some(515928)/515928 facets_exact=true id_only=true requests=Some(1)
EQUIVALENT native:hybrid-hybrid-p0r facet_medium_cardinality_primarymaterial: num_found Some(515928)/515928 facets_exact=true id_only=true requests=Some(1)
EQUIVALENT native:hybrid-hybrid facet_medium_cardinality_primarymaterial: num_found Some(515928)/515928 facets_exact=true id_only=true requests=Some(1)
EQUIVALENT native:hybrid-hybrid-p0r filter_depth_1: num_found Some(17256)/17256 facets_exact=true id_only=true requests=Some(1)
EQUIVALENT native:hybrid-hybrid filter_depth_1: num_found Some(17256)/17256 facets_exact=true id_only=true requests=Some(1)
EQUIVALENT native:hybrid-hybrid-p0r filter_depth_3: num_found Some(36)/36 facets_exact=true id_only=true requests=Some(1)
EQUIVALENT native:hybrid-hybrid filter_depth_3: num_found Some(36)/36 facets_exact=true id_only=true requests=Some(1)
EQUIVALENT native:hybrid-hybrid-p0r filter_depth_5: num_found Some(12)/12 facets_exact=true id_only=true requests=Some(1)
EQUIVALENT native:hybrid-hybrid filter_depth_5: num_found Some(12)/12 facets_exact=true id_only=true requests=Some(1)
EQUIVALENT native:hybrid-hybrid-p0r numeric_range_sort: num_found Some(383604)/383604 facets_exact=true id_only=true requests=Some(1)
EQUIVALENT native:hybrid-hybrid numeric_range_sort: num_found Some(383604)/383604 facets_exact=true id_only=true requests=Some(1)
EQUIVALENT solr facet_disjunctive_multi_dim: num_found Some(16332)/16332 facets_exact=true id_only=true requests=Some(1)
EQUIVALENT solr facet_high_cardinality_color: num_found Some(515928)/515928 facets_exact=true id_only=true requests=Some(1)
EQUIVALENT solr facet_low_cardinality_style: num_found Some(515928)/515928 facets_exact=true id_only=true requests=Some(1)
EQUIVALENT solr facet_medium_cardinality_primarymaterial: num_found Some(515928)/515928 facets_exact=true id_only=true requests=Some(1)
EQUIVALENT solr filter_depth_1: num_found Some(17256)/17256 facets_exact=true id_only=true requests=Some(1)
EQUIVALENT solr filter_depth_3: num_found Some(36)/36 facets_exact=true id_only=true requests=Some(1)
EQUIVALENT solr filter_depth_5: num_found Some(12)/12 facets_exact=true id_only=true requests=Some(1)
EQUIVALENT solr numeric_range_sort: num_found Some(383604)/383604 facets_exact=true id_only=true requests=Some(1)
I63_EQUIVALENCE all_equivalent=true
equivalence_exit=0
