=== 2026-09-30T15:26:51Z provision solr (fresh index) for b0 ===
cpu_confirm b0_cpu_primary_t50_h3g_1.5 run1 cores=1.5 mem=12 heap=3g S1=FAIL S2=PASS mode=latency
=== 2026-09-30T15:38:51Z provision solr (fresh index) for h1 ===
cpu_confirm h1_cpu_primary_t50_h3g_0.75 run1 cores=0.75 mem=12 heap=3g S1=FAIL S2=PASS mode=latency_throttled
=== 2026-09-30T15:51:57Z provision solr (fresh index) for h1 ===
cpu_confirm h1_cpu_primary_t50_h3g_0.5 run1 cores=0.5 mem=12 heap=3g S1=FAIL S2=FAIL mode=latency_throttled
=== 2026-09-30T16:05:10Z provision solr (fresh index) for b0 ===
cpu_confirm b0_cpu_primary_t100_h3g_2 run1 cores=2 mem=12 heap=3g S1=FAIL S2=PASS mode=latency_throttled
=== 2026-09-30T16:17:06Z provision solr (fresh index) for h1 ===
cpu_confirm h1_cpu_primary_t100_h3g_1 run1 cores=1 mem=12 heap=3g S1=FAIL S2=FAIL mode=latency_throttled
=== 2026-09-30T16:30:03Z provision solr (fresh index) for h1 ===
cpu_confirm h1_cpu_primary_t100_h3g_0.75 run1 cores=0.75 mem=12 heap=3g S1=FAIL S2=FAIL mode=latency_throttled
=== 2026-09-30T16:43:34Z provision solr (fresh index) for h1 ===
cpu_confirm h1_cpu_primary_t200_h3g_1.5 run1 cores=1.5 mem=12 heap=3g S1=FAIL S2=FAIL mode=latency_throttled
=== 2026-09-30T16:56:43Z provision solr (fresh index) for h1 ===
cpu_confirm h1_cpu_primary_t200_h3g_1.5 run2 cores=1.5 mem=12 heap=3g S1=FAIL S2=PASS mode=latency_throttled
=== 2026-09-30T17:09:47Z provision solr (fresh index) for h1 ===
cpu_confirm h1_cpu_primary_t100_h3g_0.75 run2 cores=0.75 mem=12 heap=3g S1=FAIL S2=FAIL mode=errors
=== 2026-09-30T17:22:57Z provision solr (fresh index) for h1 ===
cpu_confirm h1_cpu_primary_t100_h3g_1 run2 cores=1 mem=12 heap=3g S1=PASS S2=PASS mode=none
=== 2026-09-30T17:36:27Z provision solr (fresh index) for b0 ===
cpu_confirm b0_cpu_primary_t100_h3g_2 run2 cores=2 mem=12 heap=3g S1=FAIL S2=FAIL mode=latency_throttled
=== 2026-09-30T17:48:20Z provision solr (fresh index) for h1 ===
cpu_confirm h1_cpu_primary_t50_h3g_0.5 run2 cores=0.5 mem=12 heap=3g S1=FAIL S2=FAIL mode=errors
=== 2026-09-30T18:01:40Z provision solr (fresh index) for h1 ===
cpu_confirm h1_cpu_primary_t50_h3g_0.75 run2 cores=0.75 mem=12 heap=3g S1=FAIL S2=PASS mode=latency_throttled
=== 2026-09-30T18:14:59Z provision solr (fresh index) for b0 ===
cpu_confirm b0_cpu_primary_t50_h3g_1.5 run2 cores=1.5 mem=12 heap=3g S1=FAIL S2=PASS mode=latency_throttled
=== 2026-09-30T18:26:41Z provision solr (fresh index) for b0 ===
cpu_confirm b0_cpu_primary_t50_h3g_1.5 run3 cores=1.5 mem=12 heap=3g S1=FAIL S2=PASS mode=latency
=== 2026-09-30T18:38:32Z provision solr (fresh index) for h1 ===
cpu_confirm h1_cpu_primary_t50_h3g_0.75 run3 cores=0.75 mem=12 heap=3g S1=FAIL S2=PASS mode=latency_throttled
=== 2026-09-30T18:51:47Z provision solr (fresh index) for h1 ===
cpu_confirm h1_cpu_primary_t50_h3g_0.5 run3 cores=0.5 mem=12 heap=3g S1=FAIL S2=FAIL mode=latency_throttled
=== 2026-09-30T19:05:15Z provision solr (fresh index) for b0 ===
cpu_confirm b0_cpu_primary_t100_h3g_2 run3 cores=2 mem=12 heap=3g S1=FAIL S2=PASS mode=latency_throttled
=== 2026-09-30T19:17:06Z provision solr (fresh index) for h1 ===
cpu_confirm h1_cpu_primary_t100_h3g_1 run3 cores=1 mem=12 heap=3g S1=PASS S2=PASS mode=none
=== 2026-09-30T19:30:14Z provision solr (fresh index) for h1 ===
cpu_confirm h1_cpu_primary_t100_h3g_0.75 run3 cores=0.75 mem=12 heap=3g S1=FAIL S2=FAIL mode=latency_throttled
=== 2026-09-30T19:43:24Z provision solr (fresh index) for h1 ===
cpu_confirm h1_cpu_primary_t200_h3g_1.5 run3 cores=1.5 mem=12 heap=3g S1=FAIL S2=PASS mode=latency_throttled
=== 2026-09-30T19:56:34Z provision solr (fresh index) for h1 ===
cpu_confirm_stepup h1_cpu_primary_t50_h3g_1 run1 cores=1 mem=12 heap=3g S1=PASS S2=PASS mode=none
=== 2026-09-30T20:09:51Z provision solr (fresh index) for h1 ===
cpu_confirm_stepup h1_cpu_primary_t50_h3g_0.75 run1 cores=0.75 mem=12 heap=3g S1=FAIL S2=PASS mode=latency_throttled
=== 2026-09-30T20:22:57Z provision solr (fresh index) for h1 ===
cpu_confirm_stepup h1_cpu_primary_t100_h3g_1 run1 cores=1 mem=12 heap=3g S1=PASS S2=PASS mode=none
=== 2026-09-30T20:36:06Z provision solr (fresh index) for h1 ===
cpu_confirm_stepup h1_cpu_primary_t200_h3g_2 run1 cores=2 mem=12 heap=3g S1=PASS S2=PASS mode=none
=== 2026-09-30T20:49:17Z provision solr (fresh index) for h1 ===
cpu_confirm_stepup h1_cpu_primary_t200_h3g_2 run2 cores=2 mem=12 heap=3g S1=PASS S2=PASS mode=none
=== 2026-09-30T21:02:24Z provision solr (fresh index) for h1 ===
cpu_confirm_stepup h1_cpu_primary_t100_h3g_1 run2 cores=1 mem=12 heap=3g S1=PASS S2=PASS mode=none
=== 2026-09-30T21:15:30Z provision solr (fresh index) for h1 ===
cpu_confirm_stepup h1_cpu_primary_t50_h3g_0.75 run2 cores=0.75 mem=12 heap=3g S1=FAIL S2=PASS mode=latency_throttled
=== 2026-09-30T21:28:44Z provision solr (fresh index) for h1 ===
cpu_confirm_stepup h1_cpu_primary_t50_h3g_1 run2 cores=1 mem=12 heap=3g S1=PASS S2=PASS mode=none
=== 2026-09-30T21:41:52Z provision solr (fresh index) for h1 ===
cpu_confirm_stepup h1_cpu_primary_t50_h3g_1 run3 cores=1 mem=12 heap=3g S1=PASS S2=PASS mode=none
=== 2026-09-30T21:55:01Z provision solr (fresh index) for h1 ===
cpu_confirm_stepup h1_cpu_primary_t50_h3g_0.75 run3 cores=0.75 mem=12 heap=3g S1=FAIL S2=PASS mode=latency_throttled
=== 2026-09-30T22:08:10Z provision solr (fresh index) for h1 ===
cpu_confirm_stepup h1_cpu_primary_t100_h3g_1 run3 cores=1 mem=12 heap=3g S1=FAIL S2=FAIL mode=latency_throttled
=== 2026-09-30T22:21:20Z provision solr (fresh index) for h1 ===
cpu_confirm_stepup h1_cpu_primary_t200_h3g_2 run3 cores=2 mem=12 heap=3g S1=PASS S2=PASS mode=none
=== 2026-09-30T22:34:34Z phase cpuconfirm done ===
