=== 2026-09-30T12:25:45Z provision solr (fresh index) for b0 ===
descend b0 mem primary t100 heap3g 12 S1=FAIL S2=PASS mode=latency
descend b0 mem primary t100 heap3g 8 S1=FAIL S2=PASS mode=latency
descend b0 mem primary t100 heap3g 7 S1=FAIL S2=PASS mode=latency
descend b0 mem primary t100 heap3g 6 S1=FAIL S2=PASS mode=latency
descend b0 mem primary t100 heap3g 5 S1=FAIL S2=PASS mode=latency
descend b0 mem primary t100 heap3g 4 S1=FAIL S2=PASS mode=latency
descend b0 mem primary t100 heap3g 3 S1=FAIL S2=FAIL mode=oom
=== 2026-09-30T12:55:46Z provision solr (fresh index) for h1 ===
descend h1 mem primary t100 heap3g 12 S1=PASS S2=PASS mode=none
descend h1 mem primary t100 heap3g 8 S1=PASS S2=PASS mode=none
scripts/issue66/run_i66.sh: line 294: 772087 Killed                     nohup systemd-run --user --scope --quiet --unit="$unit" "${slice_args[@]}" -p "CPUQuota=${quota}%" -p "MemoryMax=$(e3b_systemd_bytes "${E3B_SCOPE_MEMORY:-$I77_MEMORY}")" -p "MemorySwapMax=0" taskset -c "$I77_CPUSET" "$@" > "$logfile" 2>&1
descend h1 mem primary t100 heap3g 7 S1=FAIL S2=FAIL mode=oom
=== 2026-09-30T13:15:00Z provision solr (fresh index) for h1 ===
descend h1 mem primary t100 heap1g 12 S1=PASS S2=PASS mode=none
descend h1 mem primary t100 heap1g 8 S1=PASS S2=PASS mode=none
descend h1 mem primary t100 heap1g 7 S1=PASS S2=PASS mode=none
descend h1 mem primary t100 heap1g 6 S1=PASS S2=PASS mode=none
scripts/issue66/run_i66.sh: line 294: 774487 Killed                     nohup systemd-run --user --scope --quiet --unit="$unit" "${slice_args[@]}" -p "CPUQuota=${quota}%" -p "MemoryMax=$(e3b_systemd_bytes "${E3B_SCOPE_MEMORY:-$I77_MEMORY}")" -p "MemorySwapMax=0" taskset -c "$I77_CPUSET" "$@" > "$logfile" 2>&1
descend h1 mem primary t100 heap1g 5 S1=FAIL S2=FAIL mode=oom
=== 2026-09-30T13:40:12Z provision solr (fresh index) for b0 ===
descend b0 mem primary t100 heap1g 12 S1=FAIL S2=PASS mode=latency
descend b0 mem primary t100 heap1g 8 S1=FAIL S2=PASS mode=latency
descend b0 mem primary t100 heap1g 7 S1=FAIL S2=PASS mode=latency
descend b0 mem primary t100 heap1g 6 S1=FAIL S2=PASS mode=latency
descend b0 mem primary t100 heap1g 5 S1=FAIL S2=PASS mode=latency
descend b0 mem primary t100 heap1g 4 S1=FAIL S2=PASS mode=latency
descend b0 mem primary t100 heap1g 3 S1=FAIL S2=PASS mode=latency
descend b0 mem primary t100 heap1g 2 S1=FAIL S2=PASS mode=latency
descend b0 mem primary t100 heap1g 1.5 S1=FAIL S2=PASS mode=latency
descend b0 mem primary t100 heap1g 1 S1=FAIL S2=FAIL mode=oom
=== 2026-09-30T14:19:19Z provision solr (fresh index) for b0 ===
descend b0 mem primary t100 heap512m 12 S1=FAIL S2=PASS mode=latency
descend b0 mem primary t100 heap512m 8 S1=FAIL S2=PASS mode=latency
descend b0 mem primary t100 heap512m 7 S1=FAIL S2=PASS mode=latency
descend b0 mem primary t100 heap512m 6 S1=FAIL S2=PASS mode=latency
descend b0 mem primary t100 heap512m 5 S1=FAIL S2=PASS mode=latency
descend b0 mem primary t100 heap512m 4 S1=FAIL S2=PASS mode=latency
descend b0 mem primary t100 heap512m 3 S1=FAIL S2=PASS mode=latency
descend b0 mem primary t100 heap512m 2 S1=FAIL S2=PASS mode=latency
descend b0 mem primary t100 heap512m 1.5 S1=FAIL S2=PASS mode=latency
descend b0 mem primary t100 heap512m 1 S1=FAIL S2=PASS mode=latency
=== 2026-09-30T14:58:26Z provision solr (fresh index) for h1 ===
descend h1 mem primary t100 heap512m 12 S1=PASS S2=PASS mode=none
descend h1 mem primary t100 heap512m 8 S1=PASS S2=PASS mode=none
descend h1 mem primary t100 heap512m 7 S1=PASS S2=PASS mode=none
descend h1 mem primary t100 heap512m 6 S1=PASS S2=PASS mode=none
descend h1 mem primary t100 heap512m 5 S1=PASS S2=PASS mode=none
scripts/issue66/run_i66.sh: line 294: 786786 Killed                     nohup systemd-run --user --scope --quiet --unit="$unit" "${slice_args[@]}" -p "CPUQuota=${quota}%" -p "MemoryMax=$(e3b_systemd_bytes "${E3B_SCOPE_MEMORY:-$I77_MEMORY}")" -p "MemorySwapMax=0" taskset -c "$I77_CPUSET" "$@" > "$logfile" 2>&1
descend h1 mem primary t100 heap512m 4 S1=FAIL S2=FAIL mode=oom
=== 2026-09-30T15:26:51Z phase mem done ===
