confirm run=1 b0 rc 5.4 FAIL
confirm run=1 b0 lo 5.2 FAIL
confirm run=1 b0 mid 5.43 FAIL
confirm run=1 b0 hi 5.7 FAIL
confirm run=1 h1 rc 5.4 FAIL
confirm run=1 h1 lo 385.2 FAIL
confirm run=1 h1 mid 405.5 FAIL
confirm run=1 h1 hi 425.8 FAIL
confirm run=2 h1 rc 5.4 FAIL
confirm run=2 h1 lo 385.2 FAIL
confirm run=2 h1 mid 405.5 FAIL
confirm run=2 h1 hi 425.8 FAIL
confirm run=2 b0 rc 5.4 FAIL
confirm run=2 b0 lo 5.2 FAIL
confirm run=2 b0 mid 5.43 FAIL
confirm run=2 b0 hi 5.7 FAIL
confirm run=3 b0 rc 5.4 FAIL
confirm run=3 b0 lo 5.2 FAIL
confirm run=3 b0 mid 5.43 FAIL
confirm run=3 b0 hi 5.7 FAIL
confirm run=3 h1 rc 5.4 FAIL
confirm run=3 h1 lo 385.2 FAIL
confirm run=3 h1 mid 405.5 FAIL
confirm run=3 h1 hi 425.8 FAIL
