=== Issue #57 ESCI automotive relevance: NDCG@10/Recall@10/MRR@10, all 5 systems ===
1056 real products ingested
=== HAVENASK UNAVAILABLE this session -- relevance measured for native/Solr/Elasticsearch/OpenSearch only, see docs/experiments/ISSUE57_HAVENASK_REVISION2_LOG.md ===

=== 110 structural-constraint translation failures (excluded from no engine, disclosed) ===
  query="acdelco": no brand name registered for BrandId(24)
  query="acdelco": no brand name registered for BrandId(24)
  query="acdelco": no brand name registered for BrandId(24)
  query="honeywell truefresh filters": no brand name registered for BrandId(289)
  query="honeywell truefresh filters": no brand name registered for BrandId(289)
  query="honeywell truefresh filters": no brand name registered for BrandId(289)
  query="detroit axle wheel bearing": no brand name registered for BrandId(32)
  query="detroit axle wheel bearing": no brand name registered for BrandId(32)
  query="detroit axle wheel bearing": no brand name registered for BrandId(32)
  query="fh group seat covers neoprene": no brand name registered for BrandId(38)

evaluated 501/600 queries (>=1 non-Irrelevant judgment)

=== Issue #57 esci_automotive relevance (NDCG@10/Recall@10/MRR@10) ===
  native          n=501    NDCG@10=0.4414  Recall@10=0.5608  MRR@10=0.4469
  solr            n=501    NDCG@10=0.4383  Recall@10=0.5578  MRR@10=0.4475
  elasticsearch   n=501    NDCG@10=0.4252  Recall@10=0.5480  MRR@10=0.4365
  opensearch      n=501    NDCG@10=0.4252  Recall@10=0.5480  MRR@10=0.4365
  havenask_UNRANKED_capability_gap n=501    NDCG@10=-0.0000  Recall@10=0.0000  MRR@10=0.0000

NOTE: the havenask row uses Havenask's own default MATCHINDEX result order, not a verified relevance-ranked order (disclosed capability gap, see issue57_eval::havenask_search_ids) -- do not read it as a head-to-head relevance comparison against the other four engines.
