=== Issue #57 ESCI beauty relevance: NDCG@10/Recall@10/MRR@10, all 5 systems ===
2093 real products ingested
=== HAVENASK UNAVAILABLE this session -- relevance measured for native/Solr/Elasticsearch/OpenSearch only, see docs/experiments/ISSUE57_HAVENASK_REVISION2_LOG.md ===

=== 138 structural-constraint translation failures (excluded from no engine, disclosed) ===
  query="juliette has a gun not a perfume": no brand name registered for BrandId(1)
  query="juliette has a gun not a perfume": no brand name registered for BrandId(1)
  query="juliette has a gun not a perfume": no brand name registered for BrandId(1)
  query="neutrogena naturals lotion": no brand name registered for BrandId(3)
  query="neutrogena naturals lotion": no brand name registered for BrandId(3)
  query="neutrogena naturals lotion": no brand name registered for BrandId(3)
  query="neutrogena sunscreen": no brand name registered for BrandId(3)
  query="neutrogena sunscreen": no brand name registered for BrandId(3)
  query="neutrogena sunscreen": no brand name registered for BrandId(3)
  query="shea moisture": no brand name registered for BrandId(196)

evaluated 489/600 queries (>=1 non-Irrelevant judgment)

=== Issue #57 esci_beauty relevance (NDCG@10/Recall@10/MRR@10) ===
  native          n=489    NDCG@10=0.4162  Recall@10=0.5189  MRR@10=0.4380
  solr            n=489    NDCG@10=0.3984  Recall@10=0.5043  MRR@10=0.4191
  elasticsearch   n=489    NDCG@10=0.3852  Recall@10=0.4983  MRR@10=0.3963
  opensearch      n=489    NDCG@10=0.3852  Recall@10=0.4983  MRR@10=0.3963
  havenask_UNRANKED_capability_gap n=489    NDCG@10=-0.0000  Recall@10=0.0000  MRR@10=0.0000

NOTE: the havenask row uses Havenask's own default MATCHINDEX result order, not a verified relevance-ranked order (disclosed capability gap, see issue57_eval::havenask_search_ids) -- do not read it as a head-to-head relevance comparison against the other four engines.
