loaded 22 real parent products, 155 real kept (sparsified) variants
=== HAVENASK UNAVAILABLE this session -- 3-way (Solr/Elasticsearch/OpenSearch) correctness gate, see docs/experiments/ISSUE57_HAVENASK_REVISION2_LOG.md ===

Q8 coverage: 155 true-positive checks, 138 cross-variant trap checks
  Q8_representative_timed_sample: 1/1 matched
  Q8_same_variant_trap: 138/138 matched
  Q8_same_variant_true_positive: 155/155 matched

=== Issue #57 magento full-matrix result ===
Q8_same_variant_true_positive                 MH01/Gray/XS                                                 native=       1 match=true
Q8_same_variant_trap                          MH01/Gray/S                                                  native=       0 match=true
Q8_same_variant_true_positive                 MH01/Gray/M                                                  native=       1 match=true
Q8_same_variant_trap                          MH01/Gray/L                                                  native=       0 match=true
Q8_same_variant_true_positive                 MH01/Gray/XL                                                 native=       1 match=true
Q8_same_variant_trap                          MH01/Black/XS                                                native=       0 match=true
Q8_same_variant_true_positive                 MH01/Black/S                                                 native=       1 match=true
Q8_same_variant_trap                          MH01/Black/M                                                 native=       0 match=true
Q8_same_variant_true_positive                 MH01/Black/L                                                 native=       1 match=true
Q8_same_variant_trap                          MH01/Black/XL                                                native=       0 match=true
Q8_same_variant_true_positive                 MH01/Orange/XS                                               native=       1 match=true
Q8_same_variant_trap                          MH01/Orange/S                                                native=       0 match=true
Q8_same_variant_true_positive                 MH01/Orange/M                                                native=       1 match=true
Q8_same_variant_trap                          MH01/Orange/L                                                native=       0 match=true
Q8_same_variant_true_positive                 MH01/Orange/XL                                               native=       1 match=true
Q8_same_variant_true_positive                 MH02/Black/XS                                                native=       1 match=true
Q8_same_variant_trap                          MH02/Black/S                                                 native=       0 match=true
Q8_same_variant_true_positive                 MH02/Black/M                                                 native=       1 match=true
Q8_same_variant_trap                          MH02/Black/L                                                 native=       0 match=true
Q8_same_variant_true_positive                 MH02/Black/XL                                                native=       1 match=true
Q8_same_variant_trap                          MH02/Purple/XS                                               native=       0 match=true
Q8_same_variant_true_positive                 MH02/Purple/S                                                native=       1 match=true
Q8_same_variant_trap                          MH02/Purple/M                                                native=       0 match=true
Q8_same_variant_true_positive                 MH02/Purple/L                                                native=       1 match=true
Q8_same_variant_trap                          MH02/Purple/XL                                               native=       0 match=true
Q8_same_variant_true_positive                 MH02/Red/XS                                                  native=       1 match=true
Q8_same_variant_trap                          MH02/Red/S                                                   native=       0 match=true
Q8_same_variant_true_positive                 MH02/Red/M                                                   native=       1 match=true
Q8_same_variant_trap                          MH02/Red/L                                                   native=       0 match=true
Q8_same_variant_true_positive                 MH02/Red/XL                                                  native=       1 match=true
Q8_same_variant_true_positive                 MH03/Black/XS                                                native=       1 match=true
Q8_same_variant_trap                          MH03/Black/S                                                 native=       0 match=true
Q8_same_variant_true_positive                 MH03/Black/M                                                 native=       1 match=true
Q8_same_variant_trap                          MH03/Black/L                                                 native=       0 match=true
Q8_same_variant_true_positive                 MH03/Black/XL                                                native=       1 match=true
Q8_same_variant_trap                          MH03/Blue/XS                                                 native=       0 match=true
Q8_same_variant_true_positive                 MH03/Blue/S                                                  native=       1 match=true
Q8_same_variant_trap                          MH03/Blue/M                                                  native=       0 match=true
Q8_same_variant_true_positive                 MH03/Blue/L                                                  native=       1 match=true
Q8_same_variant_trap                          MH03/Blue/XL                                                 native=       0 match=true
Q8_same_variant_true_positive                 MH03/Green/XS                                                native=       1 match=true
Q8_same_variant_trap                          MH03/Green/S                                                 native=       0 match=true
Q8_same_variant_true_positive                 MH03/Green/M                                                 native=       1 match=true
Q8_same_variant_trap                          MH03/Green/L                                                 native=       0 match=true
Q8_same_variant_true_positive                 MH03/Green/XL                                                native=       1 match=true
Q8_same_variant_true_positive                 MH04/Green/XS                                                native=       1 match=true
Q8_same_variant_trap                          MH04/Green/S                                                 native=       0 match=true
Q8_same_variant_true_positive                 MH04/Green/M                                                 native=       1 match=true
Q8_same_variant_trap                          MH04/Green/L                                                 native=       0 match=true
Q8_same_variant_true_positive                 MH04/Green/XL                                                native=       1 match=true
Q8_same_variant_trap                          MH04/Yellow/XS                                               native=       0 match=true
Q8_same_variant_true_positive                 MH04/Yellow/S                                                native=       1 match=true
Q8_same_variant_trap                          MH04/Yellow/M                                                native=       0 match=true
Q8_same_variant_true_positive                 MH04/Yellow/L                                                native=       1 match=true
Q8_same_variant_trap                          MH04/Yellow/XL                                               native=       0 match=true
Q8_same_variant_true_positive                 MH04/White/XS                                                native=       1 match=true
Q8_same_variant_trap                          MH04/White/S                                                 native=       0 match=true
Q8_same_variant_true_positive                 MH04/White/M                                                 native=       1 match=true
Q8_same_variant_trap                          MH04/White/L                                                 native=       0 match=true
Q8_same_variant_true_positive                 MH04/White/XL                                                native=       1 match=true
Q8_same_variant_true_positive                 MH05/White/XS                                                native=       1 match=true
Q8_same_variant_trap                          MH05/White/S                                                 native=       0 match=true
Q8_same_variant_true_positive                 MH05/White/M                                                 native=       1 match=true
Q8_same_variant_trap                          MH05/White/L                                                 native=       0 match=true
Q8_same_variant_true_positive                 MH05/White/XL                                                native=       1 match=true
Q8_same_variant_trap                          MH05/Red/XS                                                  native=       0 match=true
Q8_same_variant_true_positive                 MH05/Red/S                                                   native=       1 match=true
Q8_same_variant_trap                          MH05/Red/M                                                   native=       0 match=true
Q8_same_variant_true_positive                 MH05/Red/L                                                   native=       1 match=true
Q8_same_variant_trap                          MH05/Red/XL                                                  native=       0 match=true
Q8_same_variant_true_positive                 MH05/Green/XS                                                native=       1 match=true
Q8_same_variant_trap                          MH05/Green/S                                                 native=       0 match=true
Q8_same_variant_true_positive                 MH05/Green/M                                                 native=       1 match=true
Q8_same_variant_trap                          MH05/Green/L                                                 native=       0 match=true
Q8_same_variant_true_positive                 MH05/Green/XL                                                native=       1 match=true
Q8_same_variant_true_positive                 MP01/Gray/32                                                 native=       1 match=true
Q8_same_variant_trap                          MP01/Gray/33                                                 native=       0 match=true
Q8_same_variant_true_positive                 MP01/Gray/34                                                 native=       1 match=true
Q8_same_variant_trap                          MP01/Gray/36                                                 native=       0 match=true
Q8_same_variant_trap                          MP01/Black/32                                                native=       0 match=true
Q8_same_variant_true_positive                 MP01/Black/33                                                native=       1 match=true
Q8_same_variant_trap                          MP01/Black/34                                                native=       0 match=true
Q8_same_variant_true_positive                 MP01/Black/36                                                native=       1 match=true
Q8_same_variant_true_positive                 MP01/Purple/32                                               native=       1 match=true
Q8_same_variant_trap                          MP01/Purple/33                                               native=       0 match=true
Q8_same_variant_true_positive                 MP01/Purple/34                                               native=       1 match=true
Q8_same_variant_trap                          MP01/Purple/36                                               native=       0 match=true
Q8_same_variant_true_positive                 MP02/Gray/32                                                 native=       1 match=true
Q8_same_variant_trap                          MP02/Gray/33                                                 native=       0 match=true
Q8_same_variant_true_positive                 MP02/Gray/34                                                 native=       1 match=true
Q8_same_variant_trap                          MP02/Gray/36                                                 native=       0 match=true
Q8_same_variant_trap                          MP02/Blue/32                                                 native=       0 match=true
Q8_same_variant_true_positive                 MP02/Blue/33                                                 native=       1 match=true
Q8_same_variant_trap                          MP02/Blue/34                                                 native=       0 match=true
Q8_same_variant_true_positive                 MP02/Blue/36                                                 native=       1 match=true
Q8_same_variant_true_positive                 MP02/Red/32                                                  native=       1 match=true
Q8_same_variant_trap                          MP02/Red/33                                                  native=       0 match=true
Q8_same_variant_true_positive                 MP02/Red/34                                                  native=       1 match=true
Q8_same_variant_trap                          MP02/Red/36                                                  native=       0 match=true
Q8_same_variant_true_positive                 MP03/Blue/32                                                 native=       1 match=true
Q8_same_variant_trap                          MP03/Blue/33                                                 native=       0 match=true
Q8_same_variant_true_positive                 MP03/Blue/34                                                 native=       1 match=true
Q8_same_variant_trap                          MP03/Blue/36                                                 native=       0 match=true
Q8_same_variant_trap                          MP03/Red/32                                                  native=       0 match=true
Q8_same_variant_true_positive                 MP03/Red/33                                                  native=       1 match=true
Q8_same_variant_trap                          MP03/Red/34                                                  native=       0 match=true
Q8_same_variant_true_positive                 MP03/Red/36                                                  native=       1 match=true
Q8_same_variant_true_positive                 MP03/Green/32                                                native=       1 match=true
Q8_same_variant_trap                          MP03/Green/33                                                native=       0 match=true
Q8_same_variant_true_positive                 MP03/Green/34                                                native=       1 match=true
Q8_same_variant_trap                          MP03/Green/36                                                native=       0 match=true
Q8_same_variant_true_positive                 MP04/Gray/32                                                 native=       1 match=true
Q8_same_variant_trap                          MP04/Gray/33                                                 native=       0 match=true
Q8_same_variant_true_positive                 MP04/Gray/34                                                 native=       1 match=true
Q8_same_variant_trap                          MP04/Gray/36                                                 native=       0 match=true
Q8_same_variant_trap                          MP04/Green/32                                                native=       0 match=true
Q8_same_variant_true_positive                 MP04/Green/33                                                native=       1 match=true
Q8_same_variant_trap                          MP04/Green/34                                                native=       0 match=true
Q8_same_variant_true_positive                 MP04/Green/36                                                native=       1 match=true
Q8_same_variant_true_positive                 MP04/Black/32                                                native=       1 match=true
Q8_same_variant_trap                          MP04/Black/33                                                native=       0 match=true
Q8_same_variant_true_positive                 MP04/Black/34                                                native=       1 match=true
Q8_same_variant_trap                          MP04/Black/36                                                native=       0 match=true
Q8_same_variant_true_positive                 MP05/Blue/32                                                 native=       1 match=true
Q8_same_variant_trap                          MP05/Blue/33                                                 native=       0 match=true
Q8_same_variant_true_positive                 MP05/Blue/34                                                 native=       1 match=true
Q8_same_variant_trap                          MP05/Blue/36                                                 native=       0 match=true
Q8_same_variant_trap                          MP05/Black/32                                                native=       0 match=true
Q8_same_variant_true_positive                 MP05/Black/33                                                native=       1 match=true
Q8_same_variant_trap                          MP05/Black/34                                                native=       0 match=true
Q8_same_variant_true_positive                 MP05/Black/36                                                native=       1 match=true
Q8_same_variant_true_positive                 MP05/Green/32                                                native=       1 match=true
Q8_same_variant_trap                          MP05/Green/33                                                native=       0 match=true
Q8_same_variant_true_positive                 MP05/Green/34                                                native=       1 match=true
Q8_same_variant_trap                          MP05/Green/36                                                native=       0 match=true
Q8_same_variant_true_positive                 WH01/Green/XS                                                native=       1 match=true
Q8_same_variant_trap                          WH01/Green/S                                                 native=       0 match=true
Q8_same_variant_true_positive                 WH01/Green/M                                                 native=       1 match=true
Q8_same_variant_trap                          WH01/Green/L                                                 native=       0 match=true
Q8_same_variant_true_positive                 WH01/Green/XL                                                native=       1 match=true
Q8_same_variant_trap                          WH01/Purple/XS                                               native=       0 match=true
Q8_same_variant_true_positive                 WH01/Purple/S                                                native=       1 match=true
Q8_same_variant_trap                          WH01/Purple/M                                                native=       0 match=true
Q8_same_variant_true_positive                 WH01/Purple/L                                                native=       1 match=true
Q8_same_variant_trap                          WH01/Purple/XL                                               native=       0 match=true
Q8_same_variant_true_positive                 WH01/Orange/XS                                               native=       1 match=true
Q8_same_variant_trap                          WH01/Orange/S                                                native=       0 match=true
Q8_same_variant_true_positive                 WH01/Orange/M                                                native=       1 match=true
Q8_same_variant_trap                          WH01/Orange/L                                                native=       0 match=true
Q8_same_variant_true_positive                 WH01/Orange/XL                                               native=       1 match=true
Q8_same_variant_true_positive                 WH02/Blue/XS                                                 native=       1 match=true
Q8_same_variant_trap                          WH02/Blue/S                                                  native=       0 match=true
Q8_same_variant_true_positive                 WH02/Blue/M                                                  native=       1 match=true
Q8_same_variant_trap                          WH02/Blue/L                                                  native=       0 match=true
Q8_same_variant_true_positive                 WH02/Blue/XL                                                 native=       1 match=true
Q8_same_variant_trap                          WH02/Green/XS                                                native=       0 match=true
Q8_same_variant_true_positive                 WH02/Green/S                                                 native=       1 match=true
Q8_same_variant_trap                          WH02/Green/M                                                 native=       0 match=true
Q8_same_variant_true_positive                 WH02/Green/L                                                 native=       1 match=true
Q8_same_variant_trap                          WH02/Green/XL                                                native=       0 match=true
Q8_same_variant_true_positive                 WH02/Orange/XS                                               native=       1 match=true
Q8_same_variant_trap                          WH02/Orange/S                                                native=       0 match=true
Q8_same_variant_true_positive                 WH02/Orange/M                                                native=       1 match=true
Q8_same_variant_trap                          WH02/Orange/L                                                native=       0 match=true
Q8_same_variant_true_positive                 WH02/Orange/XL                                               native=       1 match=true
Q8_same_variant_true_positive                 WH03/Red/XS                                                  native=       1 match=true
Q8_same_variant_trap                          WH03/Red/S                                                   native=       0 match=true
Q8_same_variant_true_positive                 WH03/Red/M                                                   native=       1 match=true
Q8_same_variant_trap                          WH03/Red/L                                                   native=       0 match=true
Q8_same_variant_true_positive                 WH03/Red/XL                                                  native=       1 match=true
Q8_same_variant_trap                          WH03/Green/XS                                                native=       0 match=true
Q8_same_variant_true_positive                 WH03/Green/S                                                 native=       1 match=true
Q8_same_variant_trap                          WH03/Green/M                                                 native=       0 match=true
Q8_same_variant_true_positive                 WH03/Green/L                                                 native=       1 match=true
Q8_same_variant_trap                          WH03/Green/XL                                                native=       0 match=true
Q8_same_variant_true_positive                 WH03/Purple/XS                                               native=       1 match=true
Q8_same_variant_trap                          WH03/Purple/S                                                native=       0 match=true
Q8_same_variant_true_positive                 WH03/Purple/M                                                native=       1 match=true
Q8_same_variant_trap                          WH03/Purple/L                                                native=       0 match=true
Q8_same_variant_true_positive                 WH03/Purple/XL                                               native=       1 match=true
Q8_same_variant_true_positive                 WH04/Blue/XS                                                 native=       1 match=true
Q8_same_variant_trap                          WH04/Blue/S                                                  native=       0 match=true
Q8_same_variant_true_positive                 WH04/Blue/M                                                  native=       1 match=true
Q8_same_variant_trap                          WH04/Blue/L                                                  native=       0 match=true
Q8_same_variant_true_positive                 WH04/Blue/XL                                                 native=       1 match=true
Q8_same_variant_trap                          WH04/Purple/XS                                               native=       0 match=true
Q8_same_variant_true_positive                 WH04/Purple/S                                                native=       1 match=true
Q8_same_variant_trap                          WH04/Purple/M                                                native=       0 match=true
Q8_same_variant_true_positive                 WH04/Purple/L                                                native=       1 match=true
Q8_same_variant_trap                          WH04/Purple/XL                                               native=       0 match=true
Q8_same_variant_true_positive                 WH04/Orange/XS                                               native=       1 match=true
Q8_same_variant_trap                          WH04/Orange/S                                                native=       0 match=true
Q8_same_variant_true_positive                 WH04/Orange/M                                                native=       1 match=true
Q8_same_variant_trap                          WH04/Orange/L                                                native=       0 match=true
Q8_same_variant_true_positive                 WH04/Orange/XL                                               native=       1 match=true
Q8_same_variant_true_positive                 WS03/Red/XS                                                  native=       1 match=true
Q8_same_variant_trap                          WS03/Red/S                                                   native=       0 match=true
Q8_same_variant_true_positive                 WS03/Red/M                                                   native=       1 match=true
Q8_same_variant_trap                          WS03/Red/L                                                   native=       0 match=true
Q8_same_variant_true_positive                 WS03/Red/XL                                                  native=       1 match=true
Q8_same_variant_trap                          WS03/Green/XS                                                native=       0 match=true
Q8_same_variant_true_positive                 WS03/Green/S                                                 native=       1 match=true
Q8_same_variant_trap                          WS03/Green/M                                                 native=       0 match=true
Q8_same_variant_true_positive                 WS03/Green/L                                                 native=       1 match=true
Q8_same_variant_trap                          WS03/Green/XL                                                native=       0 match=true
Q8_same_variant_true_positive                 WS03/Blue/XS                                                 native=       1 match=true
Q8_same_variant_trap                          WS03/Blue/S                                                  native=       0 match=true
Q8_same_variant_true_positive                 WS03/Blue/M                                                  native=       1 match=true
Q8_same_variant_trap                          WS03/Blue/L                                                  native=       0 match=true
Q8_same_variant_true_positive                 WS03/Blue/XL                                                 native=       1 match=true
Q8_same_variant_true_positive                 WS08/Blue/XS                                                 native=       1 match=true
Q8_same_variant_trap                          WS08/Blue/S                                                  native=       0 match=true
Q8_same_variant_true_positive                 WS08/Blue/M                                                  native=       1 match=true
Q8_same_variant_trap                          WS08/Blue/L                                                  native=       0 match=true
Q8_same_variant_true_positive                 WS08/Blue/XL                                                 native=       1 match=true
Q8_same_variant_trap                          WS08/Black/XS                                                native=       0 match=true
Q8_same_variant_true_positive                 WS08/Black/S                                                 native=       1 match=true
Q8_same_variant_trap                          WS08/Black/M                                                 native=       0 match=true
Q8_same_variant_true_positive                 WS08/Black/L                                                 native=       1 match=true
Q8_same_variant_trap                          WS08/Black/XL                                                native=       0 match=true
Q8_same_variant_true_positive                 WS08/Red/XS                                                  native=       1 match=true
Q8_same_variant_trap                          WS08/Red/S                                                   native=       0 match=true
Q8_same_variant_true_positive                 WS08/Red/M                                                   native=       1 match=true
Q8_same_variant_trap                          WS08/Red/L                                                   native=       0 match=true
Q8_same_variant_true_positive                 WS08/Red/XL                                                  native=       1 match=true
Q8_same_variant_true_positive                 WP01/White/26                                                native=       1 match=true
Q8_same_variant_trap                          WP01/White/27                                                native=       0 match=true
Q8_same_variant_true_positive                 WP01/White/28                                                native=       1 match=true
Q8_same_variant_trap                          WP01/White/29                                                native=       0 match=true
Q8_same_variant_trap                          WP01/Gray/26                                                 native=       0 match=true
Q8_same_variant_true_positive                 WP01/Gray/27                                                 native=       1 match=true
Q8_same_variant_trap                          WP01/Gray/28                                                 native=       0 match=true
Q8_same_variant_true_positive                 WP01/Gray/29                                                 native=       1 match=true
Q8_same_variant_true_positive                 WP01/Black/26                                                native=       1 match=true
Q8_same_variant_trap                          WP01/Black/27                                                native=       0 match=true
Q8_same_variant_true_positive                 WP01/Black/28                                                native=       1 match=true
Q8_same_variant_trap                          WP01/Black/29                                                native=       0 match=true
Q8_same_variant_true_positive                 WP02/Blue/26                                                 native=       1 match=true
Q8_same_variant_trap                          WP02/Blue/27                                                 native=       0 match=true
Q8_same_variant_true_positive                 WP02/Blue/28                                                 native=       1 match=true
Q8_same_variant_trap                          WP02/Blue/29                                                 native=       0 match=true
Q8_same_variant_trap                          WP02/Red/26                                                  native=       0 match=true
Q8_same_variant_true_positive                 WP02/Red/27                                                  native=       1 match=true
Q8_same_variant_trap                          WP02/Red/28                                                  native=       0 match=true
Q8_same_variant_true_positive                 WP02/Red/29                                                  native=       1 match=true
Q8_same_variant_true_positive                 WP02/Purple/26                                               native=       1 match=true
Q8_same_variant_trap                          WP02/Purple/27                                               native=       0 match=true
Q8_same_variant_true_positive                 WP02/Purple/28                                               native=       1 match=true
Q8_same_variant_trap                          WP02/Purple/29                                               native=       0 match=true
Q8_same_variant_true_positive                 WP03/Black/26                                                native=       1 match=true
Q8_same_variant_trap                          WP03/Black/27                                                native=       0 match=true
Q8_same_variant_true_positive                 WP03/Black/28                                                native=       1 match=true
Q8_same_variant_trap                          WP03/Black/29                                                native=       0 match=true
Q8_same_variant_trap                          WP03/Blue/26                                                 native=       0 match=true
Q8_same_variant_true_positive                 WP03/Blue/27                                                 native=       1 match=true
Q8_same_variant_trap                          WP03/Blue/28                                                 native=       0 match=true
Q8_same_variant_true_positive                 WP03/Blue/29                                                 native=       1 match=true
Q8_same_variant_true_positive                 WP03/Purple/26                                               native=       1 match=true
Q8_same_variant_trap                          WP03/Purple/27                                               native=       0 match=true
Q8_same_variant_true_positive                 WP03/Purple/28                                               native=       1 match=true
Q8_same_variant_trap                          WP03/Purple/29                                               native=       0 match=true
Q8_same_variant_true_positive                 WP04/White/26                                                native=       1 match=true
Q8_same_variant_trap                          WP04/White/27                                                native=       0 match=true
Q8_same_variant_true_positive                 WP04/White/28                                                native=       1 match=true
Q8_same_variant_trap                          WP04/White/29                                                native=       0 match=true
Q8_same_variant_trap                          WP04/Blue/26                                                 native=       0 match=true
Q8_same_variant_true_positive                 WP04/Blue/27                                                 native=       1 match=true
Q8_same_variant_trap                          WP04/Blue/28                                                 native=       0 match=true
Q8_same_variant_true_positive                 WP04/Blue/29                                                 native=       1 match=true
Q8_same_variant_true_positive                 WP04/Black/26                                                native=       1 match=true
Q8_same_variant_trap                          WP04/Black/27                                                native=       0 match=true
Q8_same_variant_true_positive                 WP04/Black/28                                                native=       1 match=true
Q8_same_variant_trap                          WP04/Black/29                                                native=       0 match=true
Q8_same_variant_true_positive                 WSH03/Gray/28                                                native=       1 match=true
Q8_same_variant_trap                          WSH03/Gray/29                                                native=       0 match=true
Q8_same_variant_true_positive                 WSH03/Gray/30                                                native=       1 match=true
Q8_same_variant_trap                          WSH03/Gray/31                                                native=       0 match=true
Q8_same_variant_true_positive                 WSH03/Gray/32                                                native=       1 match=true
Q8_same_variant_trap                          WSH03/Blue/28                                                native=       0 match=true
Q8_same_variant_true_positive                 WSH03/Blue/29                                                native=       1 match=true
Q8_same_variant_trap                          WSH03/Blue/30                                                native=       0 match=true
Q8_same_variant_true_positive                 WSH03/Blue/31                                                native=       1 match=true
Q8_same_variant_trap                          WSH03/Blue/32                                                native=       0 match=true
Q8_same_variant_true_positive                 WSH03/Orange/28                                              native=       1 match=true
Q8_same_variant_trap                          WSH03/Orange/29                                              native=       0 match=true
Q8_same_variant_true_positive                 WSH03/Orange/30                                              native=       1 match=true
Q8_same_variant_trap                          WSH03/Orange/31                                              native=       0 match=true
Q8_same_variant_true_positive                 WSH03/Orange/32                                              native=       1 match=true
Q8_same_variant_true_positive                 WSH08/Purple/28                                              native=       1 match=true
Q8_same_variant_true_positive                 WSH08/Purple/29                                              native=       1 match=true
Q8_same_variant_true_positive                 WSH08/Purple/30                                              native=       1 match=true
Q8_same_variant_true_positive                 WSH08/Purple/31                                              native=       1 match=true
Q8_same_variant_true_positive                 WSH08/Purple/32                                              native=       1 match=true
Q8_representative_timed_sample                MH01/Gray/XS                                                 native=       1 match=true
    execution order: solr -> opensearch -> elasticsearch -> havenask
    solr            mean=   4.4320ms p50=   3.9482ms p99=   8.4914ms
    elasticsearch   mean=   8.6237ms p50=   8.4204ms p99=  13.8583ms
    opensearch      mean=   8.0654ms p50=   7.9863ms p99=  11.0518ms
    havenask        mean=   0.0000ms p50=   0.0000ms p99=   0.0001ms

=== engine-order confound check: mean latency (ms) by queue position ===
  elasticsearch   pos3(n=1)=8.6237
  havenask        pos4(n=1)=0.0000
  opensearch      pos2(n=1)=8.0654
  solr            pos1(n=1)=4.4320

correctness: 294/294 rows had matching counts (ALL MATCH)

artifacts written to dataset_cache/issue57_magento_full_matrix
