Q*_B0=5.43 Q*_H1=405.5 R_c=5.4
=== 2026-09-30T00:35:03Z provision solr (fresh index) for b0 ===
confirm run=1 b0 rc 5.4 FAIL
confirm run=1 b0 lo 5.2 FAIL
confirm run=1 b0 mid 5.43 FAIL
confirm run=1 b0 hi 5.7 FAIL
=== 2026-09-30T00:43:52Z provision solr (fresh index) for h1 ===
confirm run=1 h1 rc 5.4 FAIL
confirm run=1 h1 lo 385.2 FAIL
confirm run=1 h1 mid 405.5 FAIL
confirm run=1 h1 hi 425.8 FAIL
=== 2026-09-30T00:53:57Z provision solr (fresh index) for h1 ===
confirm run=2 h1 rc 5.4 FAIL
confirm run=2 h1 lo 385.2 FAIL
confirm run=2 h1 mid 405.5 FAIL
confirm run=2 h1 hi 425.8 FAIL
=== 2026-09-30T01:04:26Z provision solr (fresh index) for b0 ===
confirm run=2 b0 rc 5.4 FAIL
confirm run=2 b0 lo 5.2 FAIL
confirm run=2 b0 mid 5.43 FAIL
confirm run=2 b0 hi 5.7 FAIL
=== 2026-09-30T01:13:12Z provision solr (fresh index) for b0 ===
confirm run=3 b0 rc 5.4 FAIL
confirm run=3 b0 lo 5.2 FAIL
confirm run=3 b0 mid 5.43 FAIL
confirm run=3 b0 hi 5.7 FAIL
=== 2026-09-30T01:21:44Z provision solr (fresh index) for h1 ===
confirm run=3 h1 rc 5.4 FAIL
confirm run=3 h1 lo 385.2 FAIL
confirm run=3 h1 mid 405.5 FAIL
confirm run=3 h1 hi 425.8 FAIL
=== 2026-09-30T01:31:46Z phase confirm done ===
