search n0 native_plp 20 PASS
search n0 native_plp 30.0 PASS
search n0 native_plp 45.0 PASS
search n0 native_plp 67.5 PASS
search n0 native_plp 101.2 PASS
search n0 native_plp 151.8 FAIL
refine n0 native_plp 126.5 FAIL
refine n0 native_plp 113.8 PASS
refine n0 native_plp 120.2 PASS
refine n0 native_plp 123.3 PASS
Q* n0 native_plp = 123.3 (first fail 126.5)
search native native_plp 20 PASS
search native native_plp 30.0 PASS
search native native_plp 45.0 PASS
search native native_plp 67.5 PASS
search native native_plp 101.2 PASS
search native native_plp 151.8 FAIL
refine native native_plp 126.5 PASS
refine native native_plp 139.2 FAIL
refine native native_plp 132.8 FAIL
Q* native native_plp = 126.5 (first fail 132.8)
search native native_plp 20 PASS
search native native_plp 30.0 PASS
search native native_plp 45.0 PASS
search native native_plp 67.5 PASS
search native native_plp 101.2 PASS
search native native_plp 151.8 PASS
search native native_plp 227.7 PASS
search native native_plp 341.5 FAIL
refine native native_plp 284.6 FAIL
refine native native_plp 256.1 PASS
refine native native_plp 270.4 PASS
refine native native_plp 277.5 PASS
Q* native native_plp = 277.5 (first fail 284.6)
search native native_plp 20 PASS
search native native_plp 30.0 PASS
search native native_plp 45.0 PASS
search native native_plp 67.5 PASS
search native native_plp 101.2 PASS
search native native_plp 151.8 PASS
search native native_plp 227.7 PASS
search native native_plp 341.5 PASS
search native native_plp 512.2 FAIL
refine native native_plp 426.9 FAIL
refine native native_plp 384.2 PASS
refine native native_plp 405.5 PASS
refine native native_plp 416.2 PASS
Q* native native_plp = 416.2 (first fail 426.9)
=== 2026-09-30T05:45:58Z phase scaling done ===
