=== 2026-09-30T03:21:27Z provision solr (fresh index) for b0 ===
search b0 structural 20 FAIL
down b0 structural 13.3 FAIL
down b0 structural 8.9 FAIL
down b0 structural 5.9 PASS
refine b0 structural 7.4 FAIL
refine b0 structural 6.7 FAIL
refine b0 structural 6.3 FAIL
refine b0 structural 6.1 FAIL
Q* b0 structural = 5.9 (first fail 6.1)
=== 2026-09-30T03:38:26Z provision solr (fresh index) for h1 ===
search h1 structural 20 PASS
search h1 structural 30.0 PASS
search h1 structural 45.0 PASS
search h1 structural 67.5 PASS
search h1 structural 101.2 PASS
search h1 structural 151.8 PASS
search h1 structural 227.7 PASS
search h1 structural 341.5 PASS
search h1 structural 512.2 FAIL
refine h1 structural 426.9 PASS
refine h1 structural 469.6 FAIL
refine h1 structural 448.2 PASS
Q* h1 structural = 448.2 (first fail 469.6)
=== 2026-09-30T04:02:09Z provision solr (fresh index) for b0 ===
search b0 lexical 20 PASS
search b0 lexical 30.0 PASS
search b0 lexical 45.0 FAIL
refine b0 lexical 37.5 PASS
refine b0 lexical 41.2 PASS
refine b0 lexical 43.1 PASS
Q* b0 lexical = 43.1 (first fail 45.0)
=== 2026-09-30T04:16:15Z provision solr (fresh index) for h1 ===
search h1 lexical 20 PASS
search h1 lexical 30.0 PASS
search h1 lexical 45.0 PASS
search h1 lexical 67.5 PASS
search h1 lexical 101.2 PASS
search h1 lexical 151.8 PASS
search h1 lexical 227.7 PASS
search h1 lexical 341.5 FAIL
refine h1 lexical 284.6 PASS
refine h1 lexical 313.1 PASS
refine h1 lexical 327.3 PASS
Q* h1 lexical = 327.3 (first fail 341.5)
=== 2026-09-30T04:37:36Z phase warmsens done ===
