=== P8-E00: partially-correlated burst on the native path (H16, Issue #21 Phase 8 Regime B) ===
  burst group (10 tenants, ranks 46-55): ["Napkin Rings, Place Card Holders & Food Markers", "Novelty Lighting", "Partition & Panel Hardware Accessories", "Physical Education Equipment", "Sandboxes & Sand Toys", "Serving Dishes & Platters", "Slicers, Peelers And Graters", "Slow Cookers", "Table Accessories", "Water Filter Pitchers"]
  bystander (rank 10, NOT in burst group): "Baby & Kids", weight=0.1000
  burst multiplier: 10x

--- run 1/3 ---
  STEADY: bystander n=1446   p50= 1.1462ms p99= 1.5411ms | burst_group rps=   48.3 | aggregate rps= 1107.7
  BURST:  bystander n=1441   p50= 1.1263ms p99= 1.5591ms | burst_group rps=  486.9 | aggregate rps= 1557.9
  bystander p50_ratio(burst/steady)=0.98x p99_ratio(burst/steady)=1.01x | burst_group's own rps grew 10.08x

--- run 2/3 ---
  STEADY: bystander n=1434   p50= 1.1229ms p99= 1.5854ms | burst_group rps=   46.3 | aggregate rps= 1104.5
  BURST:  bystander n=1523   p50= 1.0956ms p99= 1.5075ms | burst_group rps=  490.0 | aggregate rps= 1567.0
  bystander p50_ratio(burst/steady)=0.98x p99_ratio(burst/steady)=0.95x | burst_group's own rps grew 10.58x

--- run 3/3 ---
  STEADY: bystander n=1444   p50= 1.1216ms p99= 1.4901ms | burst_group rps=   48.9 | aggregate rps= 1112.2
  BURST:  bystander n=1482   p50= 1.1365ms p99= 1.5331ms | burst_group rps=  479.0 | aggregate rps= 1532.5
  bystander p50_ratio(burst/steady)=1.01x p99_ratio(burst/steady)=1.03x | burst_group's own rps grew 9.80x

H16 verdict across 3 runs (bystander p99 ratio, burst vs. steady):
  run 1: 1.01x
  run 2: 0.95x
  run 3: 1.03x
  H16 verdict: CONFIRMED -- the bystander tenant's own p99 stays within the 2x material-regression bar through a correlated 10x burst affecting 10 other tenants; the steady-state isolation properties (H2/H4/H10/H11) extend to this correlated-burst regime

artifacts written to docs/research/artifacts/p8_e00_partial_burst_run1
