loading + ingesting real catalog...
1215854 real products ingested
building commerce_core structural index...
building Tantivy index...
Tantivy index built in 17.9s
checking Solr (http://localhost:8983/solr/commerce_bench)...
  Solr reachable: numFound=1215854
loading real queries + judgments...
22458 distinct real judged queries loaded
  [manifest] experiment=p1d_physical_advantage method=commerce_native_vs_tantivy_vs_solr commit=7b96a29aa289 dirty=false host=vm cpus=4 os=linux seed=7 warmup=5 reps=30
  [manifest] dataset=dataset_cache/export/catalog.jsonl (size=1520400382b_mtime=1787114566)  query_set=dataset_cache/export/queries.jsonl (size=41184952b_mtime=1787114572)
  [manifest] config={"correctness_sample_per_class":200,"latency_reps_per_method":30,"latency_sample_per_class":20,"min_enum_frequency":25,"selectivity_threshold":0.05,"solr_available":true,"solr_base_url":"http://localhost:8983/solr/commerce_bench"}
  [manifest] commerce-native structural index RSS: 5383.8 MB
  [manifest] combined (structural + Tantivy) process RSS: 6048.2 MB
  [manifest] Solr process RSS (pid 3772): 1102.4 MB

=== class=structural_exact_entity === 153 real queries in class, sampling 153 for correctness
  outcome distribution (commerce-native): {"FastPath": 153}
    commerce_native      n=153   NDCG@10=0.1607 Recall@10=0.0996 MRR=0.1532 zero_result=0/153 (0.0%) avg_candidates=1215854
    tantivy_standalone   n=153   NDCG@10=0.2161 Recall@10=0.1118 MRR=0.3329 zero_result=0/153 (0.0%) avg_candidates=40783
    solr                 n=153   NDCG@10=0.2346 Recall@10=0.1243 MRR=0.3610 zero_result=0/153 (0.0%) avg_candidates=144 avg_server_qtime=0.97ms
  --- latency, 30 reps/method, n_queries=20 ---
  commerce_native: n=30 mean=0.0172ms sd=0.0089ms | p10=0.0078 p25=0.0127 p50=0.0151 p75=0.0183 p90=0.0279 p95=0.0299 p99=0.0436 | min=0.0052 max=0.0491ms
  tantivy_standalone: n=30 mean=1.2198ms sd=3.0610ms | p10=0.0880 p25=0.1066 p50=0.1816 p75=0.4920 p90=1.8189 p95=7.6049 p99=12.3681 | min=0.0694 max=12.4754ms
  solr: n=30 mean=1.4989ms sd=0.6207ms | p10=0.9853 p25=1.0932 p50=1.3684 p75=1.6498 p90=2.0656 p95=2.7399 p99=3.4199 | min=0.8062 max=3.4741ms
  bootstrap CI (commerce_native - tantivy_standalone), ms: diff=-1.2026 ci=[-2.3857, -0.3203] excludes_zero=true
  bootstrap CI (commerce_native - solr), ms: diff=-1.4817 ci=[-1.7078, -1.2839] excludes_zero=true

=== class=selective_multi_attribute_structural === n=0 (no real queries classified into this class)

=== class=variant_scoped_structural === 30 real queries in class, sampling 30 for correctness
  outcome distribution (commerce-native): {"FastPath": 30}
    commerce_native      n=30    NDCG@10=0.0144 Recall@10=0.0048 MRR=0.0381 zero_result=20/30 (66.7%) avg_candidates=1215854
    tantivy_standalone   n=30    NDCG@10=0.1893 Recall@10=0.1053 MRR=0.3046 zero_result=0/30 (0.0%) avg_candidates=162322
    solr                 n=30    NDCG@10=0.0349 Recall@10=0.0160 MRR=0.0722 zero_result=17/30 (56.7%) avg_candidates=27 avg_server_qtime=0.83ms
  --- latency, 30 reps/method, n_queries=20 ---
  commerce_native: n=30 mean=0.0148ms sd=0.0049ms | p10=0.0102 p25=0.0114 p50=0.0140 p75=0.0181 p90=0.0212 p95=0.0234 p99=0.0243 | min=0.0042 max=0.0245ms
  tantivy_standalone: n=30 mean=1.2524ms sd=1.5955ms | p10=0.1822 p25=0.2463 p50=0.7195 p75=0.9600 p90=3.8713 p95=4.8553 p99=5.8105 | min=0.1325 max=5.8783ms
  solr: n=30 mean=1.5590ms sd=0.2768ms | p10=1.2663 p25=1.3619 p50=1.5525 p75=1.7596 p90=1.9115 p95=1.9893 p99=2.1852 | min=1.0762 max=2.2395ms
  bootstrap CI (commerce_native - tantivy_standalone), ms: diff=-1.2377 ci=[-1.8453, -0.7439] excludes_zero=true
  bootstrap CI (commerce_native - solr), ms: diff=-1.5442 ci=[-1.6474, -1.4490] excludes_zero=true

=== class=range_plus_structural === 2 real queries in class, sampling 2 for correctness
  outcome distribution (commerce-native): {"FastPath": 2}
    commerce_native      n=2     NDCG@10=0.0000 Recall@10=0.0000 MRR=0.0000 zero_result=0/2 (0.0%) avg_candidates=1215854
    tantivy_standalone   n=2     NDCG@10=0.0000 Recall@10=0.0000 MRR=0.0000 zero_result=0/2 (0.0%) avg_candidates=296298
    solr                 n=2     NDCG@10=0.0000 Recall@10=0.0000 MRR=0.0000 zero_result=0/2 (0.0%) avg_candidates=213812 avg_server_qtime=8.00ms
  --- latency, 30 reps/method, n_queries=2 ---
  commerce_native: n=30 mean=30.2735ms sd=1.2531ms | p10=29.2414 p25=29.6220 p50=29.8737 p75=30.5197 p90=31.8982 p95=32.6313 p99=34.3155 | min=28.8339 max=34.7832ms
  tantivy_standalone: n=30 mean=3.1260ms sd=0.6762ms | p10=2.4338 p25=2.4834 p50=3.0996 p75=3.6989 p90=3.8078 p95=3.9176 p99=4.3780 | min=2.2169 max=4.5636ms
  solr: n=30 mean=1.6597ms sd=0.3859ms | p10=1.0423 p25=1.3042 p50=1.7968 p75=1.9335 p90=2.0578 p95=2.0897 p99=2.1862 | min=0.9094 max=2.2201ms
  bootstrap CI (commerce_native - tantivy_standalone), ms: diff=27.1476 ci=[26.6592, 27.6842] excludes_zero=true
  bootstrap CI (commerce_native - solr), ms: diff=28.6139 ci=[28.1909, 29.1193] excludes_zero=true

=== class=structural_plus_lexical_residual === 3253 real queries in class, sampling 200 for correctness
  outcome distribution (commerce-native): {"Hybrid": 198, "Punt": 2}
    commerce_native      n=200   NDCG@10=0.0823 Recall@10=0.0481 MRR=0.1287 zero_result=61/200 (30.5%) avg_candidates=12722
    tantivy_standalone   n=200   NDCG@10=0.2545 Recall@10=0.1430 MRR=0.4307 zero_result=0/200 (0.0%) avg_candidates=443335
    solr                 n=200   NDCG@10=0.0749 Recall@10=0.0432 MRR=0.1246 zero_result=60/200 (30.0%) avg_candidates=519 avg_server_qtime=1.77ms
  --- latency, 30 reps/method, n_queries=20 ---
  commerce_native: n=30 mean=11.7155ms sd=11.8295ms | p10=0.4079 p25=3.5636 p50=7.2446 p75=12.9629 p90=29.6006 p95=34.0315 p99=37.2082 | min=0.2643 max=37.2675ms
  tantivy_standalone: n=30 mean=16.5900ms sd=14.2894ms | p10=3.1804 p25=4.3537 p50=13.1463 p75=27.9554 p90=34.7204 p95=43.2164 p99=49.0929 | min=2.0767 max=49.2033ms
  solr: n=30 mean=3.9973ms sd=7.3757ms | p10=1.4899 p25=1.8172 p50=2.0785 p75=3.0902 p90=3.6534 p95=10.0538 p99=33.3651 | min=1.0031 max=40.8055ms
  bootstrap CI (commerce_native - tantivy_standalone), ms: diff=-4.8745 ci=[-11.3385, 1.7302] excludes_zero=false
  bootstrap CI (commerce_native - solr), ms: diff=7.7182 ci=[2.7360, 12.5275] excludes_zero=true

=== class=structural_plus_semantic_residual === 57 real queries in class, sampling 57 for correctness
  outcome distribution (commerce-native): {"Hybrid": 53, "Punt": 4}
    commerce_native      n=57    NDCG@10=0.1142 Recall@10=0.0681 MRR=0.2149 zero_result=12/57 (21.1%) avg_candidates=85586
    tantivy_standalone   n=57    NDCG@10=0.1927 Recall@10=0.1143 MRR=0.3514 zero_result=0/57 (0.0%) avg_candidates=377301
    solr                 n=57    NDCG@10=0.1139 Recall@10=0.0702 MRR=0.2101 zero_result=12/57 (21.1%) avg_candidates=6268 avg_server_qtime=1.21ms
  --- latency, 30 reps/method, n_queries=20 ---
  commerce_native: n=30 mean=6.2929ms sd=4.9303ms | p10=0.4494 p25=2.5670 p50=4.5578 p75=11.2134 p90=13.7296 p95=14.4277 p99=14.5338 | min=0.3505 max=14.5750ms
  tantivy_standalone: n=30 mean=6.7445ms sd=9.4931ms | p10=1.1587 p25=1.2975 p50=1.9188 p75=8.4394 p90=12.9079 p95=27.4092 p99=38.4849 | min=0.9697 max=38.8549ms
  solr: n=30 mean=1.6598ms sd=0.3946ms | p10=1.0933 p25=1.4612 p50=1.6935 p75=1.9691 p90=2.0715 p95=2.2117 p99=2.3251 | min=0.8748 max=2.3324ms
  bootstrap CI (commerce_native - tantivy_standalone), ms: diff=-0.4516 ci=[-4.4021, 3.0922] excludes_zero=false
  bootstrap CI (commerce_native - solr), ms: diff=4.6331 ci=[2.8981, 6.3823] excludes_zero=true

=== class=lexical_first === 8274 real queries in class, sampling 200 for correctness
  outcome distribution (commerce-native): {"Punt": 200}
    commerce_native      n=200   NDCG@10=0.2761 Recall@10=0.1544 MRR=0.4437 zero_result=2/200 (1.0%) avg_candidates=1215854
    tantivy_standalone   n=200   NDCG@10=0.2765 Recall@10=0.1551 MRR=0.4442 zero_result=2/200 (1.0%) avg_candidates=150641
    solr                 n=200   NDCG@10=0.2765 Recall@10=0.1534 MRR=0.4429 zero_result=1/200 (0.5%) avg_candidates=113471 avg_server_qtime=0.37ms
  --- latency, 30 reps/method, n_queries=20 ---
  commerce_native: n=30 mean=5.9273ms sd=7.3546ms | p10=0.7592 p25=1.6440 p50=3.4529 p75=6.7403 p90=10.2948 p95=26.2645 p99=26.7763 | min=0.2271 max=26.8048ms
  tantivy_standalone: n=30 mean=11.8655ms sd=14.2563ms | p10=0.8249 p25=3.6039 p50=9.5995 p75=11.1894 p90=23.5428 p95=43.3588 p99=58.0911 | min=0.3372 max=64.0140ms
  solr: n=30 mean=1.9544ms sd=1.4208ms | p10=1.1701 p25=1.5751 p50=1.7868 p75=1.9334 p90=2.0528 p95=2.2117 p99=7.2698 | min=0.9697 max=9.2844ms
  bootstrap CI (commerce_native - tantivy_standalone), ms: diff=-5.9382 ci=[-12.0077, -0.7155] excludes_zero=true
  bootstrap CI (commerce_native - solr), ms: diff=3.9730 ci=[1.5622, 6.8608] excludes_zero=true

=== class=ambiguous_punt === 5005 real queries in class, sampling 200 for correctness
  outcome distribution (commerce-native): {"FastPath": 1, "Hybrid": 59, "Punt": 140}
    commerce_native      n=200   NDCG@10=0.1296 Recall@10=0.0708 MRR=0.2294 zero_result=11/200 (5.5%) avg_candidates=857222
    tantivy_standalone   n=200   NDCG@10=0.2410 Recall@10=0.1295 MRR=0.4547 zero_result=0/200 (0.0%) avg_candidates=425820
    solr                 n=200   NDCG@10=0.1276 Recall@10=0.0686 MRR=0.2295 zero_result=10/200 (5.0%) avg_candidates=111836 avg_server_qtime=0.45ms
  --- latency, 30 reps/method, n_queries=20 ---
  commerce_native: n=30 mean=6.3470ms sd=4.8224ms | p10=2.0600 p25=3.1548 p50=4.0620 p75=8.9943 p90=14.8909 p95=15.3651 p99=17.2373 | min=0.7055 max=17.9477ms
  tantivy_standalone: n=30 mean=17.3573ms sd=8.9933ms | p10=6.3678 p25=8.5095 p50=18.3170 p75=21.0272 p90=28.4704 p95=31.2329 p99=37.3345 | min=4.6782 max=38.9277ms
  solr: n=30 mean=1.8773ms sd=0.7771ms | p10=1.1274 p25=1.5783 p50=1.7522 p75=1.9431 p90=2.2081 p95=3.7225 p99=4.3679 | min=0.9527 max=4.4376ms
  bootstrap CI (commerce_native - tantivy_standalone), ms: diff=-11.0103 ci=[-14.5524, -7.3761] excludes_zero=true
  bootstrap CI (commerce_native - solr), ms: diff=4.4697 ci=[2.8553, 6.2552] excludes_zero=true

=== class=long_tail_noisy === 5684 real queries in class, sampling 200 for correctness
  outcome distribution (commerce-native): {"Hybrid": 44, "Punt": 156}
    commerce_native      n=200   NDCG@10=0.1706 Recall@10=0.0991 MRR=0.3148 zero_result=9/200 (4.5%) avg_candidates=948440
    tantivy_standalone   n=200   NDCG@10=0.2329 Recall@10=0.1297 MRR=0.4393 zero_result=3/200 (1.5%) avg_candidates=377356
    solr                 n=200   NDCG@10=0.1730 Recall@10=0.1011 MRR=0.3156 zero_result=5/200 (2.5%) avg_candidates=191886 avg_server_qtime=6.50ms
  --- latency, 30 reps/method, n_queries=20 ---
  commerce_native: n=30 mean=3.3337ms sd=2.3643ms | p10=0.9296 p25=1.2599 p50=2.4875 p75=4.6933 p90=6.7398 p95=7.6784 p99=8.2727 | min=0.3275 max=8.4408ms
  tantivy_standalone: n=30 mean=4.5398ms sd=3.2350ms | p10=0.4523 p25=2.4711 p50=3.7304 p75=6.5119 p90=9.1014 p95=10.2224 p99=11.4714 | min=0.3975 max=11.6137ms
  solr: n=30 mean=1.2294ms sd=0.2321ms | p10=0.9704 p25=1.0341 p50=1.2367 p75=1.4074 p90=1.5595 p95=1.5976 p99=1.6136 | min=0.8178 max=1.6168ms
  bootstrap CI (commerce_native - tantivy_standalone), ms: diff=-1.2061 ci=[-2.5875, 0.2291] excludes_zero=false
  bootstrap CI (commerce_native - solr), ms: diff=2.1043 ci=[1.3026, 2.9775] excludes_zero=true

=== traffic-weighted aggregate (across all classified+sampled real queries) ===
  commerce_native      n=1042 weighted NDCG@10=0.1567
  tantivy_standalone   n=1042 weighted NDCG@10=0.2406
  solr                 n=1042 weighted NDCG@10=0.1668
  commerce_native (all classes pooled): n=240 mean=7.9902ms sd=10.6852ms | p10=0.0134 p25=0.1826 p50=3.4064 p75=9.5983 p90=29.6334 p95=30.3270 p99=34.1542 | min=0.0042 max=37.2675ms
  tantivy_standalone (all classes pooled): n=240 mean=7.8369ms sd=10.5464ms | p10=0.2167 p25=1.1527 p50=3.6691 p75=10.2045 p90=21.1309 p95=29.2170 p99=46.7819 | min=0.0694 max=64.0140ms
  solr (all classes pooled): n=240 mean=1.9295ms sd=2.7706ms | p10=1.0486 p25=1.2872 p50=1.6231 p75=1.9347 p90=2.1057 p95=3.1445 p99=7.3941 | min=0.8062 max=40.8055ms

artifacts written to dataset_cache/p1d_artifacts
