=== P6B-E00 scale-ladder tier 2x ===
loading catalog from dataset_cache/wands_scale/catalog_2x.jsonl...
85988 products loaded
building commerce_core structural index...
index build: 1362.5 ms, approx_size=15413890 bytes (179.3 bytes/product), rss Some(2516) -> Some(364068) kb
checking Solr (http://localhost:8983/solr/wands_bench_2x)...
  Solr reachable: numFound=85988

running depth-1 color-facet crossover sweep at tier 2x...
  Rugs: n=4004 (solr n=4004)
  Storage & Organization: n=4350 (solr n=4350)
  Lighting: n=4144 (solr n=4144)
  Outdoor: n=6788 (solr n=6788)
  Décor & Pillows: n=9224 (solr n=9224)
  Home Improvement: n=9372 (solr n=9372)
  Furniture: n=32078 (solr n=32078)

running average_rating numeric-range filter at tier 2x...

=== P6B-E00 tier 2x result ===
tier       class                                      key                           n_count    s_count   match  n_mean_ms  s_mean_ms    speedup
2x         color_facet_under_depth1_crossover_sweep   Rugs                             4004       4004    true     2.7112     1.3995       0.52
2x         color_facet_under_depth1_crossover_sweep   Storage & Organization           4350       4350    true     3.7346     1.3964       0.37
2x         color_facet_under_depth1_crossover_sweep   Lighting                         4144       4144    true     2.6962     1.3428       0.50
2x         color_facet_under_depth1_crossover_sweep   Outdoor                          6788       6788    true     7.4264     1.5195       0.20
2x         color_facet_under_depth1_crossover_sweep   Décor & Pillows                  9224       9224    true    13.2896     1.5744       0.12
2x         color_facet_under_depth1_crossover_sweep   Home Improvement                 9372       9372    true    11.7156     1.4524       0.12
2x         color_facet_under_depth1_crossover_sweep   Furniture                       32078      32078    true    39.3169     1.7954       0.05
2x         numeric_range_average_rating_gte           4                               63934      63934    true     0.5565     0.8712       1.57
2x         numeric_range_average_rating_gte           4.5                             56798      56798    true     0.4738     0.7294       1.54
2x         mixed_depth1_and_rating_filter             Furniture+rating>=4             22860      22860    true     0.5690     0.8073       1.42

correctness: 10/10 rows had matching native/Solr counts (ALL MATCH)

appended 10 rows to docs/research/artifacts/p6b_e00_scale_ladder_run1/noise_check/2x_run3.csv
