=== P6B-E00 scale-ladder tier 5x ===
loading catalog from dataset_cache/wands_scale/catalog_5x.jsonl...
214970 products loaded
building commerce_core structural index...
index build: 3232.3 ms, approx_size=37129734 bytes (172.7 bytes/product), rss Some(2468) -> Some(872312) kb
checking Solr (http://localhost:8983/solr/wands_bench_5x)...
  Solr reachable: numFound=214970

running depth-1 color-facet crossover sweep at tier 5x...
  Rugs: n=10010 (solr n=10010)
  Storage & Organization: n=10875 (solr n=10875)
  Lighting: n=10360 (solr n=10360)
  Outdoor: n=16970 (solr n=16970)
  Décor & Pillows: n=23060 (solr n=23060)
  Home Improvement: n=23430 (solr n=23430)
  Furniture: n=80195 (solr n=80195)

running average_rating numeric-range filter at tier 5x...

=== P6B-E00 tier 5x result ===
tier       class                                      key                           n_count    s_count   match  n_mean_ms  s_mean_ms    speedup
5x         color_facet_under_depth1_crossover_sweep   Rugs                            10010      10010    true    11.4428     1.4795       0.13
5x         color_facet_under_depth1_crossover_sweep   Storage & Organization          10875      10875    true    16.7684     1.5461       0.09
5x         color_facet_under_depth1_crossover_sweep   Lighting                        10360      10360    true    14.7331     1.4320       0.10
5x         color_facet_under_depth1_crossover_sweep   Outdoor                         16970      16970    true    26.8757     1.6988       0.06
5x         color_facet_under_depth1_crossover_sweep   Décor & Pillows                 23060      23060    true    36.5861     1.8780       0.05
5x         color_facet_under_depth1_crossover_sweep   Home Improvement                23430      23430    true    32.0507     1.6776       0.05
5x         color_facet_under_depth1_crossover_sweep   Furniture                       80195      80195    true    83.3019     3.1394       0.04
5x         numeric_range_average_rating_gte           4                              159835     159835    true     1.1379     0.6190       0.54
5x         numeric_range_average_rating_gte           4.5                            141995     141995    true     0.9960     0.7050       0.71
5x         mixed_depth1_and_rating_filter             Furniture+rating>=4             57150      57150    true     1.1278     0.7238       0.64

correctness: 10/10 rows had matching native/Solr counts (ALL MATCH)

appended 10 rows to docs/research/artifacts/p6b_e00_scale_ladder_run1/noise_check/5x_run4.csv
