=== P6B-E00 scale-ladder tier 5x ===
loading catalog from dataset_cache/wands_scale/catalog_5x.jsonl...
214970 products loaded
building commerce_core structural index...
index build: 3273.9 ms, approx_size=37129734 bytes (172.7 bytes/product), rss Some(2520) -> Some(872492) kb
checking Solr (http://localhost:8983/solr/wands_bench_5x)...
  Solr reachable: numFound=214970

running depth-1 color-facet crossover sweep at tier 5x...
  Rugs: n=10010 (solr n=10010)
  Storage & Organization: n=10875 (solr n=10875)
  Lighting: n=10360 (solr n=10360)
  Outdoor: n=16970 (solr n=16970)
  Décor & Pillows: n=23060 (solr n=23060)
  Home Improvement: n=23430 (solr n=23430)
  Furniture: n=80195 (solr n=80195)

running average_rating numeric-range filter at tier 5x...

=== P6B-E00 tier 5x result ===
tier       class                                      key                           n_count    s_count   match  n_mean_ms  s_mean_ms    speedup
5x         color_facet_under_depth1_crossover_sweep   Rugs                            10010      10010    true    12.0069     1.5374       0.13
5x         color_facet_under_depth1_crossover_sweep   Storage & Organization          10875      10875    true    14.4722     1.5135       0.10
5x         color_facet_under_depth1_crossover_sweep   Lighting                        10360      10360    true    11.8838     1.7179       0.14
5x         color_facet_under_depth1_crossover_sweep   Outdoor                         16970      16970    true    27.4278     1.6296       0.06
5x         color_facet_under_depth1_crossover_sweep   Décor & Pillows                 23060      23060    true    36.0127     1.9143       0.05
5x         color_facet_under_depth1_crossover_sweep   Home Improvement                23430      23430    true    32.2753     1.6526       0.05
5x         color_facet_under_depth1_crossover_sweep   Furniture                       80195      80195    true    96.6005     2.7063       0.03
5x         numeric_range_average_rating_gte           4                              159835     159835    true     1.1633     0.8025       0.69
5x         numeric_range_average_rating_gte           4.5                            141995     141995    true     1.0352     0.7435       0.72
5x         mixed_depth1_and_rating_filter             Furniture+rating>=4             57150      57150    true     1.1459     0.7115       0.62

correctness: 10/10 rows had matching native/Solr counts (ALL MATCH)

appended 10 rows to docs/research/artifacts/p6b_e00_scale_ladder_run1/noise_check/5x_run3.csv
